<?xml version="1.0" encoding="utf-8"?><testsuites name="pytest tests"><testsuite name="pytest" errors="13" failures="8" skipped="0" tests="1558" time="288.959" timestamp="2026-02-10T01:00:11.398757+08:00" hostname="rick137"><testcase classname="test.test_Analysis.test_image_reconstruction.TestMultiBandImageReconstruction" name="test_band_setup" file="test/test_Analysis/test_image_reconstruction.py" line="134" time="0.050" /><testcase classname="test.test_Analysis.test_image_reconstruction.TestMultiBandImageReconstruction" name="test_bands_compute" file="test/test_Analysis/test_image_reconstruction.py" line="158" time="0.032" /><testcase classname="test.test_Analysis.test_image_reconstruction.TestMultiBandImageReconstruction" name="test_not_verbose" file="test/test_Analysis/test_image_reconstruction.py" line="173" time="0.023" /><testcase classname="test.test_Analysis.test_image_reconstruction.TestMultiBandImageReconstruction" name="test_check_solver_error" file="test/test_Analysis/test_image_reconstruction.py" line="179" time="0.007" /><testcase classname="test.test_Analysis.test_image_reconstruction.TestMultiBandImageReconstruction" name="test_point_source_residuals" file="test/test_Analysis/test_image_reconstruction.py" line="186" time="0.031" /><testcase classname="test.test_Analysis.test_image_reconstruction.TestRaises" name="test_no_band" file="test/test_Analysis/test_image_reconstruction.py" line="201" time="0.001" /><testcase classname="test.test_Analysis.test_kinematics_api.TestKinematicsAPI" name="test_velocity_dispersion" file="test/test_Analysis/test_kinematics_api.py" line="16" time="0.747" /><testcase classname="test.test_Analysis.test_kinematics_api.TestKinematicsAPI" name="test_galkin_settings" file="test/test_Analysis/test_kinematics_api.py" line="170" time="0.097" /><testcase classname="test.test_Analysis.test_kinematics_api.TestKinematicsAPI" name="test_kinematic_light_profile" file="test/test_Analysis/test_kinematics_api.py" line="252" time="0.013" /><testcase classname="test.test_Analysis.test_kinematics_api.TestKinematicsAPI" name="test_kinematic_lens_profiles" file="test/test_Analysis/test_kinematics_api.py" line="306" time="0.003" /><testcase classname="test.test_Analysis.test_kinematics_api.TestKinematicsAPI" name="test_model_dispersion" file="test/test_Analysis/test_kinematics_api.py" line="345" time="2.354" /><testcase classname="test.test_Analysis.test_kinematics_api.TestKinematicsAPI" name="test_velocity_dispersion_map_direct_convolved_against_jampy" file="test/test_Analysis/test_kinematics_api.py" line="435" time="2.620" /><testcase classname="test.test_Analysis.test_kinematics_api.TestKinematicsAPI" name="test_velocity_dispersion_map" file="test/test_Analysis/test_kinematics_api.py" line="866" time="1.444" /><testcase classname="test.test_Analysis.test_kinematics_api.TestKinematicsAPI" name="test_interpolated_sersic" file="test/test_Analysis/test_kinematics_api.py" line="981" time="8.531" /><testcase classname="test.test_Analysis.test_kinematics_api.TestKinematicsAPI" name="test_copy_centers" file="test/test_Analysis/test_kinematics_api.py" line="1082" time="0.001" /><testcase classname="test.test_Analysis.test_kinematics_api.TestRaise" name="test_dispersion_map_grid_convolved_numeric_vs_analytical" file="test/test_Analysis/test_kinematics_api.py" line="1253" time="1.677" /><testcase classname="test.test_Analysis.test_kinematics_api.TestRaise" name="test_raise" file="test/test_Analysis/test_kinematics_api.py" line="1125" time="0.004" /><testcase classname="test.test_Analysis.test_lens_profile.TestLensProfileAnalysis" name="test_profile_slope" file="test/test_Analysis/test_lens_profile.py" line="15" time="0.002" /><testcase classname="test.test_Analysis.test_lens_profile.TestLensProfileAnalysis" name="test_effective_einstein_radius_grid" file="test/test_Analysis/test_lens_profile.py" line="60" time="0.445" /><testcase classname="test.test_Analysis.test_lens_profile.TestLensProfileAnalysis" name="test_effective_einstein_radius" file="test/test_Analysis/test_lens_profile.py" line="131" time="0.001" /><testcase classname="test.test_Analysis.test_lens_profile.TestLensProfileAnalysis" name="test_external_lensing_effect" file="test/test_Analysis/test_lens_profile.py" line="144" time="0.001" /><testcase classname="test.test_Analysis.test_lens_profile.TestLensProfileAnalysis" name="test_multi_gaussian_lens" file="test/test_Analysis/test_lens_profile.py" line="158" time="0.033" /><testcase classname="test.test_Analysis.test_lens_profile.TestLensProfileAnalysis" name="test_mass_fraction_within_radius" file="test/test_Analysis/test_lens_profile.py" line="188" time="0.001" /><testcase classname="test.test_Analysis.test_lens_profile.TestLensProfileAnalysis" name="test_lens_center" file="test/test_Analysis/test_lens_profile.py" line="199" time="0.001" /><testcase classname="test.test_Analysis.test_lens_profile.TestLensProfileAnalysis" name="test_mst_invariant_differential" file="test/test_Analysis/test_lens_profile.py" line="208" time="0.048" /><testcase classname="test.test_Analysis.test_lens_profile.TestLensProfileAnalysis" name="test_m_delta_crit" file="test/test_Analysis/test_lens_profile.py" line="265" time="0.009" /><testcase classname="test.test_Analysis.test_lens_profile.TestRaise" name="test_raise" file="test/test_Analysis/test_lens_profile.py" line="321" time="0.001" /><testcase classname="test.test_Analysis.test_light2mass.TestLight2Mass" name="test_light2mass_conversion" file="test/test_Analysis/test_light2mass.py" line="11" time="0.279" /><testcase classname="test.test_Analysis.test_light_profile.TestLightAnalysis" name="test_ellipticity" file="test/test_Analysis/test_light_profile.py" line="16" time="0.180" /><testcase classname="test.test_Analysis.test_light_profile.TestLightAnalysis" name="test_half_light_radius" file="test/test_Analysis/test_light_profile.py" line="132" time="0.076" /><testcase classname="test.test_Analysis.test_light_profile.TestLightAnalysis" name="test_radial_profile" file="test/test_Analysis/test_light_profile.py" line="174" time="0.004" /><testcase classname="test.test_Analysis.test_light_profile.TestLightAnalysis" name="test_multi_gaussian_decomposition" file="test/test_Analysis/test_light_profile.py" line="200" time="0.082" /><testcase classname="test.test_Analysis.test_light_profile.TestLightAnalysis" name="test_multi_gaussian_decomposition_ellipse" file="test/test_Analysis/test_light_profile.py" line="270" time="0.083" /><testcase classname="test.test_Analysis.test_light_profile.TestLightAnalysis" name="test_flux_components" file="test/test_Analysis/test_light_profile.py" line="320" time="0.075" /><testcase classname="test.test_Analysis.test_light_profile.TestRaise" name="test_raise" file="test/test_Analysis/test_light_profile.py" line="459" time="0.001" /><testcase classname="test.test_Analysis.test_multi_patch_reconstruction.TestMultiPatchReconstruction" name="test_pixel_grid" file="test/test_Analysis/test_multi_patch_reconstruction.py" line="181" time="0.031" /><testcase classname="test.test_Analysis.test_multi_patch_reconstruction.TestMultiPatchReconstruction" name="test_image_joint" file="test/test_Analysis/test_multi_patch_reconstruction.py" line="187" time="0.031" /><testcase classname="test.test_Analysis.test_multi_patch_reconstruction.TestMultiPatchReconstruction" name="test_lens_model_joint" file="test/test_Analysis/test_multi_patch_reconstruction.py" line="216" time="0.044" /><testcase classname="test.test_Analysis.test_multi_patch_reconstruction.TestMultiPatchReconstruction" name="test_source" file="test/test_Analysis/test_multi_patch_reconstruction.py" line="245" time="0.031" /><testcase classname="test.test_Analysis.test_multi_patch_reconstruction.TestMultiPatchReconstruction" name="test__update_frame_size" file="test/test_Analysis/test_multi_patch_reconstruction.py" line="256" time="0.028" /><testcase classname="test.test_Analysis.test_multi_patch_reconstruction.TestRaise" name="test_raise" file="test/test_Analysis/test_multi_patch_reconstruction.py" line="262" time="0.001" /><testcase classname="test.test_Analysis.test_td_cosmography.TestTDCosmography" name="test_time_delays" file="test/test_Analysis/test_td_cosmography.py" line="65" time="0.005" /><testcase classname="test.test_Analysis.test_td_cosmography.TestTDCosmography" name="test_fermat_potential" file="test/test_Analysis/test_td_cosmography.py" line="70" time="0.005" /><testcase classname="test.test_Analysis.test_td_cosmography.TestTDCosmography" name="test_cosmo_inference" file="test/test_Analysis/test_td_cosmography.py" line="86" time="1.992" /><testcase classname="test.test_Conf.test_config_loader" name="test_numba_conf" file="test/test_Conf/test_config_loader.py" line="4" time="0.004" /><testcase classname="test.test_Conf.test_config_loader" name="test_conventions_conf" file="test/test_Conf/test_config_loader.py" line="14" time="0.002" /><testcase classname="test.test_Cosmo.test_background.TestCosmoProp" name="test_scale_factor" file="test/test_Cosmo/test_background.py" line="15" time="0.001" /><testcase classname="test.test_Cosmo.test_background.TestCosmoProp" name="test_rho_crit" file="test/test_Cosmo/test_background.py" line="19" time="0.001" /><testcase classname="test.test_Cosmo.test_background.TestCosmoProp" name="test_rho_crit_z" file="test/test_Cosmo/test_background.py" line="22" time="0.001" /><testcase classname="test.test_Cosmo.test_background.TestCosmoProp" name="test_interpol" file="test/test_Cosmo/test_background.py" line="26" time="0.006" /><testcase classname="test.test_Cosmo.test_cosmo_interp.TestCosmoInterp" name="test_angular_diameter_distance" file="test/test_Cosmo/test_cosmo_interp.py" line="65" time="0.012" /><testcase classname="test.test_Cosmo.test_cosmo_interp.TestCosmoInterp" name="test_angular_diameter_distance_array" file="test/test_Cosmo/test_cosmo_interp.py" line="91" time="0.013" /><testcase classname="test.test_Cosmo.test_cosmo_interp.TestCosmoInterp" name="test_angular_diameter_distance_z1z2" file="test/test_Cosmo/test_cosmo_interp.py" line="107" time="0.011" /><testcase classname="test.test_Cosmo.test_cosmo_solver.TestCompare" name="test_cosmo2Dd_Ds_Dds" file="test/test_Cosmo/test_cosmo_solver.py" line="16" time="0.001" /><testcase classname="test.test_Cosmo.test_cosmo_solver.TestCompare" name="test_ddt2h0" file="test/test_Cosmo/test_cosmo_solver.py" line="23" time="0.001" /><testcase classname="test.test_Cosmo.test_cosmo_solver.TestCompare" name="test_F" file="test/test_Cosmo/test_cosmo_solver.py" line="34" time="0.001" /><testcase classname="test.test_Cosmo.test_cosmo_solver.TestCompare" name="test_solver" file="test/test_Cosmo/test_cosmo_solver.py" line="43" time="0.042" /><testcase classname="test.test_Cosmo.test_cosmo_solver.TestInvertCosmo" name="test_get_cosmo" file="test/test_Cosmo/test_cosmo_solver.py" line="83" time="4.817" /><testcase classname="test.test_Cosmo.test_gnfw_param.TestGNFWParam" name="test_rho0_c" file="test/test_Cosmo/test_gnfw_param.py" line="19" time="0.012" /><testcase classname="test.test_Cosmo.test_gnfw_param.TestGNFWParam" name="test_M_r200" file="test/test_Cosmo/test_gnfw_param.py" line="31" time="0.001" /><testcase classname="test.test_Cosmo.test_gnfw_param.TestGNFWParam" name="test_rhoc_z" file="test/test_Cosmo/test_gnfw_param.py" line="37" time="0.001" /><testcase classname="test.test_Cosmo.test_gnfw_param.TestGNFWParam" name="test_M200" file="test/test_Cosmo/test_gnfw_param.py" line="42" time="0.000" /><testcase classname="test.test_Cosmo.test_gnfw_param.TestGNFWParam" name="test_profileMain" file="test/test_Cosmo/test_gnfw_param.py" line="47" time="0.001" /><testcase classname="test.test_Cosmo.test_kde_likelihood.TestKDELikelihood" name="test_kde_likelihood" file="test/test_Cosmo/test_kde_likelihood.py" line="19" time="0.708" /><testcase classname="test.test_Cosmo.test_lcdm.TestFlatLCDM" name="test_D_d" file="test/test_Cosmo/test_lcdm.py" line="13" time="0.003" /><testcase classname="test.test_Cosmo.test_lcdm.TestFlatLCDM" name="test_D_s" file="test/test_Cosmo/test_lcdm.py" line="20" time="0.002" /><testcase classname="test.test_Cosmo.test_lcdm.TestFlatLCDM" name="test_D_ds" file="test/test_Cosmo/test_lcdm.py" line="26" time="0.002" /><testcase classname="test.test_Cosmo.test_lcdm.TestFlatLCDM" name="test_D_dt" file="test/test_Cosmo/test_lcdm.py" line="32" time="0.001" /><testcase classname="test.test_Cosmo.test_lens_cosmo.TestLensCosmo" name="test_ang_dist" file="test/test_Cosmo/test_lens_cosmo.py" line="21" time="0.001" /><testcase classname="test.test_Cosmo.test_lens_cosmo.TestLensCosmo" name="test_epsilon_crit" file="test/test_Cosmo/test_lens_cosmo.py" line="26" time="0.001" /><testcase classname="test.test_Cosmo.test_lens_cosmo.TestLensCosmo" name="test_arcsec2phys" file="test/test_Cosmo/test_lens_cosmo.py" line="29" time="0.001" /><testcase classname="test.test_Cosmo.test_lens_cosmo.TestLensCosmo" name="test_phys2arcsec_lens" file="test/test_Cosmo/test_lens_cosmo.py" line="39" time="0.001" /><testcase classname="test.test_Cosmo.test_lens_cosmo.TestLensCosmo" name="test_mass_in_phi_E" file="test/test_Cosmo/test_lens_cosmo.py" line="45" time="0.001" /><testcase classname="test.test_Cosmo.test_lens_cosmo.TestLensCosmo" name="test_kappa2proj_mass" file="test/test_Cosmo/test_lens_cosmo.py" line="50" time="0.001" /><testcase classname="test.test_Cosmo.test_lens_cosmo.TestLensCosmo" name="test_mass_in_coin" file="test/test_Cosmo/test_lens_cosmo.py" line="55" time="0.001" /><testcase classname="test.test_Cosmo.test_lens_cosmo.TestLensCosmo" name="test_D_dt_model" file="test/test_Cosmo/test_lens_cosmo.py" line="60" time="0.001" /><testcase classname="test.test_Cosmo.test_lens_cosmo.TestLensCosmo" name="test_nfw_angle2physical" file="test/test_Cosmo/test_lens_cosmo.py" line="64" time="0.002" /><testcase classname="test.test_Cosmo.test_lens_cosmo.TestLensCosmo" name="test_nfw_physical2angle" file="test/test_Cosmo/test_lens_cosmo.py" line="70" time="0.002" /><testcase classname="test.test_Cosmo.test_lens_cosmo.TestLensCosmo" name="test_gnfw_angle2physical" file="test/test_Cosmo/test_lens_cosmo.py" line="80" time="0.096" /><testcase classname="test.test_Cosmo.test_lens_cosmo.TestLensCosmo" name="test_gnfw_physical2angle" file="test/test_Cosmo/test_lens_cosmo.py" line="98" time="0.182" /><testcase classname="test.test_Cosmo.test_lens_cosmo.TestLensCosmo" name="test_gnfwParam_physical" file="test/test_Cosmo/test_lens_cosmo.py" line="113" time="0.002" /><testcase classname="test.test_Cosmo.test_lens_cosmo.TestLensCosmo" name="test_gnfw_M_theta_r200" file="test/test_Cosmo/test_lens_cosmo.py" line="123" time="0.002" /><testcase classname="test.test_Cosmo.test_lens_cosmo.TestLensCosmo" name="test_sis_theta_E2sigma_v" file="test/test_Cosmo/test_lens_cosmo.py" line="131" time="0.001" /><testcase classname="test.test_Cosmo.test_lens_cosmo.TestLensCosmo" name="test_fermat2delays" file="test/test_Cosmo/test_lens_cosmo.py" line="137" time="0.001" /><testcase classname="test.test_Cosmo.test_lens_cosmo.TestLensCosmo" name="test_uldm_angular2phys" file="test/test_Cosmo/test_lens_cosmo.py" line="143" time="0.001" /><testcase classname="test.test_Cosmo.test_lens_cosmo.TestLensCosmo" name="test_uldm_mphys2angular" file="test/test_Cosmo/test_lens_cosmo.py" line="149" time="0.001" /><testcase classname="test.test_Cosmo.test_lens_cosmo.TestLensCosmo" name="test_a_z" file="test/test_Cosmo/test_lens_cosmo.py" line="156" time="0.001" /><testcase classname="test.test_Cosmo.test_lens_cosmo.TestLensCosmo" name="test_sersic_m_star2k_eff" file="test/test_Cosmo/test_lens_cosmo.py" line="160" time="0.001" /><testcase classname="test.test_Cosmo.test_lens_cosmo.TestLensCosmo" name="test_hernquist_angular2phys" file="test/test_Cosmo/test_lens_cosmo.py" line="170" time="0.002" /><testcase classname="test.test_Cosmo.test_lens_cosmo.TestLensCosmo" name="test_hernquist_mass_normalization" file="test/test_Cosmo/test_lens_cosmo.py" line="182" time="1.802" /><testcase classname="test.test_Cosmo.test_lens_cosmo.TestLensCosmo" name="test_vel_disp_dPIED_sigma0" file="test/test_Cosmo/test_lens_cosmo.py" line="239" time="0.003" /><testcase classname="test.test_Cosmo.test_lens_cosmo.TestLensCosmo" name="test_beta_double_source_plane" file="test/test_Cosmo/test_lens_cosmo.py" line="277" time="0.002" /><testcase classname="test.test_Cosmo.test_lens_cosmo.TestLensCosmo" name="test_theta_E_power_law_scaling" file="test/test_Cosmo/test_lens_cosmo.py" line="286" time="0.004" /><testcase classname="test.test_Cosmo.test_micro_lensing" name="test_einstein_radius" file="test/test_Cosmo/test_micro_lensing.py" line="5" time="0.000" /><testcase classname="test.test_Cosmo.test_micro_lensing" name="test_source_size" file="test/test_Cosmo/test_micro_lensing.py" line="15" time="0.000" /><testcase classname="test.test_Cosmo.test_nfw_param.TestNFWParam" name="test_rho0_c" file="test/test_Cosmo/test_nfw_param.py" line="18" time="0.002" /><testcase classname="test.test_Cosmo.test_nfw_param.TestNFWParam" name="test_rhoc_z" file="test/test_Cosmo/test_nfw_param.py" line="26" time="0.001" /><testcase classname="test.test_Cosmo.test_nfw_param.TestNFWParam" name="test_M200" file="test/test_Cosmo/test_nfw_param.py" line="31" time="0.001" /><testcase classname="test.test_Cosmo.test_nfw_param.TestNFWParam" name="test_profileMain" file="test/test_Cosmo/test_nfw_param.py" line="35" time="0.001" /><testcase classname="test.test_Cosmo.test_nfw_param.TestNFWParam" name="test_against_colossus" file="test/test_Cosmo/test_nfw_param.py" line="49" time="0.004"><failure message="ModuleNotFoundError: No module named 'colossus'">self = &lt;test.test_Cosmo.test_nfw_param.TestNFWParam object at 0x7ab3190d24d0&gt;

    def test_against_colossus(self):
        """
        This test class asks to get the same parameters back as colossus: https://bdiemer.bitbucket.io/colossus/index.html
        """
        cosmo = FlatLambdaCDM(H0=70, Om0=0.285, Ob0=0.05)
        nfw_param = NFWParam(cosmo=cosmo)
    
&gt;       from colossus.cosmology import cosmology as cosmology_colossus
E       ModuleNotFoundError: No module named 'colossus'

test/test_Cosmo/test_nfw_param.py:57: ModuleNotFoundError</failure></testcase><testcase classname="test.test_Data.test_coord_transforms.TestCoordinates" name="test_init" file="test/test_Data/test_coord_transforms.py" line="12" time="0.001" /><testcase classname="test.test_Data.test_coord_transforms.TestCoordinates" name="test_map_coord2pix" file="test/test_Data/test_coord_transforms.py" line="29" time="0.001" /><testcase classname="test.test_Data.test_coord_transforms.TestCoordinates" name="test_map_pix2coord" file="test/test_Data/test_coord_transforms.py" line="41" time="0.001" /><testcase classname="test.test_Data.test_coord_transforms.TestCoordinates" name="test_pixel_size" file="test/test_Data/test_coord_transforms.py" line="53" time="0.000" /><testcase classname="test.test_Data.test_coord_transforms.TestCoordinates" name="test_rescaled_grid" file="test/test_Data/test_coord_transforms.py" line="64" time="0.001" /><testcase classname="test.test_Data.test_coord_transforms.TestCoordinates" name="test_coordinate_grid" file="test/test_Data/test_coord_transforms.py" line="112" time="0.001" /><testcase classname="test.test_Data.test_coord_transforms.TestCoordinates" name="test_xy_at_radec_0" file="test/test_Data/test_coord_transforms.py" line="129" time="0.001" /><testcase classname="test.test_Data.test_coord_transforms.TestCoordinates" name="test_shift_coordinate_system" file="test/test_Data/test_coord_transforms.py" line="144" time="0.001" /><testcase classname="test.test_Data.test_image_noise.TestData" name="test_get_covariance_matrix" file="test/test_Data/test_image_noise.py" line="30" time="0.001" /><testcase classname="test.test_Data.test_image_noise.TestData" name="test_noise_map" file="test/test_Data/test_image_noise.py" line="38" time="0.002" /><testcase classname="test.test_Data.test_image_noise.TestData" name="test_exposure_time" file="test/test_Data/test_image_noise.py" line="64" time="0.001" /><testcase classname="test.test_Data.test_image_noise.TestData" name="test_gradient_boost" file="test/test_Data/test_image_noise.py" line="76" time="0.019" /><testcase classname="test.test_Data.test_image_noise.TestRaise" name="test_raise" file="test/test_Data/test_image_noise.py" line="95" time="0.001" /><testcase classname="test.test_Data.test_imaging_data.TestData" name="test_numData" file="test/test_Data/test_imaging_data.py" line="19" time="0.001" /><testcase classname="test.test_Data.test_imaging_data.TestData" name="test_shift_coords" file="test/test_Data/test_imaging_data.py" line="22" time="0.002" /><testcase classname="test.test_Data.test_imaging_data.TestData" name="test_shift_coordinate_system" file="test/test_Data/test_imaging_data.py" line="67" time="0.001" /><testcase classname="test.test_Data.test_imaging_data.TestData" name="test_update_data" file="test/test_Data/test_imaging_data.py" line="112" time="0.001" /><testcase classname="test.test_Data.test_imaging_data.TestRaise" name="test_raise" file="test/test_Data/test_imaging_data.py" line="129" time="0.001" /><testcase classname="test.test_Data.test_imaging_data_with_interferometric_changes" name="test_interferometry_likelihood" file="test/test_Data/test_imaging_data_with_interferometric_changes.py" line="5" time="0.001" /><testcase classname="test.test_Data.test_kinematic_data_2D.TestKinBin" name="test_binned_image" file="test/test_Data/test_kinematic_data_2D.py" line="39" time="0.001" /><testcase classname="test.test_Data.test_kinematic_data_2D.TestKinBin" name="test_KinBin2kwargs" file="test/test_Data/test_kinematic_data_2D.py" line="47" time="0.001" /><testcase classname="test.test_Data.test_kinematic_data_2D.TestKinBin" name="test_kin_grid" file="test/test_Data/test_kinematic_data_2D.py" line="50" time="0.001" /><testcase classname="test.test_Data.test_pixel_grid.TestPixelGrid" name="test_num_pix" file="test/test_Data/test_pixel_grid.py" line="22" time="0.001" /><testcase classname="test.test_Data.test_pixel_grid.TestPixelGrid" name="test_num_pixel_axes" file="test/test_Data/test_pixel_grid.py" line="26" time="0.001" /><testcase classname="test.test_Data.test_pixel_grid.TestPixelGrid" name="test_width" file="test/test_Data/test_pixel_grid.py" line="31" time="0.001" /><testcase classname="test.test_Data.test_pixel_grid.TestPixelGrid" name="test_pixel_coordinates" file="test/test_Data/test_pixel_grid.py" line="36" time="0.001" /><testcase classname="test.test_Data.test_psf.TestData" name="test_kernel_point_source" file="test/test_Data/test_psf.py" line="28" time="0.001" /><testcase classname="test.test_Data.test_psf.TestData" name="test_kernel_subsampled" file="test/test_Data/test_psf.py" line="51" time="0.002" /><testcase classname="test.test_Data.test_psf.TestData" name="test_supersampling_repeated" file="test/test_Data/test_psf.py" line="126" time="0.002" /><testcase classname="test.test_Data.test_psf.TestData" name="test_fwhm" file="test/test_Data/test_psf.py" line="156" time="0.001" /><testcase classname="test.test_Data.test_psf.TestData" name="test_kernel_pixel" file="test/test_Data/test_psf.py" line="191" time="0.001" /><testcase classname="test.test_Data.test_psf.TestData" name="test_psf_error_map" file="test/test_Data/test_psf.py" line="206" time="0.001" /><testcase classname="test.test_Data.test_psf.TestData" name="test_warning" file="test/test_Data/test_psf.py" line="219" time="0.006" /><testcase classname="test.test_Data.test_psf.TestData" name="test_unnormalized" file="test/test_Data/test_psf.py" line="250" time="0.001" /><testcase classname="test.test_Data.test_psf.TestRaise" name="test_raise" file="test/test_Data/test_psf.py" line="311" time="0.001" /><testcase classname="test.test_GalKin.test_analytic_kinematics.TestAnalyticKinematics" name="test_sigma_s2" file="test/test_GalKin/test_analytic_kinematics.py" line="12" time="2.085" /><testcase classname="test.test_GalKin.test_analytic_kinematics.TestAnalyticKinematics" name="test_properties" file="test/test_GalKin/test_analytic_kinematics.py" line="40" time="0.001" /><testcase classname="test.test_GalKin.test_analytic_kinematics.TestAnalyticKinematics" name="test_draw_light" file="test/test_GalKin/test_analytic_kinematics.py" line="62" time="0.001" /><testcase classname="test.test_GalKin.test_analytic_kinematics.TestAnalyticKinematics" name="test_I_R_sigma2_and_IR" file="test/test_GalKin/test_analytic_kinematics.py" line="71" time="10.236" /><testcase classname="test.test_GalKin.test_analytic_kinematics.TestAnalyticKinematics" name="test_against_numeric_profile" file="test/test_GalKin/test_analytic_kinematics.py" line="109" time="2.306" /><testcase classname="test.test_GalKin.test_anisotropy.TestAnisotropy" name="test_K" file="test/test_GalKin/test_anisotropy.py" line="15" time="0.003" /><testcase classname="test.test_GalKin.test_anisotropy.TestAnisotropy" name="test_beta" file="test/test_GalKin/test_anisotropy.py" line="53" time="0.000" /><testcase classname="test.test_GalKin.test_anisotropy.TestAnisotropy" name="test_radial_anisotropy" file="test/test_GalKin/test_anisotropy.py" line="81" time="0.000" /><testcase classname="test.test_GalKin.test_anisotropy.TestAnisotropy" name="test_isotropic_anisotropy" file="test/test_GalKin/test_anisotropy.py" line="99" time="0.000" /><testcase classname="test.test_GalKin.test_anisotropy.TestAnisotropy" name="test_generalizedOM" file="test/test_GalKin/test_anisotropy.py" line="116" time="0.087" /><testcase classname="test.test_GalKin.test_anisotropy.TestRaise" name="test_raise" file="test/test_GalKin/test_anisotropy.py" line="152" time="0.001" /><testcase classname="test.test_GalKin.test_aperture.TestAperture" name="test_aperture_select" file="test/test_GalKin/test_aperture.py" line="11" time="0.001" /><testcase classname="test.test_GalKin.test_aperture.TestRaise" name="test_raise" file="test/test_GalKin/test_aperture.py" line="64" time="0.000" /><testcase classname="test.test_GalKin.test_aperture_types.TestApertureTypes" name="test_shell_select" file="test/test_GalKin/test_aperture_types.py" line="9" time="0.000" /><testcase classname="test.test_GalKin.test_aperture_types.TestApertureTypes" name="test_slit_select" file="test/test_GalKin/test_aperture_types.py" line="24" time="0.000" /><testcase classname="test.test_GalKin.test_aperture_types.TestApertureTypes" name="test_ifu_shell_select" file="test/test_GalKin/test_aperture_types.py" line="41" time="0.000" /><testcase classname="test.test_GalKin.test_aperture_types.TestApertureTypes" name="test_frame" file="test/test_GalKin/test_aperture_types.py" line="50" time="0.000" /><testcase classname="test.test_GalKin.test_cosmo.TestRaise" name="test_raise" file="test/test_GalKin/test_cosmo.py" line="7" time="0.000" /><testcase classname="test.test_GalKin.test_galkin.TestRaise" name="test_raise" file="test/test_GalKin/test_galkin.py" line="15" time="0.001" /><testcase classname="test.test_GalKin.test_galkin.TestGalkin" name="test_compare_power_law" file="test/test_GalKin/test_galkin.py" line="98" time="6.430" /><testcase classname="test.test_GalKin.test_galkin.TestGalkin" name="test_log_vs_linear_integral" file="test/test_GalKin/test_galkin.py" line="222" time="0.436" /><testcase classname="test.test_GalKin.test_galkin.TestGalkin" name="test_projected_light_integral_hernquist" file="test/test_GalKin/test_galkin.py" line="308" time="0.003" /><testcase classname="test.test_GalKin.test_galkin.TestGalkin" name="test_projected_light_integral_hernquist_ellipse" file="test/test_GalKin/test_galkin.py" line="328" time="0.002" /><testcase classname="test.test_GalKin.test_galkin.TestGalkin" name="test_projected_light_integral_pjaffe" file="test/test_GalKin/test_galkin.py" line="350" time="0.006" /><testcase classname="test.test_GalKin.test_galkin.TestGalkin" name="test_realistic_0" file="test/test_GalKin/test_galkin.py" line="370" time="0.006" /><testcase classname="test.test_GalKin.test_galkin.TestGalkin" name="test_realistic_1" file="test/test_GalKin/test_galkin.py" line="392" time="0.007" /><testcase classname="test.test_GalKin.test_galkin.TestGalkin" name="test_realistic" file="test/test_GalKin/test_galkin.py" line="418" time="0.010" /><testcase classname="test.test_GalKin.test_galkin.TestGalkin" name="test_dispersion_map" file="test/test_GalKin/test_galkin.py" line="456" time="1.859" /><testcase classname="test.test_GalKin.test_galkin.TestGalkin" name="test_dispersion_map_grid_convolved" file="test/test_GalKin/test_galkin.py" line="544" time="67.030" /><testcase classname="test.test_GalKin.test_galkin.TestGalkin" name="test_extract_center" file="test/test_GalKin/test_galkin.py" line="686" time="0.001" /><testcase classname="test.test_GalKin.test_galkin.TestGalkin" name="test_projected_integral_vs_3d_rendering" file="test/test_GalKin/test_galkin.py" line="693" time="1.549" /><testcase classname="test.test_GalKin.test_galkin.TestGalkin" name="test_2d_vs_3d_power_law" file="test/test_GalKin/test_galkin.py" line="776" time="9.971" /><testcase classname="test.test_GalKin.test_galkin.TestGalkin" name="test_get_convolution_kernel" file="test/test_GalKin/test_galkin.py" line="869" time="0.001" /><testcase classname="test.test_GalKin.test_galkin.TestGalkin" name="test_get_grid" file="test/test_GalKin/test_galkin.py" line="874" time="0.001" /><testcase classname="test.test_GalKin.test_galkin.TestGalkin" name="test_delta_pix_xy" file="test/test_GalKin/test_galkin.py" line="896" time="0.001" /><testcase classname="test.test_GalKin.test_galkin_model.TestGalkinModel" name="test_radius_slope_anisotropy" file="test/test_GalKin/test_galkin_model.py" line="12" time="0.001" /><testcase classname="test.test_GalKin.test_galkin_multiobservation.TestGalkinMultiObservation" name="test_dispersion" file="test/test_GalKin/test_galkin_multiobservation.py" line="8" time="1.801" /><testcase classname="test.test_GalKin.test_galkin_shells.TestGalkinShells" name="test_vel_disp" file="test/test_GalKin/test_galkin_shells.py" line="9" time="1.015" /><testcase classname="test.test_GalKin.test_galkin_shells.TestRaise" name="test_raise" file="test/test_GalKin/test_galkin_shells.py" line="87" time="0.001" /><testcase classname="test.test_GalKin.test_gom.TestGOM" name="test_OMvsGOM" file="test/test_GalKin/test_gom.py" line="9" time="10.786" /><testcase classname="test.test_GalKin.test_light_profile.TestLightProfile" name="test_draw_light" file="test/test_GalKin/test_light_profile.py" line="16" time="0.075" /><testcase classname="test.test_GalKin.test_light_profile.TestLightProfile" name="test_draw_light_2d_linear" file="test/test_GalKin/test_light_profile.py" line="34" time="0.026" /><testcase classname="test.test_GalKin.test_light_profile.TestLightProfile" name="test_draw_light_PJaffe" file="test/test_GalKin/test_light_profile.py" line="66" time="0.078" /><testcase classname="test.test_GalKin.test_light_profile.TestLightProfile" name="test_draw_light_3d_hernquist" file="test/test_GalKin/test_light_profile.py" line="102" time="0.199" /><testcase classname="test.test_GalKin.test_light_profile.TestLightProfile" name="test_draw_light_3d_power_law" file="test/test_GalKin/test_light_profile.py" line="162" time="0.197" /><testcase classname="test.test_GalKin.test_light_profile.TestLightProfile" name="test_ellipticity_in_profiles" file="test/test_GalKin/test_light_profile.py" line="207" time="0.003" /><testcase classname="test.test_GalKin.test_light_profile.TestLightProfile" name="test_light_3d" file="test/test_GalKin/test_light_profile.py" line="261" time="0.002" /><testcase classname="test.test_GalKin.test_light_profile.TestLightProfile" name="test_light_2d_finite" file="test/test_GalKin/test_light_profile.py" line="271" time="0.002" /><testcase classname="test.test_GalKin.test_light_profile.TestLightProfile" name="test_del_cache" file="test/test_GalKin/test_light_profile.py" line="299" time="0.001" /><testcase classname="test.test_GalKin.test_multi_gauss_expansion.TestGalkin" name="test_mge_hernquist_light" file="test/test_GalKin/test_multi_gauss_expansion.py" line="16" time="0.508" /><testcase classname="test.test_GalKin.test_multi_gauss_expansion.TestGalkin" name="test_mge_power_law_lens" file="test/test_GalKin/test_multi_gauss_expansion.py" line="108" time="0.488" /><testcase classname="test.test_GalKin.test_multi_gauss_expansion.TestGalkin" name="test_mge_light_and_mass" file="test/test_GalKin/test_multi_gauss_expansion.py" line="200" time="0.520" /><testcase classname="test.test_GalKin.test_multi_gauss_expansion.TestGalkin" name="test_sersic_vs_hernquist_kinematics" file="test/test_GalKin/test_multi_gauss_expansion.py" line="294" time="0.279" /><testcase classname="test.test_GalKin.test_numeric_kinematics.TestMassProfile" name="test_mass_3d" file="test/test_GalKin/test_numeric_kinematics.py" line="16" time="0.001" /><testcase classname="test.test_GalKin.test_numeric_kinematics.TestMassProfile" name="test_sigma_r2" file="test/test_GalKin/test_numeric_kinematics.py" line="32" time="0.048" /><testcase classname="test.test_GalKin.test_numeric_kinematics.TestMassProfile" name="test_lum_weighted_vel_disp" file="test/test_GalKin/test_numeric_kinematics.py" line="101" time="0.277" /><testcase classname="test.test_GalKin.test_numeric_kinematics.TestMassProfile" name="test_sigma_s2" file="test/test_GalKin/test_numeric_kinematics.py" line="145" time="0.686" /><testcase classname="test.test_GalKin.test_numeric_kinematics.TestMassProfile" name="test_I_R_sigma_s2" file="test/test_GalKin/test_numeric_kinematics.py" line="200" time="0.004" /><testcase classname="test.test_GalKin.test_numeric_kinematics.TestMassProfile" name="test_log_linear_integral" file="test/test_GalKin/test_numeric_kinematics.py" line="255" time="0.026" /><testcase classname="test.test_GalKin.test_numeric_kinematics.TestMassProfile" name="test_I_R_sigma" file="test/test_GalKin/test_numeric_kinematics.py" line="333" time="0.289" /><testcase classname="test.test_GalKin.test_numeric_kinematics.TestMassProfile" name="test_power_law_test" file="test/test_GalKin/test_numeric_kinematics.py" line="419" time="0.015" /><testcase classname="test.test_GalKin.test_numeric_kinematics.TestMassProfile" name="test_delete_cache" file="test/test_GalKin/test_numeric_kinematics.py" line="494" time="0.000" /><testcase classname="test.test_GalKin.test_psf.TestPSF" name="test_displace_psf" file="test/test_GalKin/test_psf.py" line="11" time="0.000" /><testcase classname="test.test_GalKin.test_psf.TestPSF" name="test_kernel" file="test/test_GalKin/test_psf.py" line="24" time="0.001" /><testcase classname="test.test_GalKin.test_psf.TestRaise" name="test_raise" file="test/test_GalKin/test_psf.py" line="41" time="0.000" /><testcase classname="test.test_GalKin.test_velocity_util.TestVelocityUtil" name="test_sample_gaussian" file="test/test_GalKin/test_velocity_util.py" line="12" time="0.004" /><testcase classname="test.test_GalKin.test_velocity_util.TestVelocityUtil" name="test_sample_moffat" file="test/test_GalKin/test_velocity_util.py" line="26" time="0.038" /><testcase classname="test.test_GalKin.test_velocity_util.TestVelocityUtil" name="test_displace_PSF_moffat" file="test/test_GalKin/test_velocity_util.py" line="48" time="0.001" /><testcase classname="test.test_GalKin.test_velocity_util.TestVelocityUtil" name="test_project_2d_random" file="test/test_GalKin/test_velocity_util.py" line="57" time="0.008" /><testcase classname="test.test_ImSim.test_MultiBand.test_joint_linear.TestJointLinear" name="test_linear_response" file="test/test_ImSim/test_MultiBand/test_joint_linear.py" line="123" time="0.031" /><testcase classname="test.test_ImSim.test_MultiBand.test_joint_linear.TestJointLinear" name="test_image_linear_solve" file="test/test_ImSim/test_MultiBand/test_joint_linear.py" line="134" time="0.032" /><testcase classname="test.test_ImSim.test_MultiBand.test_joint_linear.TestJointLinear" name="test_likelihood_data_given_model" file="test/test_ImSim/test_MultiBand/test_joint_linear.py" line="149" time="0.031" /><testcase classname="test.test_ImSim.test_MultiBand.test_multi_linear.TestImageModel" name="test_image_linear_solve" file="test/test_ImSim/test_MultiBand/test_multi_linear.py" line="126" time="0.022" /><testcase classname="test.test_ImSim.test_MultiBand.test_multi_linear.TestImageModel" name="test_likelihood_data_given_model" file="test/test_ImSim/test_MultiBand/test_multi_linear.py" line="145" time="0.028" /><testcase classname="test.test_ImSim.test_MultiBand.test_multi_linear.TestImageModel" name="test_numData_evaluate" file="test/test_ImSim/test_MultiBand/test_multi_linear.py" line="164" time="0.012" /><testcase classname="test.test_ImSim.test_MultiBand.test_single_band_multi_model.TestSingleBandMultiModel" name="test_likelihood_data_given_model" file="test/test_ImSim/test_MultiBand/test_single_band_multi_model.py" line="151" time="0.005" /><testcase classname="test.test_ImSim.test_MultiBand.test_single_band_multi_model.TestSingleBandMultiModel" name="test_num_param_linear" file="test/test_ImSim/test_MultiBand/test_single_band_multi_model.py" line="169" time="0.003" /><testcase classname="test.test_ImSim.test_MultiBand.test_single_band_multi_model.TestSingleBandMultiModel" name="test_image" file="test/test_ImSim/test_MultiBand/test_single_band_multi_model.py" line="175" time="0.004" /><testcase classname="test.test_ImSim.test_MultiBand.test_single_band_multi_model.TestSingleBandMultiModel" name="test_source_surface_brightness" file="test/test_ImSim/test_MultiBand/test_single_band_multi_model.py" line="184" time="0.003" /><testcase classname="test.test_ImSim.test_MultiBand.test_single_band_multi_model.TestSingleBandMultiModel" name="test_lens_surface_brightness" file="test/test_ImSim/test_MultiBand/test_single_band_multi_model.py" line="195" time="0.003" /><testcase classname="test.test_ImSim.test_MultiBand.test_single_band_multi_model.TestSingleBandMultiModel" name="test_point_source" file="test/test_ImSim/test_MultiBand/test_single_band_multi_model.py" line="204" time="0.003" /><testcase classname="test.test_ImSim.test_MultiBand.test_single_band_multi_model.TestSingleBandMultiModel" name="test_update_linear_kwargs" file="test/test_ImSim/test_MultiBand/test_single_band_multi_model.py" line="215" time="0.002" /><testcase classname="test.test_ImSim.test_MultiBand.test_single_band_multi_model.TestSingleBandMultiModel" name="test_extinction_map" file="test/test_ImSim/test_MultiBand/test_single_band_multi_model.py" line="237" time="0.002" /><testcase classname="test.test_ImSim.test_MultiBand.test_single_band_multi_model.TestSingleBandMultiModel" name="test_error_map_source" file="test/test_ImSim/test_MultiBand/test_single_band_multi_model.py" line="243" time="0.003" /><testcase classname="test.test_ImSim.test_MultiBand.test_single_band_multi_model.TestSingleBandMultiModel" name="test_linear_param_from_kwargs" file="test/test_ImSim/test_MultiBand/test_single_band_multi_model.py" line="255" time="0.002" /><testcase classname="test.test_ImSim.test_Numerics.test_adaptive_numerics.TestAdaptiveConvolution" name="test_convolve2d" file="test/test_ImSim/test_Numerics/test_adaptive_numerics.py" line="39" time="0.018" /><testcase classname="test.test_ImSim.test_Numerics.test_convolution.TestPixelKernelConvolution" name="test_convolve2d" file="test/test_ImSim/test_Numerics/test_convolution.py" line="24" time="0.001" /><testcase classname="test.test_ImSim.test_Numerics.test_convolution.TestPixelKernelConvolution" name="test_copy_transpose" file="test/test_ImSim/test_Numerics/test_convolution.py" line="31" time="0.001" /><testcase classname="test.test_ImSim.test_Numerics.test_convolution.TestPixelKernelConvolution" name="test_pixel_kernel" file="test/test_ImSim/test_Numerics/test_convolution.py" line="40" time="0.001" /><testcase classname="test.test_ImSim.test_Numerics.test_convolution.TestPixelKernelConvolution" name="test_centroiding" file="test/test_ImSim/test_Numerics/test_convolution.py" line="47" time="0.001" /><testcase classname="test.test_ImSim.test_Numerics.test_convolution.TestSubgridKernelConvolution" name="test_fft_scipy_static" file="test/test_ImSim/test_Numerics/test_convolution.py" line="124" time="0.001" /><testcase classname="test.test_ImSim.test_Numerics.test_convolution.TestSubgridKernelConvolution" name="test_convolve2d" file="test/test_ImSim/test_Numerics/test_convolution.py" line="144" time="0.002" /><testcase classname="test.test_ImSim.test_Numerics.test_convolution.TestMultiGaussianConvolution" name="test_convolve2d" file="test/test_ImSim/test_Numerics/test_convolution.py" line="202" time="0.001" /><testcase classname="test.test_ImSim.test_Numerics.test_convolution.TestMGEConvolution" name="test_convolve2d" file="test/test_ImSim/test_Numerics/test_convolution.py" line="223" time="0.002" /><testcase classname="test.test_ImSim.test_Numerics.test_grid.TestAdaptiveGrid" name="test_coordinates_evaluate" file="test/test_ImSim/test_Numerics/test_grid.py" line="34" time="0.001" /><testcase classname="test.test_ImSim.test_Numerics.test_grid.TestAdaptiveGrid" name="test_subpixel_coordinates" file="test/test_ImSim/test_Numerics/test_grid.py" line="39" time="0.001" /><testcase classname="test.test_ImSim.test_Numerics.test_grid.TestAdaptiveGrid" name="test_average_subgrid" file="test/test_ImSim/test_Numerics/test_grid.py" line="47" time="0.001" /><testcase classname="test.test_ImSim.test_Numerics.test_grid.TestAdaptiveGrid" name="test_merge_low_high_res" file="test/test_ImSim/test_Numerics/test_grid.py" line="55" time="0.001" /><testcase classname="test.test_ImSim.test_Numerics.test_grid.TestAdaptiveGrid" name="test_flux_array2image_low_high" file="test/test_ImSim/test_Numerics/test_grid.py" line="74" time="0.001" /><testcase classname="test.test_ImSim.test_Numerics.test_grid.TestRegularGrid" name="test_grid_points_spacing" file="test/test_ImSim/test_Numerics/test_grid.py" line="102" time="0.001" /><testcase classname="test.test_ImSim.test_Numerics.test_grid.TestRegularGrid" name="test_num_grid_points_axes" file="test/test_ImSim/test_Numerics/test_grid.py" line="106" time="0.001" /><testcase classname="test.test_ImSim.test_Numerics.test_grid.TestRegularGrid" name="test_supersampling_factor" file="test/test_ImSim/test_Numerics/test_grid.py" line="111" time="0.001" /><testcase classname="test.test_ImSim.test_Numerics.test_numerics.TestNumerics" name="test_full" file="test/test_ImSim/test_Numerics/test_numerics.py" line="192" time="0.010" /><testcase classname="test.test_ImSim.test_Numerics.test_numerics.TestNumerics" name="test_full_norm" file="test/test_ImSim/test_Numerics/test_numerics.py" line="206" time="0.009" /><testcase classname="test.test_ImSim.test_Numerics.test_numerics.TestNumerics" name="test_high_res_narrow" file="test/test_ImSim/test_Numerics/test_numerics.py" line="220" time="0.017" /><testcase classname="test.test_ImSim.test_Numerics.test_numerics.TestNumerics" name="test_low_conv_high_grid" file="test/test_ImSim/test_Numerics/test_numerics.py" line="249" time="0.012" /><testcase classname="test.test_ImSim.test_Numerics.test_numerics.TestNumerics" name="test_low_conv_high_adaptive" file="test/test_ImSim/test_Numerics/test_numerics.py" line="278" time="0.008" /><testcase classname="test.test_ImSim.test_Numerics.test_numerics.TestNumerics" name="test_high_adaptive" file="test/test_ImSim/test_Numerics/test_numerics.py" line="307" time="0.070" /><testcase classname="test.test_ImSim.test_Numerics.test_numerics.TestNumerics" name="test_low_res" file="test/test_ImSim/test_Numerics/test_numerics.py" line="336" time="0.008" /><testcase classname="test.test_ImSim.test_Numerics.test_numerics.TestNumerics" name="test_sub_frame" file="test/test_ImSim/test_Numerics/test_numerics.py" line="365" time="0.009" /><testcase classname="test.test_ImSim.test_Numerics.test_numerics.TestNumerics" name="test_property_access" file="test/test_ImSim/test_Numerics/test_numerics.py" line="390" time="0.013" /><testcase classname="test.test_ImSim.test_Numerics.test_numerics" name="test_supersampling_simple" file="test/test_ImSim/test_Numerics/test_numerics.py" line="473" time="0.004" /><testcase classname="test.test_ImSim.test_Numerics.test_numerics.TestRaise" name="test_integer_in_supersampling_factor" file="test/test_ImSim/test_Numerics/test_numerics.py" line="580" time="0.001" /><testcase classname="test.test_ImSim.test_Numerics.test_partial_image.TestPartialImage" name="test_partial_array" file="test/test_ImSim/test_Numerics/test_partial_image.py" line="16" time="0.001" /><testcase classname="test.test_ImSim.test_Numerics.test_partial_image.TestPartialImage" name="test_num_partial" file="test/test_ImSim/test_Numerics/test_partial_image.py" line="28" time="0.000" /><testcase classname="test.test_ImSim.test_Numerics.test_pixel_convolution.TestPixelConvolution" name="test_convolve2d" file="test/test_ImSim/test_Numerics/test_pixel_convolution.py" line="32" time="0.001" /><testcase classname="test.test_ImSim.test_Numerics.test_pixel_convolution.TestSubgirdNumbaConvolution" name="test_convolve2d" file="test/test_ImSim/test_Numerics/test_pixel_convolution.py" line="80" time="0.005" /><testcase classname="test.test_ImSim.test_Numerics.test_point_source_rendering.TestPointSourceRendering" name="test_psf_variance_map" file="test/test_ImSim/test_Numerics/test_point_source_rendering.py" line="34" time="0.001" /><testcase classname="test.test_ImSim.test_Numerics.test_point_source_rendering.TestPointSourceRendering" name="test_point_source_rendering" file="test/test_ImSim/test_Numerics/test_point_source_rendering.py" line="54" time="0.001" /><testcase classname="test.test_ImSim.test_Numerics.test_point_source_rendering.TestRaise" name="test_raise" file="test/test_ImSim/test_Numerics/test_point_source_rendering.py" line="62" time="0.001" /><testcase classname="test.test_ImSim.test_Numerics.test_point_source_rendering.TestPointSourceRendering_for_interfermetry" name="test_point_source_rendering_unconvolved_for_interferometry" file="test/test_ImSim/test_Numerics/test_point_source_rendering.py" line="91" time="0.001" /><testcase classname="test.test_ImSim.test_Numerics.test_point_source_rendering.TestPointSourceRendering_for_interfermetry" name="test_raise_error_for_interferometric_supersampling" file="test/test_ImSim/test_Numerics/test_point_source_rendering.py" line="144" time="0.001" /><testcase classname="test.test_ImSim.test_SourceReconstruction.test_pixelated_source_reconstruction.TestPixelatedSourceReconstruction" name="test_init" file="test/test_ImSim/test_SourceReconstruction/test_pixelated_source_reconstruction.py" line="185" time="0.002" /><testcase classname="test.test_ImSim.test_SourceReconstruction.test_pixelated_source_reconstruction.TestPixelatedSourceReconstruction" name="test_generate_M_b_print" file="test/test_ImSim/test_SourceReconstruction/test_pixelated_source_reconstruction.py" line="268" time="0.026" /><testcase classname="test.test_ImSim.test_SourceReconstruction.test_pixelated_source_reconstruction.TestPixelatedSourceReconstruction" name="test_generate_M_b" file="test/test_ImSim/test_SourceReconstruction/test_pixelated_source_reconstruction.py" line="349" time="0.013" /><testcase classname="test.test_ImSim.test_SourceReconstruction.test_pixelated_source_reconstruction.TestPixelatedSourceReconstruction" name="test_generate_M_b_diagonal_likelihood" file="test/test_ImSim/test_SourceReconstruction/test_pixelated_source_reconstruction.py" line="383" time="0.007" /><testcase classname="test.test_ImSim.test_SourceReconstruction.test_pixelated_source_reconstruction.TestPixelatedSourceReconstruction" name="test_generate_M_b_interferometry_natwt_likelihood" file="test/test_ImSim/test_SourceReconstruction/test_pixelated_source_reconstruction.py" line="475" time="0.004" /><testcase classname="test.test_ImSim.test_SourceReconstruction.test_pixelated_source_reconstruction.TestPixelatedSourceReconstruction" name="test_lens_pixel_source_of_a_rectangular_region" file="test/test_ImSim/test_SourceReconstruction/test_pixelated_source_reconstruction.py" line="534" time="0.002" /><testcase classname="test.test_ImSim.test_SourceReconstruction.test_pixelated_source_reconstruction.TestPixelatedSourceReconstruction" name="test_lens_an_image_by_rayshooting" file="test/test_ImSim/test_SourceReconstruction/test_pixelated_source_reconstruction.py" line="575" time="0.003" /><testcase classname="test.test_ImSim.test_SourceReconstruction.test_pixelated_source_reconstruction.TestPixelatedSourceReconstruction" name="test_sparse_matrix_manipulation_functions" file="test/test_ImSim/test_SourceReconstruction/test_pixelated_source_reconstruction.py" line="661" time="0.002" /><testcase classname="test.test_ImSim.test_SourceReconstruction.test_regularization_matrix_pixel" name="test_pixelated_regularization_matrix" file="test/test_ImSim/test_SourceReconstruction/test_regularization_matrix_pixel.py" line="8" time="0.001" /><testcase classname="test.test_ImSim.test_SourceReconstruction.test_solve_regularization_strength" name="test_d_log_evi_d_lambda" file="test/test_ImSim/test_SourceReconstruction/test_solve_regularization_strength.py" line="22" time="0.002" /><testcase classname="test.test_ImSim.test_SourceReconstruction.test_solve_regularization_strength" name="test_solve_optimal_lambda_success" file="test/test_ImSim/test_SourceReconstruction/test_solve_regularization_strength.py" line="79" time="0.002" /><testcase classname="test.test_ImSim.test_de_lens.TestDeLens" name="test_get_param_WLS" file="test/test_ImSim/test_de_lens.py" line="12" time="0.001" /><testcase classname="test.test_ImSim.test_de_lens.TestDeLens" name="test_wls_stability" file="test/test_ImSim/test_de_lens.py" line="28" time="0.001" /><testcase classname="test.test_ImSim.test_de_lens.TestDeLens" name="test_get_param_WLS_interferometry" file="test/test_ImSim/test_de_lens.py" line="54" time="0.001" /><testcase classname="test.test_ImSim.test_de_lens.TestDeLens" name="test_marginalisation_const" file="test/test_ImSim/test_de_lens.py" line="90" time="0.000" /><testcase classname="test.test_ImSim.test_de_lens.TestDeLens" name="test_margnialization_new" file="test/test_ImSim/test_de_lens.py" line="102" time="0.001" /><testcase classname="test.test_ImSim.test_de_lens.TestDeLens" name="test_stable_inv" file="test/test_ImSim/test_de_lens.py" line="124" time="0.001" /><testcase classname="test.test_ImSim.test_de_lens.TestDeLens" name="test_solve_stable" file="test/test_ImSim/test_de_lens.py" line="134" time="0.001" /><testcase classname="test.test_ImSim.test_differential_extinction.TestDifferentialExtinction" name="test_extinction" file="test/test_ImSim/test_differential_extinction.py" line="9" time="0.001" /><testcase classname="test.test_ImSim.test_image2soure_mapping.TestMultiSourcePlane" name="test_image_2_source" file="test/test_ImSim/test_image2soure_mapping.py" line="166" time="0.005" /><testcase classname="test.test_ImSim.test_image2soure_mapping.TestMultiSourcePlane" name="test_image_flux_split" file="test/test_ImSim/test_image2soure_mapping.py" line="181" time="0.005" /><testcase classname="test.test_ImSim.test_image2soure_mapping.TestMultiSourcePlane" name="test_pseudo_multi_ray_tracing" file="test/test_ImSim/test_image2soure_mapping.py" line="197" time="0.006" /><testcase classname="test.test_ImSim.test_image2soure_mapping.TestMultiSourcePlane" name="test_multi_ray_tracing" file="test/test_ImSim/test_image2soure_mapping.py" line="217" time="0.006" /><testcase classname="test.test_ImSim.test_image2soure_mapping.TestMultiSourcePlane" name="test_pseudo_ray_trace_functions_split" file="test/test_ImSim/test_image2soure_mapping.py" line="238" time="0.005" /><testcase classname="test.test_ImSim.test_image2soure_mapping.TestMultiSourcePlane" name="test_multi_ray_trace_functions_split" file="test/test_ImSim/test_image2soure_mapping.py" line="278" time="0.006" /><testcase classname="test.test_ImSim.test_image2soure_mapping.TestMultiSourcePlane" name="test_image2source" file="test/test_ImSim/test_image2soure_mapping.py" line="302" time="0.007" /><testcase classname="test.test_ImSim.test_image2soure_mapping.TestMultiSourcePlane" name="test__re_order_split" file="test/test_ImSim/test_image2soure_mapping.py" line="339" time="0.005" /><testcase classname="test.test_ImSim.test_image2soure_mapping.TestRaise" name="test_raise" file="test/test_ImSim/test_image2soure_mapping.py" line="363" time="0.002" /><testcase classname="test.test_ImSim.test_image_linear_solve.TestImageLinearFit" name="test_likelihood_data_given_model" file="test/test_ImSim/test_image_linear_solve.py" line="98" time="0.495" /><testcase classname="test.test_ImSim.test_image_linear_solve.TestImageLinearFit" name="test_image_linear_solve" file="test/test_ImSim/test_image_linear_solve.py" line="118" time="0.357" /><testcase classname="test.test_ImSim.test_image_linear_solve.TestImageLinearFit" name="test_num_param_linear" file="test/test_ImSim/test_image_linear_solve.py" line="129" time="0.238" /><testcase classname="test.test_ImSim.test_image_linear_solve.TestImageLinearFit" name="test_linear_response_matrix" file="test/test_ImSim/test_image_linear_solve.py" line="135" time="0.248" /><testcase classname="test.test_ImSim.test_image_linear_solve.TestImageLinearFit" name="test_linear_param_from_kwargs" file="test/test_ImSim/test_image_linear_solve.py" line="143" time="0.138" /><testcase classname="test.test_ImSim.test_image_linear_solve.TestImageLinearFit" name="test_update_linear_kwargs" file="test/test_ImSim/test_image_linear_solve.py" line="151" time="0.364" /><testcase classname="test.test_ImSim.test_image_linear_solve.TestImageLinearFit" name="test_error_response" file="test/test_ImSim/test_image_linear_solve.py" line="170" time="0.121" /><testcase classname="test.test_ImSim.test_image_linear_solve.TestImageLinearFit" name="test_point_source_linear_response_set" file="test/test_ImSim/test_image_linear_solve.py" line="176" time="0.353" /><testcase classname="test.test_ImSim.test_image_linear_solve_with_interferometric_changes" name="test_image_linear_solve_with_primary_beam_and_interferometry_psf" file="test/test_ImSim/test_image_linear_solve_with_interferometric_changes.py" line="26" time="0.112" /><testcase classname="test.test_ImSim.test_image_linear_solve_with_interferometric_changes" name="test_interferometry_image_linear_solve_with_point_source" file="test/test_ImSim/test_image_linear_solve_with_interferometric_changes.py" line="192" time="0.155" /><testcase classname="test.test_ImSim.test_image_linear_solve_with_interferometric_changes" name="test_interferometry_image_linear_solve_with_point_source_without_pb_input" file="test/test_ImSim/test_image_linear_solve_with_interferometric_changes.py" line="372" time="0.144" /><testcase classname="test.test_ImSim.test_image_model.TestImageModel" name="test_source_surface_brightness" file="test/test_ImSim/test_image_model.py" line="130" time="0.012" /><testcase classname="test.test_ImSim.test_image_model.TestImageModel" name="test_lens_surface_brightness" file="test/test_ImSim/test_image_model.py" line="152" time="0.010" /><testcase classname="test.test_ImSim.test_image_model.TestImageModel" name="test_image_with_params" file="test/test_ImSim/test_image_model.py" line="167" time="0.019" /><testcase classname="test.test_ImSim.test_image_model.TestImageModel" name="test_likelihood_data_given_model" file="test/test_ImSim/test_image_model.py" line="195" time="0.020" /><testcase classname="test.test_ImSim.test_image_model.TestImageModel" name="test_reduced_residuals" file="test/test_ImSim/test_image_model.py" line="205" time="0.021" /><testcase classname="test.test_ImSim.test_image_model.TestImageModel" name="test_numData_evaluate" file="test/test_ImSim/test_image_model.py" line="220" time="0.009" /><testcase classname="test.test_ImSim.test_image_model.TestImageModel" name="test_update_data" file="test/test_ImSim/test_image_model.py" line="224" time="0.011" /><testcase classname="test.test_ImSim.test_image_model.TestImageModel" name="test_point_source_rendering" file="test/test_ImSim/test_image_model.py" line="232" time="0.017" /><testcase classname="test.test_ImSim.test_image_model.TestImageModel" name="test_point_source" file="test/test_ImSim/test_image_model.py" line="324" time="0.013" /><testcase classname="test.test_ImSim.test_image_model.TestImageModel" name="test_error_map_source" file="test/test_ImSim/test_image_model.py" line="351" time="0.010" /><testcase classname="test.test_ImSim.test_image_model.TestImageModel" name="test_create_empty" file="test/test_ImSim/test_image_model.py" line="380" time="0.009" /><testcase classname="test.test_ImSim.test_image_model.TestImageModel" name="test_extinction_map" file="test/test_ImSim/test_image_model.py" line="391" time="0.012" /><testcase classname="test.test_ImSim.test_image_model.TestImageModel" name="test_error_response" file="test/test_ImSim/test_image_model.py" line="405" time="0.014" /><testcase classname="test.test_ImSim.test_image_model.TestImageModel" name="test_displace_astrometry" file="test/test_ImSim/test_image_model.py" line="413" time="0.008" /><testcase classname="test.test_ImSim.test_image_model_pixelbased.TestImageModel" name="test_source_surface_brightness" file="test/test_ImSim/test_image_model_pixelbased.py" line="200" time="0.014"><error message="failed on setup with &quot;ModuleNotFoundError: No module named 'slitronomy'&quot;">self = &lt;test.test_ImSim.test_image_model_pixelbased.TestImageModel object at 0x7ab318e74700&gt;

    def setup_method(self):
        # data specifics
        sigma_bkg = 0.05  # background noise per pixel
        exp_time = 100  # exposure time (arbitrary units, flux per pixel is in units #photons/exp_time unit)
        numPix = 100  # cutout pixel size
        deltaPix = 0.05  # pixel size in arcsec (area per pixel = deltaPix**2)
        fwhm = 0.5  # full width half max of PSF
    
        # PSF specification
    
        kwargs_data = sim_util.data_configure_simple(
            numPix, deltaPix, exp_time, sigma_bkg, inverse=True
        )
        data_class = ImageData(**kwargs_data)
        kwargs_psf = {
            "psf_type": "GAUSSIAN",
            "fwhm": fwhm,
            "truncation": 5,
            "pixel_size": deltaPix,
        }
        psf_class = PSF(**kwargs_psf)
        kernel = psf_class.kernel_point_source
        kwargs_psf = {
            "psf_type": "PIXEL",
            "kernel_point_source": kernel,
            "psf_variance_map": np.ones_like(kernel) * 0.001,
        }
        psf_class = PSF(**kwargs_psf)
    
        # 'EXERNAL_SHEAR': external shear
        kwargs_shear = {
            "gamma1": 0.01,
            "gamma2": 0.01,
        }  # gamma_ext: shear strength, psi_ext: shear angel (in radian)
        phi, q = 0.2, 0.8
        e1, e2 = param_util.phi_q2_ellipticity(phi, q)
        kwargs_spemd = {
            "theta_E": 1.0,
            "gamma": 1.8,
            "center_x": 0,
            "center_y": 0,
            "e1": e1,
            "e2": e2,
        }
    
        lens_model_list = ["SPEP", "SHEAR"]
        self.kwargs_lens = [kwargs_spemd, kwargs_shear]
        lens_model_class = LensModel(lens_model_list=lens_model_list)
        # list of light profiles (for lens and source)
        # 'SERSIC': spherical Sersic profile
        kwargs_sersic = {
            "amp": 1.0,
            "R_sersic": 0.1,
            "n_sersic": 2,
            "center_x": 0,
            "center_y": 0,
        }
        # 'SERSIC_ELLIPSE': elliptical Sersic profile
        phi, q = 0.2, 0.9
        e1, e2 = param_util.phi_q2_ellipticity(phi, q)
        kwargs_sersic_ellipse = {
            "amp": 1.0,
            "R_sersic": 0.6,
            "n_sersic": 7,
            "center_x": 0,
            "center_y": 0,
            "e1": e1,
            "e2": e2,
        }
    
        lens_light_model_list = ["SERSIC"]
        kwargs_lens_light_base = [kwargs_sersic]
        lens_light_model_class_base = LightModel(light_model_list=lens_light_model_list)
        source_model_list = ["SERSIC_ELLIPSE"]
        kwargs_source_base = [kwargs_sersic_ellipse]
        source_model_class_base = LightModel(light_model_list=source_model_list)
        self.kwargs_ps = [
            {"ra_source": 0.01, "dec_source": 0.0, "source_amp": 1.0}
        ]  # quasar point source position in the source plane and intrinsic brightness
        point_source_class_base = PointSource(
            point_source_type_list=["SOURCE_POSITION"], fixed_magnification_list=[True]
        )
        kwargs_numerics_base = {
            "supersampling_factor": 2,
            "supersampling_convolution": False,
        }
        imageModel_base = ImageModel(
            data_class,
            psf_class,
            lens_model_class,
            source_model_class_base,
            lens_light_model_class_base,
            point_source_class_base,
            kwargs_numerics=kwargs_numerics_base,
        )
        image_sim = sim_util.simulate_simple(
            imageModel_base,
            self.kwargs_lens,
            kwargs_source_base,
            kwargs_lens_light_base,
            self.kwargs_ps,
        )
        data_class.update_data(image_sim)
    
        # create a starlet light distributions
        n_scales = 6
        source_map = imageModel_base.source_surface_brightness(
            kwargs_source_base, de_lensed=True, unconvolved=True
        )
        starlets_class = SLIT_Starlets(force_no_pysap=_force_no_pysap)
        source_map_starlets = starlets_class.decomposition_2d(source_map, n_scales)
        self.kwargs_source = [
            {
                "amp": source_map_starlets,
                "n_scales": n_scales,
                "n_pixels": numPix,
                "scale": deltaPix,
                "center_x": 0,
                "center_y": 0,
            }
        ]
        source_model_class = LightModel(light_model_list=["SLIT_STARLETS"])
        lens_light_map = imageModel_base.lens_surface_brightness(
            kwargs_lens_light_base, unconvolved=True
        )
        starlets_class = SLIT_Starlets(force_no_pysap=_force_no_pysap, second_gen=True)
        lens_light_starlets = starlets_class.decomposition_2d(lens_light_map, n_scales)
        self.kwargs_lens_light = [
            {
                "amp": lens_light_starlets,
                "n_scales": n_scales,
                "n_pixels": numPix,
                "scale": deltaPix,
                "center_x": 0,
                "center_y": 0,
            }
        ]
        lens_light_model_class = LightModel(light_model_list=["SLIT_STARLETS_GEN2"])
    
        kwargs_numerics = {"supersampling_factor": 1}
        kwargs_pixelbased = {
            "supersampling_factor_source": 2,  # supersampling of pixelated source grid
            # following choices are to minimize pixel solver runtime (not to get accurate reconstruction!)
            "threshold_decrease_type": "none",
            "num_iter_source": 2,
            "num_iter_lens": 2,
            "num_iter_global": 2,
            "num_iter_weights": 2,
        }
&gt;       self.imageModel = ImageLinearFit(
            data_class,
            psf_class,
            lens_model_class,
            source_model_class=source_model_class,
            lens_light_model_class=lens_light_model_class,
            point_source_class=None,
            kwargs_numerics=kwargs_numerics,
            kwargs_pixelbased=kwargs_pixelbased,
        )

test/test_ImSim/test_image_model_pixelbased.py:178: 
_ _ _ _ _ _ _ _ _ _ _ _ _ _ _ _ _ _ _ _ _ _ _ _ _ _ _ _ _ _ _ _ _ _ _ _ _ 
lenstronomy/ImSim/image_linear_solve.py:50: in __init__
    super(ImageLinearFit, self).__init__(
_ _ _ _ _ _ _ _ _ _ _ _ _ _ _ _ _ _ _ _ _ _ _ _ _ _ _ _ _ _ _ _ _ _ _ _ _ 

self = &lt;lenstronomy.ImSim.image_linear_solve.ImageLinearFit object at 0x7ab3015c7130&gt;
data_class = &lt;lenstronomy.Data.imaging_data.ImageData object at 0x7ab3015c66b0&gt;
psf_class = &lt;lenstronomy.Data.psf.PSF object at 0x7ab3015c66e0&gt;
lens_model_class = &lt;lenstronomy.LensModel.lens_model.LensModel object at 0x7ab3015c6740&gt;
source_model_class = &lt;lenstronomy.LightModel.light_model.LightModel object at 0x7ab3015c7010&gt;
lens_light_model_class = &lt;lenstronomy.LightModel.light_model.LightModel object at 0x7ab3015c6f50&gt;
point_source_class = &lt;lenstronomy.PointSource.point_source.PointSource object at 0x7ab3015c7220&gt;
extinction_class = &lt;lenstronomy.ImSim.differential_extinction.DifferentialExtinction object at 0x7ab3015c7310&gt;
kwargs_numerics = {'supersampling_factor': 1}
likelihood_mask = array([[1., 1., 1., ..., 1., 1., 1.],
       [1., 1., 1., ..., 1., 1., 1.],
       [1., 1., 1., ..., 1., 1., 1.],
       ...,
       [1., 1., 1., ..., 1., 1., 1.],
       [1., 1., 1., ..., 1., 1., 1.],
       [1., 1., 1., ..., 1., 1., 1.]])
psf_error_map_bool_list = None
kwargs_pixelbased = {'num_iter_global': 2, 'num_iter_lens': 2, 'num_iter_source': 2, 'num_iter_weights': 2, ...}

    def __init__(
        self,
        data_class,
        psf_class,
        lens_model_class=None,
        source_model_class=None,
        lens_light_model_class=None,
        point_source_class=None,
        extinction_class=None,
        kwargs_numerics=None,
        likelihood_mask=None,
        psf_error_map_bool_list=None,
        kwargs_pixelbased=None,
    ):
        """
        :param data_class: instance of ImageData() or PixelGrid() class
        :param psf_class: instance of PSF() class
        :param lens_model_class: instance of LensModel() class
        :param source_model_class: instance of LightModel() class describing the source parameters
        :param lens_light_model_class: instance of LightModel() class describing the lens light parameters
        :param point_source_class: instance of PointSource() class describing the point sources
        :param extinction_class: instance of DifferentialExtinction() class
        :param kwargs_numerics: keyword arguments with various numeric description (see ImageNumerics class for options)
        :param likelihood_mask: 2d boolean array of pixels to be counted in the likelihood calculation/linear
            optimization
        :param psf_error_map_bool_list: list of boolean of length of point source models.
            Indicates whether PSF error map is used for the point source model stated as the index.
        :param kwargs_pixelbased: keyword arguments with various settings related to the pixel-based solver
            (see SLITronomy documentation)
        """
    
        self.type = "single-band"
        self.num_bands = 1
        self.PSF = psf_class
        self.Data = data_class
        if hasattr(self.Data, "flux_scaling"):
            self._flux_scaling = self.Data.flux_scaling
        else:
            self._flux_scaling = 1
        self.PSF.set_pixel_size(self.Data.pixel_width)
        if kwargs_numerics is None:
            kwargs_numerics = {}
        self.ImageNumerics = NumericsSubFrame(
            pixel_grid=self.Data, psf=self.PSF, **kwargs_numerics
        )
        if lens_model_class is None:
            lens_model_class = LensModel(lens_model_list=[])
        self.LensModel = lens_model_class
        if point_source_class is None:
            point_source_class = PointSource(point_source_type_list=[])
        self.PointSource = point_source_class
        if self.PointSource._lens_model is None:
            self.PointSource.update_lens_model(lens_model_class=lens_model_class)
        x_center, y_center = self.Data.center
        search_window = np.max(self.Data.width)
        # either have the pixel resolution of the window resolved in 200x200 grid
        min_distance = min(self.Data.pixel_width, search_window / 200)
        self.PointSource.update_search_window(
            search_window=search_window,
            x_center=x_center,
            y_center=y_center,
            min_distance=min_distance,
            only_from_unspecified=True,
        )
        self._psf_error_map = self.PSF.psf_variance_map_bool
        if likelihood_mask is None:
            likelihood_mask = np.ones(data_class.num_pixel_axes)
        self.likelihood_mask = np.array(likelihood_mask, dtype=bool)
        self._mask1d = util.image2array(self.likelihood_mask)
    
        if source_model_class is None:
            source_model_class = LightModel(light_model_list=[])
        self.SourceModel = source_model_class
        if lens_light_model_class is None:
            lens_light_model_class = LightModel(light_model_list=[])
        self.LensLightModel = lens_light_model_class
        self._kwargs_numerics = kwargs_numerics
        if extinction_class is None:
            extinction_class = DifferentialExtinction(optical_depth_model=[])
        self._extinction = extinction_class
        if kwargs_pixelbased is None:
            kwargs_pixelbased = {}
        else:
            kwargs_pixelbased = kwargs_pixelbased.copy()
        self._pixelbased_bool = self._detect_pixelbased_models()
        if self._pixelbased_bool is True:
&gt;           from slitronomy.Util.class_util import (
                create_solver_class,
            )  # requirement on SLITronomy is exclusively here
E           ModuleNotFoundError: No module named 'slitronomy'

lenstronomy/ImSim/image_model.py:107: ModuleNotFoundError</error></testcase><testcase classname="test.test_ImSim.test_image_model_pixelbased.TestImageModel" name="test_lens_surface_brightness" file="test/test_ImSim/test_image_model_pixelbased.py" line="222" time="0.016"><error message="failed on setup with &quot;ModuleNotFoundError: No module named 'slitronomy'&quot;">self = &lt;test.test_ImSim.test_image_model_pixelbased.TestImageModel object at 0x7ab318e43250&gt;

    def setup_method(self):
        # data specifics
        sigma_bkg = 0.05  # background noise per pixel
        exp_time = 100  # exposure time (arbitrary units, flux per pixel is in units #photons/exp_time unit)
        numPix = 100  # cutout pixel size
        deltaPix = 0.05  # pixel size in arcsec (area per pixel = deltaPix**2)
        fwhm = 0.5  # full width half max of PSF
    
        # PSF specification
    
        kwargs_data = sim_util.data_configure_simple(
            numPix, deltaPix, exp_time, sigma_bkg, inverse=True
        )
        data_class = ImageData(**kwargs_data)
        kwargs_psf = {
            "psf_type": "GAUSSIAN",
            "fwhm": fwhm,
            "truncation": 5,
            "pixel_size": deltaPix,
        }
        psf_class = PSF(**kwargs_psf)
        kernel = psf_class.kernel_point_source
        kwargs_psf = {
            "psf_type": "PIXEL",
            "kernel_point_source": kernel,
            "psf_variance_map": np.ones_like(kernel) * 0.001,
        }
        psf_class = PSF(**kwargs_psf)
    
        # 'EXERNAL_SHEAR': external shear
        kwargs_shear = {
            "gamma1": 0.01,
            "gamma2": 0.01,
        }  # gamma_ext: shear strength, psi_ext: shear angel (in radian)
        phi, q = 0.2, 0.8
        e1, e2 = param_util.phi_q2_ellipticity(phi, q)
        kwargs_spemd = {
            "theta_E": 1.0,
            "gamma": 1.8,
            "center_x": 0,
            "center_y": 0,
            "e1": e1,
            "e2": e2,
        }
    
        lens_model_list = ["SPEP", "SHEAR"]
        self.kwargs_lens = [kwargs_spemd, kwargs_shear]
        lens_model_class = LensModel(lens_model_list=lens_model_list)
        # list of light profiles (for lens and source)
        # 'SERSIC': spherical Sersic profile
        kwargs_sersic = {
            "amp": 1.0,
            "R_sersic": 0.1,
            "n_sersic": 2,
            "center_x": 0,
            "center_y": 0,
        }
        # 'SERSIC_ELLIPSE': elliptical Sersic profile
        phi, q = 0.2, 0.9
        e1, e2 = param_util.phi_q2_ellipticity(phi, q)
        kwargs_sersic_ellipse = {
            "amp": 1.0,
            "R_sersic": 0.6,
            "n_sersic": 7,
            "center_x": 0,
            "center_y": 0,
            "e1": e1,
            "e2": e2,
        }
    
        lens_light_model_list = ["SERSIC"]
        kwargs_lens_light_base = [kwargs_sersic]
        lens_light_model_class_base = LightModel(light_model_list=lens_light_model_list)
        source_model_list = ["SERSIC_ELLIPSE"]
        kwargs_source_base = [kwargs_sersic_ellipse]
        source_model_class_base = LightModel(light_model_list=source_model_list)
        self.kwargs_ps = [
            {"ra_source": 0.01, "dec_source": 0.0, "source_amp": 1.0}
        ]  # quasar point source position in the source plane and intrinsic brightness
        point_source_class_base = PointSource(
            point_source_type_list=["SOURCE_POSITION"], fixed_magnification_list=[True]
        )
        kwargs_numerics_base = {
            "supersampling_factor": 2,
            "supersampling_convolution": False,
        }
        imageModel_base = ImageModel(
            data_class,
            psf_class,
            lens_model_class,
            source_model_class_base,
            lens_light_model_class_base,
            point_source_class_base,
            kwargs_numerics=kwargs_numerics_base,
        )
        image_sim = sim_util.simulate_simple(
            imageModel_base,
            self.kwargs_lens,
            kwargs_source_base,
            kwargs_lens_light_base,
            self.kwargs_ps,
        )
        data_class.update_data(image_sim)
    
        # create a starlet light distributions
        n_scales = 6
        source_map = imageModel_base.source_surface_brightness(
            kwargs_source_base, de_lensed=True, unconvolved=True
        )
        starlets_class = SLIT_Starlets(force_no_pysap=_force_no_pysap)
        source_map_starlets = starlets_class.decomposition_2d(source_map, n_scales)
        self.kwargs_source = [
            {
                "amp": source_map_starlets,
                "n_scales": n_scales,
                "n_pixels": numPix,
                "scale": deltaPix,
                "center_x": 0,
                "center_y": 0,
            }
        ]
        source_model_class = LightModel(light_model_list=["SLIT_STARLETS"])
        lens_light_map = imageModel_base.lens_surface_brightness(
            kwargs_lens_light_base, unconvolved=True
        )
        starlets_class = SLIT_Starlets(force_no_pysap=_force_no_pysap, second_gen=True)
        lens_light_starlets = starlets_class.decomposition_2d(lens_light_map, n_scales)
        self.kwargs_lens_light = [
            {
                "amp": lens_light_starlets,
                "n_scales": n_scales,
                "n_pixels": numPix,
                "scale": deltaPix,
                "center_x": 0,
                "center_y": 0,
            }
        ]
        lens_light_model_class = LightModel(light_model_list=["SLIT_STARLETS_GEN2"])
    
        kwargs_numerics = {"supersampling_factor": 1}
        kwargs_pixelbased = {
            "supersampling_factor_source": 2,  # supersampling of pixelated source grid
            # following choices are to minimize pixel solver runtime (not to get accurate reconstruction!)
            "threshold_decrease_type": "none",
            "num_iter_source": 2,
            "num_iter_lens": 2,
            "num_iter_global": 2,
            "num_iter_weights": 2,
        }
&gt;       self.imageModel = ImageLinearFit(
            data_class,
            psf_class,
            lens_model_class,
            source_model_class=source_model_class,
            lens_light_model_class=lens_light_model_class,
            point_source_class=None,
            kwargs_numerics=kwargs_numerics,
            kwargs_pixelbased=kwargs_pixelbased,
        )

test/test_ImSim/test_image_model_pixelbased.py:178: 
_ _ _ _ _ _ _ _ _ _ _ _ _ _ _ _ _ _ _ _ _ _ _ _ _ _ _ _ _ _ _ _ _ _ _ _ _ 
lenstronomy/ImSim/image_linear_solve.py:50: in __init__
    super(ImageLinearFit, self).__init__(
_ _ _ _ _ _ _ _ _ _ _ _ _ _ _ _ _ _ _ _ _ _ _ _ _ _ _ _ _ _ _ _ _ _ _ _ _ 

self = &lt;lenstronomy.ImSim.image_linear_solve.ImageLinearFit object at 0x7ab301544d90&gt;
data_class = &lt;lenstronomy.Data.imaging_data.ImageData object at 0x7ab301545870&gt;
psf_class = &lt;lenstronomy.Data.psf.PSF object at 0x7ab301545a50&gt;
lens_model_class = &lt;lenstronomy.LensModel.lens_model.LensModel object at 0x7ab301545930&gt;
source_model_class = &lt;lenstronomy.LightModel.light_model.LightModel object at 0x7ab301544ca0&gt;
lens_light_model_class = &lt;lenstronomy.LightModel.light_model.LightModel object at 0x7ab301544f40&gt;
point_source_class = &lt;lenstronomy.PointSource.point_source.PointSource object at 0x7ab301544a60&gt;
extinction_class = &lt;lenstronomy.ImSim.differential_extinction.DifferentialExtinction object at 0x7ab301544bb0&gt;
kwargs_numerics = {'supersampling_factor': 1}
likelihood_mask = array([[1., 1., 1., ..., 1., 1., 1.],
       [1., 1., 1., ..., 1., 1., 1.],
       [1., 1., 1., ..., 1., 1., 1.],
       ...,
       [1., 1., 1., ..., 1., 1., 1.],
       [1., 1., 1., ..., 1., 1., 1.],
       [1., 1., 1., ..., 1., 1., 1.]])
psf_error_map_bool_list = None
kwargs_pixelbased = {'num_iter_global': 2, 'num_iter_lens': 2, 'num_iter_source': 2, 'num_iter_weights': 2, ...}

    def __init__(
        self,
        data_class,
        psf_class,
        lens_model_class=None,
        source_model_class=None,
        lens_light_model_class=None,
        point_source_class=None,
        extinction_class=None,
        kwargs_numerics=None,
        likelihood_mask=None,
        psf_error_map_bool_list=None,
        kwargs_pixelbased=None,
    ):
        """
        :param data_class: instance of ImageData() or PixelGrid() class
        :param psf_class: instance of PSF() class
        :param lens_model_class: instance of LensModel() class
        :param source_model_class: instance of LightModel() class describing the source parameters
        :param lens_light_model_class: instance of LightModel() class describing the lens light parameters
        :param point_source_class: instance of PointSource() class describing the point sources
        :param extinction_class: instance of DifferentialExtinction() class
        :param kwargs_numerics: keyword arguments with various numeric description (see ImageNumerics class for options)
        :param likelihood_mask: 2d boolean array of pixels to be counted in the likelihood calculation/linear
            optimization
        :param psf_error_map_bool_list: list of boolean of length of point source models.
            Indicates whether PSF error map is used for the point source model stated as the index.
        :param kwargs_pixelbased: keyword arguments with various settings related to the pixel-based solver
            (see SLITronomy documentation)
        """
    
        self.type = "single-band"
        self.num_bands = 1
        self.PSF = psf_class
        self.Data = data_class
        if hasattr(self.Data, "flux_scaling"):
            self._flux_scaling = self.Data.flux_scaling
        else:
            self._flux_scaling = 1
        self.PSF.set_pixel_size(self.Data.pixel_width)
        if kwargs_numerics is None:
            kwargs_numerics = {}
        self.ImageNumerics = NumericsSubFrame(
            pixel_grid=self.Data, psf=self.PSF, **kwargs_numerics
        )
        if lens_model_class is None:
            lens_model_class = LensModel(lens_model_list=[])
        self.LensModel = lens_model_class
        if point_source_class is None:
            point_source_class = PointSource(point_source_type_list=[])
        self.PointSource = point_source_class
        if self.PointSource._lens_model is None:
            self.PointSource.update_lens_model(lens_model_class=lens_model_class)
        x_center, y_center = self.Data.center
        search_window = np.max(self.Data.width)
        # either have the pixel resolution of the window resolved in 200x200 grid
        min_distance = min(self.Data.pixel_width, search_window / 200)
        self.PointSource.update_search_window(
            search_window=search_window,
            x_center=x_center,
            y_center=y_center,
            min_distance=min_distance,
            only_from_unspecified=True,
        )
        self._psf_error_map = self.PSF.psf_variance_map_bool
        if likelihood_mask is None:
            likelihood_mask = np.ones(data_class.num_pixel_axes)
        self.likelihood_mask = np.array(likelihood_mask, dtype=bool)
        self._mask1d = util.image2array(self.likelihood_mask)
    
        if source_model_class is None:
            source_model_class = LightModel(light_model_list=[])
        self.SourceModel = source_model_class
        if lens_light_model_class is None:
            lens_light_model_class = LightModel(light_model_list=[])
        self.LensLightModel = lens_light_model_class
        self._kwargs_numerics = kwargs_numerics
        if extinction_class is None:
            extinction_class = DifferentialExtinction(optical_depth_model=[])
        self._extinction = extinction_class
        if kwargs_pixelbased is None:
            kwargs_pixelbased = {}
        else:
            kwargs_pixelbased = kwargs_pixelbased.copy()
        self._pixelbased_bool = self._detect_pixelbased_models()
        if self._pixelbased_bool is True:
&gt;           from slitronomy.Util.class_util import (
                create_solver_class,
            )  # requirement on SLITronomy is exclusively here
E           ModuleNotFoundError: No module named 'slitronomy'

lenstronomy/ImSim/image_model.py:107: ModuleNotFoundError</error></testcase><testcase classname="test.test_ImSim.test_image_model_pixelbased.TestImageModel" name="test_image_linear_solve" file="test/test_ImSim/test_image_model_pixelbased.py" line="231" time="0.015"><error message="failed on setup with &quot;ModuleNotFoundError: No module named 'slitronomy'&quot;">self = &lt;test.test_ImSim.test_image_model_pixelbased.TestImageModel object at 0x7ab318e41f90&gt;

    def setup_method(self):
        # data specifics
        sigma_bkg = 0.05  # background noise per pixel
        exp_time = 100  # exposure time (arbitrary units, flux per pixel is in units #photons/exp_time unit)
        numPix = 100  # cutout pixel size
        deltaPix = 0.05  # pixel size in arcsec (area per pixel = deltaPix**2)
        fwhm = 0.5  # full width half max of PSF
    
        # PSF specification
    
        kwargs_data = sim_util.data_configure_simple(
            numPix, deltaPix, exp_time, sigma_bkg, inverse=True
        )
        data_class = ImageData(**kwargs_data)
        kwargs_psf = {
            "psf_type": "GAUSSIAN",
            "fwhm": fwhm,
            "truncation": 5,
            "pixel_size": deltaPix,
        }
        psf_class = PSF(**kwargs_psf)
        kernel = psf_class.kernel_point_source
        kwargs_psf = {
            "psf_type": "PIXEL",
            "kernel_point_source": kernel,
            "psf_variance_map": np.ones_like(kernel) * 0.001,
        }
        psf_class = PSF(**kwargs_psf)
    
        # 'EXERNAL_SHEAR': external shear
        kwargs_shear = {
            "gamma1": 0.01,
            "gamma2": 0.01,
        }  # gamma_ext: shear strength, psi_ext: shear angel (in radian)
        phi, q = 0.2, 0.8
        e1, e2 = param_util.phi_q2_ellipticity(phi, q)
        kwargs_spemd = {
            "theta_E": 1.0,
            "gamma": 1.8,
            "center_x": 0,
            "center_y": 0,
            "e1": e1,
            "e2": e2,
        }
    
        lens_model_list = ["SPEP", "SHEAR"]
        self.kwargs_lens = [kwargs_spemd, kwargs_shear]
        lens_model_class = LensModel(lens_model_list=lens_model_list)
        # list of light profiles (for lens and source)
        # 'SERSIC': spherical Sersic profile
        kwargs_sersic = {
            "amp": 1.0,
            "R_sersic": 0.1,
            "n_sersic": 2,
            "center_x": 0,
            "center_y": 0,
        }
        # 'SERSIC_ELLIPSE': elliptical Sersic profile
        phi, q = 0.2, 0.9
        e1, e2 = param_util.phi_q2_ellipticity(phi, q)
        kwargs_sersic_ellipse = {
            "amp": 1.0,
            "R_sersic": 0.6,
            "n_sersic": 7,
            "center_x": 0,
            "center_y": 0,
            "e1": e1,
            "e2": e2,
        }
    
        lens_light_model_list = ["SERSIC"]
        kwargs_lens_light_base = [kwargs_sersic]
        lens_light_model_class_base = LightModel(light_model_list=lens_light_model_list)
        source_model_list = ["SERSIC_ELLIPSE"]
        kwargs_source_base = [kwargs_sersic_ellipse]
        source_model_class_base = LightModel(light_model_list=source_model_list)
        self.kwargs_ps = [
            {"ra_source": 0.01, "dec_source": 0.0, "source_amp": 1.0}
        ]  # quasar point source position in the source plane and intrinsic brightness
        point_source_class_base = PointSource(
            point_source_type_list=["SOURCE_POSITION"], fixed_magnification_list=[True]
        )
        kwargs_numerics_base = {
            "supersampling_factor": 2,
            "supersampling_convolution": False,
        }
        imageModel_base = ImageModel(
            data_class,
            psf_class,
            lens_model_class,
            source_model_class_base,
            lens_light_model_class_base,
            point_source_class_base,
            kwargs_numerics=kwargs_numerics_base,
        )
        image_sim = sim_util.simulate_simple(
            imageModel_base,
            self.kwargs_lens,
            kwargs_source_base,
            kwargs_lens_light_base,
            self.kwargs_ps,
        )
        data_class.update_data(image_sim)
    
        # create a starlet light distributions
        n_scales = 6
        source_map = imageModel_base.source_surface_brightness(
            kwargs_source_base, de_lensed=True, unconvolved=True
        )
        starlets_class = SLIT_Starlets(force_no_pysap=_force_no_pysap)
        source_map_starlets = starlets_class.decomposition_2d(source_map, n_scales)
        self.kwargs_source = [
            {
                "amp": source_map_starlets,
                "n_scales": n_scales,
                "n_pixels": numPix,
                "scale": deltaPix,
                "center_x": 0,
                "center_y": 0,
            }
        ]
        source_model_class = LightModel(light_model_list=["SLIT_STARLETS"])
        lens_light_map = imageModel_base.lens_surface_brightness(
            kwargs_lens_light_base, unconvolved=True
        )
        starlets_class = SLIT_Starlets(force_no_pysap=_force_no_pysap, second_gen=True)
        lens_light_starlets = starlets_class.decomposition_2d(lens_light_map, n_scales)
        self.kwargs_lens_light = [
            {
                "amp": lens_light_starlets,
                "n_scales": n_scales,
                "n_pixels": numPix,
                "scale": deltaPix,
                "center_x": 0,
                "center_y": 0,
            }
        ]
        lens_light_model_class = LightModel(light_model_list=["SLIT_STARLETS_GEN2"])
    
        kwargs_numerics = {"supersampling_factor": 1}
        kwargs_pixelbased = {
            "supersampling_factor_source": 2,  # supersampling of pixelated source grid
            # following choices are to minimize pixel solver runtime (not to get accurate reconstruction!)
            "threshold_decrease_type": "none",
            "num_iter_source": 2,
            "num_iter_lens": 2,
            "num_iter_global": 2,
            "num_iter_weights": 2,
        }
&gt;       self.imageModel = ImageLinearFit(
            data_class,
            psf_class,
            lens_model_class,
            source_model_class=source_model_class,
            lens_light_model_class=lens_light_model_class,
            point_source_class=None,
            kwargs_numerics=kwargs_numerics,
            kwargs_pixelbased=kwargs_pixelbased,
        )

test/test_ImSim/test_image_model_pixelbased.py:178: 
_ _ _ _ _ _ _ _ _ _ _ _ _ _ _ _ _ _ _ _ _ _ _ _ _ _ _ _ _ _ _ _ _ _ _ _ _ 
lenstronomy/ImSim/image_linear_solve.py:50: in __init__
    super(ImageLinearFit, self).__init__(
_ _ _ _ _ _ _ _ _ _ _ _ _ _ _ _ _ _ _ _ _ _ _ _ _ _ _ _ _ _ _ _ _ _ _ _ _ 

self = &lt;lenstronomy.ImSim.image_linear_solve.ImageLinearFit object at 0x7ab30152f490&gt;
data_class = &lt;lenstronomy.Data.imaging_data.ImageData object at 0x7ab30152f5e0&gt;
psf_class = &lt;lenstronomy.Data.psf.PSF object at 0x7ab30152f5b0&gt;
lens_model_class = &lt;lenstronomy.LensModel.lens_model.LensModel object at 0x7ab30152f160&gt;
source_model_class = &lt;lenstronomy.LightModel.light_model.LightModel object at 0x7ab30152f220&gt;
lens_light_model_class = &lt;lenstronomy.LightModel.light_model.LightModel object at 0x7ab30152f2e0&gt;
point_source_class = &lt;lenstronomy.PointSource.point_source.PointSource object at 0x7ab30152f3a0&gt;
extinction_class = &lt;lenstronomy.ImSim.differential_extinction.DifferentialExtinction object at 0x7ab30152e5f0&gt;
kwargs_numerics = {'supersampling_factor': 1}
likelihood_mask = array([[1., 1., 1., ..., 1., 1., 1.],
       [1., 1., 1., ..., 1., 1., 1.],
       [1., 1., 1., ..., 1., 1., 1.],
       ...,
       [1., 1., 1., ..., 1., 1., 1.],
       [1., 1., 1., ..., 1., 1., 1.],
       [1., 1., 1., ..., 1., 1., 1.]])
psf_error_map_bool_list = None
kwargs_pixelbased = {'num_iter_global': 2, 'num_iter_lens': 2, 'num_iter_source': 2, 'num_iter_weights': 2, ...}

    def __init__(
        self,
        data_class,
        psf_class,
        lens_model_class=None,
        source_model_class=None,
        lens_light_model_class=None,
        point_source_class=None,
        extinction_class=None,
        kwargs_numerics=None,
        likelihood_mask=None,
        psf_error_map_bool_list=None,
        kwargs_pixelbased=None,
    ):
        """
        :param data_class: instance of ImageData() or PixelGrid() class
        :param psf_class: instance of PSF() class
        :param lens_model_class: instance of LensModel() class
        :param source_model_class: instance of LightModel() class describing the source parameters
        :param lens_light_model_class: instance of LightModel() class describing the lens light parameters
        :param point_source_class: instance of PointSource() class describing the point sources
        :param extinction_class: instance of DifferentialExtinction() class
        :param kwargs_numerics: keyword arguments with various numeric description (see ImageNumerics class for options)
        :param likelihood_mask: 2d boolean array of pixels to be counted in the likelihood calculation/linear
            optimization
        :param psf_error_map_bool_list: list of boolean of length of point source models.
            Indicates whether PSF error map is used for the point source model stated as the index.
        :param kwargs_pixelbased: keyword arguments with various settings related to the pixel-based solver
            (see SLITronomy documentation)
        """
    
        self.type = "single-band"
        self.num_bands = 1
        self.PSF = psf_class
        self.Data = data_class
        if hasattr(self.Data, "flux_scaling"):
            self._flux_scaling = self.Data.flux_scaling
        else:
            self._flux_scaling = 1
        self.PSF.set_pixel_size(self.Data.pixel_width)
        if kwargs_numerics is None:
            kwargs_numerics = {}
        self.ImageNumerics = NumericsSubFrame(
            pixel_grid=self.Data, psf=self.PSF, **kwargs_numerics
        )
        if lens_model_class is None:
            lens_model_class = LensModel(lens_model_list=[])
        self.LensModel = lens_model_class
        if point_source_class is None:
            point_source_class = PointSource(point_source_type_list=[])
        self.PointSource = point_source_class
        if self.PointSource._lens_model is None:
            self.PointSource.update_lens_model(lens_model_class=lens_model_class)
        x_center, y_center = self.Data.center
        search_window = np.max(self.Data.width)
        # either have the pixel resolution of the window resolved in 200x200 grid
        min_distance = min(self.Data.pixel_width, search_window / 200)
        self.PointSource.update_search_window(
            search_window=search_window,
            x_center=x_center,
            y_center=y_center,
            min_distance=min_distance,
            only_from_unspecified=True,
        )
        self._psf_error_map = self.PSF.psf_variance_map_bool
        if likelihood_mask is None:
            likelihood_mask = np.ones(data_class.num_pixel_axes)
        self.likelihood_mask = np.array(likelihood_mask, dtype=bool)
        self._mask1d = util.image2array(self.likelihood_mask)
    
        if source_model_class is None:
            source_model_class = LightModel(light_model_list=[])
        self.SourceModel = source_model_class
        if lens_light_model_class is None:
            lens_light_model_class = LightModel(light_model_list=[])
        self.LensLightModel = lens_light_model_class
        self._kwargs_numerics = kwargs_numerics
        if extinction_class is None:
            extinction_class = DifferentialExtinction(optical_depth_model=[])
        self._extinction = extinction_class
        if kwargs_pixelbased is None:
            kwargs_pixelbased = {}
        else:
            kwargs_pixelbased = kwargs_pixelbased.copy()
        self._pixelbased_bool = self._detect_pixelbased_models()
        if self._pixelbased_bool is True:
&gt;           from slitronomy.Util.class_util import (
                create_solver_class,
            )  # requirement on SLITronomy is exclusively here
E           ModuleNotFoundError: No module named 'slitronomy'

lenstronomy/ImSim/image_model.py:107: ModuleNotFoundError</error></testcase><testcase classname="test.test_ImSim.test_image_model_pixelbased.TestImageModel" name="test_image_with_params" file="test/test_ImSim/test_image_model_pixelbased.py" line="244" time="0.013"><error message="failed on setup with &quot;ModuleNotFoundError: No module named 'slitronomy'&quot;">self = &lt;test.test_ImSim.test_image_model_pixelbased.TestImageModel object at 0x7ab318e422c0&gt;

    def setup_method(self):
        # data specifics
        sigma_bkg = 0.05  # background noise per pixel
        exp_time = 100  # exposure time (arbitrary units, flux per pixel is in units #photons/exp_time unit)
        numPix = 100  # cutout pixel size
        deltaPix = 0.05  # pixel size in arcsec (area per pixel = deltaPix**2)
        fwhm = 0.5  # full width half max of PSF
    
        # PSF specification
    
        kwargs_data = sim_util.data_configure_simple(
            numPix, deltaPix, exp_time, sigma_bkg, inverse=True
        )
        data_class = ImageData(**kwargs_data)
        kwargs_psf = {
            "psf_type": "GAUSSIAN",
            "fwhm": fwhm,
            "truncation": 5,
            "pixel_size": deltaPix,
        }
        psf_class = PSF(**kwargs_psf)
        kernel = psf_class.kernel_point_source
        kwargs_psf = {
            "psf_type": "PIXEL",
            "kernel_point_source": kernel,
            "psf_variance_map": np.ones_like(kernel) * 0.001,
        }
        psf_class = PSF(**kwargs_psf)
    
        # 'EXERNAL_SHEAR': external shear
        kwargs_shear = {
            "gamma1": 0.01,
            "gamma2": 0.01,
        }  # gamma_ext: shear strength, psi_ext: shear angel (in radian)
        phi, q = 0.2, 0.8
        e1, e2 = param_util.phi_q2_ellipticity(phi, q)
        kwargs_spemd = {
            "theta_E": 1.0,
            "gamma": 1.8,
            "center_x": 0,
            "center_y": 0,
            "e1": e1,
            "e2": e2,
        }
    
        lens_model_list = ["SPEP", "SHEAR"]
        self.kwargs_lens = [kwargs_spemd, kwargs_shear]
        lens_model_class = LensModel(lens_model_list=lens_model_list)
        # list of light profiles (for lens and source)
        # 'SERSIC': spherical Sersic profile
        kwargs_sersic = {
            "amp": 1.0,
            "R_sersic": 0.1,
            "n_sersic": 2,
            "center_x": 0,
            "center_y": 0,
        }
        # 'SERSIC_ELLIPSE': elliptical Sersic profile
        phi, q = 0.2, 0.9
        e1, e2 = param_util.phi_q2_ellipticity(phi, q)
        kwargs_sersic_ellipse = {
            "amp": 1.0,
            "R_sersic": 0.6,
            "n_sersic": 7,
            "center_x": 0,
            "center_y": 0,
            "e1": e1,
            "e2": e2,
        }
    
        lens_light_model_list = ["SERSIC"]
        kwargs_lens_light_base = [kwargs_sersic]
        lens_light_model_class_base = LightModel(light_model_list=lens_light_model_list)
        source_model_list = ["SERSIC_ELLIPSE"]
        kwargs_source_base = [kwargs_sersic_ellipse]
        source_model_class_base = LightModel(light_model_list=source_model_list)
        self.kwargs_ps = [
            {"ra_source": 0.01, "dec_source": 0.0, "source_amp": 1.0}
        ]  # quasar point source position in the source plane and intrinsic brightness
        point_source_class_base = PointSource(
            point_source_type_list=["SOURCE_POSITION"], fixed_magnification_list=[True]
        )
        kwargs_numerics_base = {
            "supersampling_factor": 2,
            "supersampling_convolution": False,
        }
        imageModel_base = ImageModel(
            data_class,
            psf_class,
            lens_model_class,
            source_model_class_base,
            lens_light_model_class_base,
            point_source_class_base,
            kwargs_numerics=kwargs_numerics_base,
        )
        image_sim = sim_util.simulate_simple(
            imageModel_base,
            self.kwargs_lens,
            kwargs_source_base,
            kwargs_lens_light_base,
            self.kwargs_ps,
        )
        data_class.update_data(image_sim)
    
        # create a starlet light distributions
        n_scales = 6
        source_map = imageModel_base.source_surface_brightness(
            kwargs_source_base, de_lensed=True, unconvolved=True
        )
        starlets_class = SLIT_Starlets(force_no_pysap=_force_no_pysap)
        source_map_starlets = starlets_class.decomposition_2d(source_map, n_scales)
        self.kwargs_source = [
            {
                "amp": source_map_starlets,
                "n_scales": n_scales,
                "n_pixels": numPix,
                "scale": deltaPix,
                "center_x": 0,
                "center_y": 0,
            }
        ]
        source_model_class = LightModel(light_model_list=["SLIT_STARLETS"])
        lens_light_map = imageModel_base.lens_surface_brightness(
            kwargs_lens_light_base, unconvolved=True
        )
        starlets_class = SLIT_Starlets(force_no_pysap=_force_no_pysap, second_gen=True)
        lens_light_starlets = starlets_class.decomposition_2d(lens_light_map, n_scales)
        self.kwargs_lens_light = [
            {
                "amp": lens_light_starlets,
                "n_scales": n_scales,
                "n_pixels": numPix,
                "scale": deltaPix,
                "center_x": 0,
                "center_y": 0,
            }
        ]
        lens_light_model_class = LightModel(light_model_list=["SLIT_STARLETS_GEN2"])
    
        kwargs_numerics = {"supersampling_factor": 1}
        kwargs_pixelbased = {
            "supersampling_factor_source": 2,  # supersampling of pixelated source grid
            # following choices are to minimize pixel solver runtime (not to get accurate reconstruction!)
            "threshold_decrease_type": "none",
            "num_iter_source": 2,
            "num_iter_lens": 2,
            "num_iter_global": 2,
            "num_iter_weights": 2,
        }
&gt;       self.imageModel = ImageLinearFit(
            data_class,
            psf_class,
            lens_model_class,
            source_model_class=source_model_class,
            lens_light_model_class=lens_light_model_class,
            point_source_class=None,
            kwargs_numerics=kwargs_numerics,
            kwargs_pixelbased=kwargs_pixelbased,
        )

test/test_ImSim/test_image_model_pixelbased.py:178: 
_ _ _ _ _ _ _ _ _ _ _ _ _ _ _ _ _ _ _ _ _ _ _ _ _ _ _ _ _ _ _ _ _ _ _ _ _ 
lenstronomy/ImSim/image_linear_solve.py:50: in __init__
    super(ImageLinearFit, self).__init__(
_ _ _ _ _ _ _ _ _ _ _ _ _ _ _ _ _ _ _ _ _ _ _ _ _ _ _ _ _ _ _ _ _ _ _ _ _ 

self = &lt;lenstronomy.ImSim.image_linear_solve.ImageLinearFit object at 0x7ab3015469b0&gt;
data_class = &lt;lenstronomy.Data.imaging_data.ImageData object at 0x7ab301547490&gt;
psf_class = &lt;lenstronomy.Data.psf.PSF object at 0x7ab3015473a0&gt;
lens_model_class = &lt;lenstronomy.LensModel.lens_model.LensModel object at 0x7ab301547580&gt;
source_model_class = &lt;lenstronomy.LightModel.light_model.LightModel object at 0x7ab301546800&gt;
lens_light_model_class = &lt;lenstronomy.LightModel.light_model.LightModel object at 0x7ab301546a10&gt;
point_source_class = &lt;lenstronomy.PointSource.point_source.PointSource object at 0x7ab301546740&gt;
extinction_class = &lt;lenstronomy.ImSim.differential_extinction.DifferentialExtinction object at 0x7ab301546440&gt;
kwargs_numerics = {'supersampling_factor': 1}
likelihood_mask = array([[1., 1., 1., ..., 1., 1., 1.],
       [1., 1., 1., ..., 1., 1., 1.],
       [1., 1., 1., ..., 1., 1., 1.],
       ...,
       [1., 1., 1., ..., 1., 1., 1.],
       [1., 1., 1., ..., 1., 1., 1.],
       [1., 1., 1., ..., 1., 1., 1.]])
psf_error_map_bool_list = None
kwargs_pixelbased = {'num_iter_global': 2, 'num_iter_lens': 2, 'num_iter_source': 2, 'num_iter_weights': 2, ...}

    def __init__(
        self,
        data_class,
        psf_class,
        lens_model_class=None,
        source_model_class=None,
        lens_light_model_class=None,
        point_source_class=None,
        extinction_class=None,
        kwargs_numerics=None,
        likelihood_mask=None,
        psf_error_map_bool_list=None,
        kwargs_pixelbased=None,
    ):
        """
        :param data_class: instance of ImageData() or PixelGrid() class
        :param psf_class: instance of PSF() class
        :param lens_model_class: instance of LensModel() class
        :param source_model_class: instance of LightModel() class describing the source parameters
        :param lens_light_model_class: instance of LightModel() class describing the lens light parameters
        :param point_source_class: instance of PointSource() class describing the point sources
        :param extinction_class: instance of DifferentialExtinction() class
        :param kwargs_numerics: keyword arguments with various numeric description (see ImageNumerics class for options)
        :param likelihood_mask: 2d boolean array of pixels to be counted in the likelihood calculation/linear
            optimization
        :param psf_error_map_bool_list: list of boolean of length of point source models.
            Indicates whether PSF error map is used for the point source model stated as the index.
        :param kwargs_pixelbased: keyword arguments with various settings related to the pixel-based solver
            (see SLITronomy documentation)
        """
    
        self.type = "single-band"
        self.num_bands = 1
        self.PSF = psf_class
        self.Data = data_class
        if hasattr(self.Data, "flux_scaling"):
            self._flux_scaling = self.Data.flux_scaling
        else:
            self._flux_scaling = 1
        self.PSF.set_pixel_size(self.Data.pixel_width)
        if kwargs_numerics is None:
            kwargs_numerics = {}
        self.ImageNumerics = NumericsSubFrame(
            pixel_grid=self.Data, psf=self.PSF, **kwargs_numerics
        )
        if lens_model_class is None:
            lens_model_class = LensModel(lens_model_list=[])
        self.LensModel = lens_model_class
        if point_source_class is None:
            point_source_class = PointSource(point_source_type_list=[])
        self.PointSource = point_source_class
        if self.PointSource._lens_model is None:
            self.PointSource.update_lens_model(lens_model_class=lens_model_class)
        x_center, y_center = self.Data.center
        search_window = np.max(self.Data.width)
        # either have the pixel resolution of the window resolved in 200x200 grid
        min_distance = min(self.Data.pixel_width, search_window / 200)
        self.PointSource.update_search_window(
            search_window=search_window,
            x_center=x_center,
            y_center=y_center,
            min_distance=min_distance,
            only_from_unspecified=True,
        )
        self._psf_error_map = self.PSF.psf_variance_map_bool
        if likelihood_mask is None:
            likelihood_mask = np.ones(data_class.num_pixel_axes)
        self.likelihood_mask = np.array(likelihood_mask, dtype=bool)
        self._mask1d = util.image2array(self.likelihood_mask)
    
        if source_model_class is None:
            source_model_class = LightModel(light_model_list=[])
        self.SourceModel = source_model_class
        if lens_light_model_class is None:
            lens_light_model_class = LightModel(light_model_list=[])
        self.LensLightModel = lens_light_model_class
        self._kwargs_numerics = kwargs_numerics
        if extinction_class is None:
            extinction_class = DifferentialExtinction(optical_depth_model=[])
        self._extinction = extinction_class
        if kwargs_pixelbased is None:
            kwargs_pixelbased = {}
        else:
            kwargs_pixelbased = kwargs_pixelbased.copy()
        self._pixelbased_bool = self._detect_pixelbased_models()
        if self._pixelbased_bool is True:
&gt;           from slitronomy.Util.class_util import (
                create_solver_class,
            )  # requirement on SLITronomy is exclusively here
E           ModuleNotFoundError: No module named 'slitronomy'

lenstronomy/ImSim/image_model.py:107: ModuleNotFoundError</error></testcase><testcase classname="test.test_ImSim.test_image_model_pixelbased.TestImageModel" name="test_likelihood_data_given_model" file="test/test_ImSim/test_image_model_pixelbased.py" line="259" time="0.012"><error message="failed on setup with &quot;ModuleNotFoundError: No module named 'slitronomy'&quot;">self = &lt;test.test_ImSim.test_image_model_pixelbased.TestImageModel object at 0x7ab318e42fb0&gt;

    def setup_method(self):
        # data specifics
        sigma_bkg = 0.05  # background noise per pixel
        exp_time = 100  # exposure time (arbitrary units, flux per pixel is in units #photons/exp_time unit)
        numPix = 100  # cutout pixel size
        deltaPix = 0.05  # pixel size in arcsec (area per pixel = deltaPix**2)
        fwhm = 0.5  # full width half max of PSF
    
        # PSF specification
    
        kwargs_data = sim_util.data_configure_simple(
            numPix, deltaPix, exp_time, sigma_bkg, inverse=True
        )
        data_class = ImageData(**kwargs_data)
        kwargs_psf = {
            "psf_type": "GAUSSIAN",
            "fwhm": fwhm,
            "truncation": 5,
            "pixel_size": deltaPix,
        }
        psf_class = PSF(**kwargs_psf)
        kernel = psf_class.kernel_point_source
        kwargs_psf = {
            "psf_type": "PIXEL",
            "kernel_point_source": kernel,
            "psf_variance_map": np.ones_like(kernel) * 0.001,
        }
        psf_class = PSF(**kwargs_psf)
    
        # 'EXERNAL_SHEAR': external shear
        kwargs_shear = {
            "gamma1": 0.01,
            "gamma2": 0.01,
        }  # gamma_ext: shear strength, psi_ext: shear angel (in radian)
        phi, q = 0.2, 0.8
        e1, e2 = param_util.phi_q2_ellipticity(phi, q)
        kwargs_spemd = {
            "theta_E": 1.0,
            "gamma": 1.8,
            "center_x": 0,
            "center_y": 0,
            "e1": e1,
            "e2": e2,
        }
    
        lens_model_list = ["SPEP", "SHEAR"]
        self.kwargs_lens = [kwargs_spemd, kwargs_shear]
        lens_model_class = LensModel(lens_model_list=lens_model_list)
        # list of light profiles (for lens and source)
        # 'SERSIC': spherical Sersic profile
        kwargs_sersic = {
            "amp": 1.0,
            "R_sersic": 0.1,
            "n_sersic": 2,
            "center_x": 0,
            "center_y": 0,
        }
        # 'SERSIC_ELLIPSE': elliptical Sersic profile
        phi, q = 0.2, 0.9
        e1, e2 = param_util.phi_q2_ellipticity(phi, q)
        kwargs_sersic_ellipse = {
            "amp": 1.0,
            "R_sersic": 0.6,
            "n_sersic": 7,
            "center_x": 0,
            "center_y": 0,
            "e1": e1,
            "e2": e2,
        }
    
        lens_light_model_list = ["SERSIC"]
        kwargs_lens_light_base = [kwargs_sersic]
        lens_light_model_class_base = LightModel(light_model_list=lens_light_model_list)
        source_model_list = ["SERSIC_ELLIPSE"]
        kwargs_source_base = [kwargs_sersic_ellipse]
        source_model_class_base = LightModel(light_model_list=source_model_list)
        self.kwargs_ps = [
            {"ra_source": 0.01, "dec_source": 0.0, "source_amp": 1.0}
        ]  # quasar point source position in the source plane and intrinsic brightness
        point_source_class_base = PointSource(
            point_source_type_list=["SOURCE_POSITION"], fixed_magnification_list=[True]
        )
        kwargs_numerics_base = {
            "supersampling_factor": 2,
            "supersampling_convolution": False,
        }
        imageModel_base = ImageModel(
            data_class,
            psf_class,
            lens_model_class,
            source_model_class_base,
            lens_light_model_class_base,
            point_source_class_base,
            kwargs_numerics=kwargs_numerics_base,
        )
        image_sim = sim_util.simulate_simple(
            imageModel_base,
            self.kwargs_lens,
            kwargs_source_base,
            kwargs_lens_light_base,
            self.kwargs_ps,
        )
        data_class.update_data(image_sim)
    
        # create a starlet light distributions
        n_scales = 6
        source_map = imageModel_base.source_surface_brightness(
            kwargs_source_base, de_lensed=True, unconvolved=True
        )
        starlets_class = SLIT_Starlets(force_no_pysap=_force_no_pysap)
        source_map_starlets = starlets_class.decomposition_2d(source_map, n_scales)
        self.kwargs_source = [
            {
                "amp": source_map_starlets,
                "n_scales": n_scales,
                "n_pixels": numPix,
                "scale": deltaPix,
                "center_x": 0,
                "center_y": 0,
            }
        ]
        source_model_class = LightModel(light_model_list=["SLIT_STARLETS"])
        lens_light_map = imageModel_base.lens_surface_brightness(
            kwargs_lens_light_base, unconvolved=True
        )
        starlets_class = SLIT_Starlets(force_no_pysap=_force_no_pysap, second_gen=True)
        lens_light_starlets = starlets_class.decomposition_2d(lens_light_map, n_scales)
        self.kwargs_lens_light = [
            {
                "amp": lens_light_starlets,
                "n_scales": n_scales,
                "n_pixels": numPix,
                "scale": deltaPix,
                "center_x": 0,
                "center_y": 0,
            }
        ]
        lens_light_model_class = LightModel(light_model_list=["SLIT_STARLETS_GEN2"])
    
        kwargs_numerics = {"supersampling_factor": 1}
        kwargs_pixelbased = {
            "supersampling_factor_source": 2,  # supersampling of pixelated source grid
            # following choices are to minimize pixel solver runtime (not to get accurate reconstruction!)
            "threshold_decrease_type": "none",
            "num_iter_source": 2,
            "num_iter_lens": 2,
            "num_iter_global": 2,
            "num_iter_weights": 2,
        }
&gt;       self.imageModel = ImageLinearFit(
            data_class,
            psf_class,
            lens_model_class,
            source_model_class=source_model_class,
            lens_light_model_class=lens_light_model_class,
            point_source_class=None,
            kwargs_numerics=kwargs_numerics,
            kwargs_pixelbased=kwargs_pixelbased,
        )

test/test_ImSim/test_image_model_pixelbased.py:178: 
_ _ _ _ _ _ _ _ _ _ _ _ _ _ _ _ _ _ _ _ _ _ _ _ _ _ _ _ _ _ _ _ _ _ _ _ _ 
lenstronomy/ImSim/image_linear_solve.py:50: in __init__
    super(ImageLinearFit, self).__init__(
_ _ _ _ _ _ _ _ _ _ _ _ _ _ _ _ _ _ _ _ _ _ _ _ _ _ _ _ _ _ _ _ _ _ _ _ _ 

self = &lt;lenstronomy.ImSim.image_linear_solve.ImageLinearFit object at 0x7ab3014ca560&gt;
data_class = &lt;lenstronomy.Data.imaging_data.ImageData object at 0x7ab3014caf20&gt;
psf_class = &lt;lenstronomy.Data.psf.PSF object at 0x7ab3014caef0&gt;
lens_model_class = &lt;lenstronomy.LensModel.lens_model.LensModel object at 0x7ab3014cae90&gt;
source_model_class = &lt;lenstronomy.LightModel.light_model.LightModel object at 0x7ab3014cb310&gt;
lens_light_model_class = &lt;lenstronomy.LightModel.light_model.LightModel object at 0x7ab3014cb3d0&gt;
point_source_class = &lt;lenstronomy.PointSource.point_source.PointSource object at 0x7ab3014ca2f0&gt;
extinction_class = &lt;lenstronomy.ImSim.differential_extinction.DifferentialExtinction object at 0x7ab3014ca410&gt;
kwargs_numerics = {'supersampling_factor': 1}
likelihood_mask = array([[1., 1., 1., ..., 1., 1., 1.],
       [1., 1., 1., ..., 1., 1., 1.],
       [1., 1., 1., ..., 1., 1., 1.],
       ...,
       [1., 1., 1., ..., 1., 1., 1.],
       [1., 1., 1., ..., 1., 1., 1.],
       [1., 1., 1., ..., 1., 1., 1.]])
psf_error_map_bool_list = None
kwargs_pixelbased = {'num_iter_global': 2, 'num_iter_lens': 2, 'num_iter_source': 2, 'num_iter_weights': 2, ...}

    def __init__(
        self,
        data_class,
        psf_class,
        lens_model_class=None,
        source_model_class=None,
        lens_light_model_class=None,
        point_source_class=None,
        extinction_class=None,
        kwargs_numerics=None,
        likelihood_mask=None,
        psf_error_map_bool_list=None,
        kwargs_pixelbased=None,
    ):
        """
        :param data_class: instance of ImageData() or PixelGrid() class
        :param psf_class: instance of PSF() class
        :param lens_model_class: instance of LensModel() class
        :param source_model_class: instance of LightModel() class describing the source parameters
        :param lens_light_model_class: instance of LightModel() class describing the lens light parameters
        :param point_source_class: instance of PointSource() class describing the point sources
        :param extinction_class: instance of DifferentialExtinction() class
        :param kwargs_numerics: keyword arguments with various numeric description (see ImageNumerics class for options)
        :param likelihood_mask: 2d boolean array of pixels to be counted in the likelihood calculation/linear
            optimization
        :param psf_error_map_bool_list: list of boolean of length of point source models.
            Indicates whether PSF error map is used for the point source model stated as the index.
        :param kwargs_pixelbased: keyword arguments with various settings related to the pixel-based solver
            (see SLITronomy documentation)
        """
    
        self.type = "single-band"
        self.num_bands = 1
        self.PSF = psf_class
        self.Data = data_class
        if hasattr(self.Data, "flux_scaling"):
            self._flux_scaling = self.Data.flux_scaling
        else:
            self._flux_scaling = 1
        self.PSF.set_pixel_size(self.Data.pixel_width)
        if kwargs_numerics is None:
            kwargs_numerics = {}
        self.ImageNumerics = NumericsSubFrame(
            pixel_grid=self.Data, psf=self.PSF, **kwargs_numerics
        )
        if lens_model_class is None:
            lens_model_class = LensModel(lens_model_list=[])
        self.LensModel = lens_model_class
        if point_source_class is None:
            point_source_class = PointSource(point_source_type_list=[])
        self.PointSource = point_source_class
        if self.PointSource._lens_model is None:
            self.PointSource.update_lens_model(lens_model_class=lens_model_class)
        x_center, y_center = self.Data.center
        search_window = np.max(self.Data.width)
        # either have the pixel resolution of the window resolved in 200x200 grid
        min_distance = min(self.Data.pixel_width, search_window / 200)
        self.PointSource.update_search_window(
            search_window=search_window,
            x_center=x_center,
            y_center=y_center,
            min_distance=min_distance,
            only_from_unspecified=True,
        )
        self._psf_error_map = self.PSF.psf_variance_map_bool
        if likelihood_mask is None:
            likelihood_mask = np.ones(data_class.num_pixel_axes)
        self.likelihood_mask = np.array(likelihood_mask, dtype=bool)
        self._mask1d = util.image2array(self.likelihood_mask)
    
        if source_model_class is None:
            source_model_class = LightModel(light_model_list=[])
        self.SourceModel = source_model_class
        if lens_light_model_class is None:
            lens_light_model_class = LightModel(light_model_list=[])
        self.LensLightModel = lens_light_model_class
        self._kwargs_numerics = kwargs_numerics
        if extinction_class is None:
            extinction_class = DifferentialExtinction(optical_depth_model=[])
        self._extinction = extinction_class
        if kwargs_pixelbased is None:
            kwargs_pixelbased = {}
        else:
            kwargs_pixelbased = kwargs_pixelbased.copy()
        self._pixelbased_bool = self._detect_pixelbased_models()
        if self._pixelbased_bool is True:
&gt;           from slitronomy.Util.class_util import (
                create_solver_class,
            )  # requirement on SLITronomy is exclusively here
E           ModuleNotFoundError: No module named 'slitronomy'

lenstronomy/ImSim/image_model.py:107: ModuleNotFoundError</error></testcase><testcase classname="test.test_ImSim.test_image_model_pixelbased.TestImageModel" name="test_reduced_residuals" file="test/test_ImSim/test_image_model_pixelbased.py" line="269" time="0.012"><error message="failed on setup with &quot;ModuleNotFoundError: No module named 'slitronomy'&quot;">self = &lt;test.test_ImSim.test_image_model_pixelbased.TestImageModel object at 0x7ab318e0c7c0&gt;

    def setup_method(self):
        # data specifics
        sigma_bkg = 0.05  # background noise per pixel
        exp_time = 100  # exposure time (arbitrary units, flux per pixel is in units #photons/exp_time unit)
        numPix = 100  # cutout pixel size
        deltaPix = 0.05  # pixel size in arcsec (area per pixel = deltaPix**2)
        fwhm = 0.5  # full width half max of PSF
    
        # PSF specification
    
        kwargs_data = sim_util.data_configure_simple(
            numPix, deltaPix, exp_time, sigma_bkg, inverse=True
        )
        data_class = ImageData(**kwargs_data)
        kwargs_psf = {
            "psf_type": "GAUSSIAN",
            "fwhm": fwhm,
            "truncation": 5,
            "pixel_size": deltaPix,
        }
        psf_class = PSF(**kwargs_psf)
        kernel = psf_class.kernel_point_source
        kwargs_psf = {
            "psf_type": "PIXEL",
            "kernel_point_source": kernel,
            "psf_variance_map": np.ones_like(kernel) * 0.001,
        }
        psf_class = PSF(**kwargs_psf)
    
        # 'EXERNAL_SHEAR': external shear
        kwargs_shear = {
            "gamma1": 0.01,
            "gamma2": 0.01,
        }  # gamma_ext: shear strength, psi_ext: shear angel (in radian)
        phi, q = 0.2, 0.8
        e1, e2 = param_util.phi_q2_ellipticity(phi, q)
        kwargs_spemd = {
            "theta_E": 1.0,
            "gamma": 1.8,
            "center_x": 0,
            "center_y": 0,
            "e1": e1,
            "e2": e2,
        }
    
        lens_model_list = ["SPEP", "SHEAR"]
        self.kwargs_lens = [kwargs_spemd, kwargs_shear]
        lens_model_class = LensModel(lens_model_list=lens_model_list)
        # list of light profiles (for lens and source)
        # 'SERSIC': spherical Sersic profile
        kwargs_sersic = {
            "amp": 1.0,
            "R_sersic": 0.1,
            "n_sersic": 2,
            "center_x": 0,
            "center_y": 0,
        }
        # 'SERSIC_ELLIPSE': elliptical Sersic profile
        phi, q = 0.2, 0.9
        e1, e2 = param_util.phi_q2_ellipticity(phi, q)
        kwargs_sersic_ellipse = {
            "amp": 1.0,
            "R_sersic": 0.6,
            "n_sersic": 7,
            "center_x": 0,
            "center_y": 0,
            "e1": e1,
            "e2": e2,
        }
    
        lens_light_model_list = ["SERSIC"]
        kwargs_lens_light_base = [kwargs_sersic]
        lens_light_model_class_base = LightModel(light_model_list=lens_light_model_list)
        source_model_list = ["SERSIC_ELLIPSE"]
        kwargs_source_base = [kwargs_sersic_ellipse]
        source_model_class_base = LightModel(light_model_list=source_model_list)
        self.kwargs_ps = [
            {"ra_source": 0.01, "dec_source": 0.0, "source_amp": 1.0}
        ]  # quasar point source position in the source plane and intrinsic brightness
        point_source_class_base = PointSource(
            point_source_type_list=["SOURCE_POSITION"], fixed_magnification_list=[True]
        )
        kwargs_numerics_base = {
            "supersampling_factor": 2,
            "supersampling_convolution": False,
        }
        imageModel_base = ImageModel(
            data_class,
            psf_class,
            lens_model_class,
            source_model_class_base,
            lens_light_model_class_base,
            point_source_class_base,
            kwargs_numerics=kwargs_numerics_base,
        )
        image_sim = sim_util.simulate_simple(
            imageModel_base,
            self.kwargs_lens,
            kwargs_source_base,
            kwargs_lens_light_base,
            self.kwargs_ps,
        )
        data_class.update_data(image_sim)
    
        # create a starlet light distributions
        n_scales = 6
        source_map = imageModel_base.source_surface_brightness(
            kwargs_source_base, de_lensed=True, unconvolved=True
        )
        starlets_class = SLIT_Starlets(force_no_pysap=_force_no_pysap)
        source_map_starlets = starlets_class.decomposition_2d(source_map, n_scales)
        self.kwargs_source = [
            {
                "amp": source_map_starlets,
                "n_scales": n_scales,
                "n_pixels": numPix,
                "scale": deltaPix,
                "center_x": 0,
                "center_y": 0,
            }
        ]
        source_model_class = LightModel(light_model_list=["SLIT_STARLETS"])
        lens_light_map = imageModel_base.lens_surface_brightness(
            kwargs_lens_light_base, unconvolved=True
        )
        starlets_class = SLIT_Starlets(force_no_pysap=_force_no_pysap, second_gen=True)
        lens_light_starlets = starlets_class.decomposition_2d(lens_light_map, n_scales)
        self.kwargs_lens_light = [
            {
                "amp": lens_light_starlets,
                "n_scales": n_scales,
                "n_pixels": numPix,
                "scale": deltaPix,
                "center_x": 0,
                "center_y": 0,
            }
        ]
        lens_light_model_class = LightModel(light_model_list=["SLIT_STARLETS_GEN2"])
    
        kwargs_numerics = {"supersampling_factor": 1}
        kwargs_pixelbased = {
            "supersampling_factor_source": 2,  # supersampling of pixelated source grid
            # following choices are to minimize pixel solver runtime (not to get accurate reconstruction!)
            "threshold_decrease_type": "none",
            "num_iter_source": 2,
            "num_iter_lens": 2,
            "num_iter_global": 2,
            "num_iter_weights": 2,
        }
&gt;       self.imageModel = ImageLinearFit(
            data_class,
            psf_class,
            lens_model_class,
            source_model_class=source_model_class,
            lens_light_model_class=lens_light_model_class,
            point_source_class=None,
            kwargs_numerics=kwargs_numerics,
            kwargs_pixelbased=kwargs_pixelbased,
        )

test/test_ImSim/test_image_model_pixelbased.py:178: 
_ _ _ _ _ _ _ _ _ _ _ _ _ _ _ _ _ _ _ _ _ _ _ _ _ _ _ _ _ _ _ _ _ _ _ _ _ 
lenstronomy/ImSim/image_linear_solve.py:50: in __init__
    super(ImageLinearFit, self).__init__(
_ _ _ _ _ _ _ _ _ _ _ _ _ _ _ _ _ _ _ _ _ _ _ _ _ _ _ _ _ _ _ _ _ _ _ _ _ 

self = &lt;lenstronomy.ImSim.image_linear_solve.ImageLinearFit object at 0x7ab301609150&gt;
data_class = &lt;lenstronomy.Data.imaging_data.ImageData object at 0x7ab30160b3d0&gt;
psf_class = &lt;lenstronomy.Data.psf.PSF object at 0x7ab30160afb0&gt;
lens_model_class = &lt;lenstronomy.LensModel.lens_model.LensModel object at 0x7ab30160b220&gt;
source_model_class = &lt;lenstronomy.LightModel.light_model.LightModel object at 0x7ab301609570&gt;
lens_light_model_class = &lt;lenstronomy.LightModel.light_model.LightModel object at 0x7ab301609990&gt;
point_source_class = &lt;lenstronomy.PointSource.point_source.PointSource object at 0x7ab301609420&gt;
extinction_class = &lt;lenstronomy.ImSim.differential_extinction.DifferentialExtinction object at 0x7ab301609960&gt;
kwargs_numerics = {'supersampling_factor': 1}
likelihood_mask = array([[1., 1., 1., ..., 1., 1., 1.],
       [1., 1., 1., ..., 1., 1., 1.],
       [1., 1., 1., ..., 1., 1., 1.],
       ...,
       [1., 1., 1., ..., 1., 1., 1.],
       [1., 1., 1., ..., 1., 1., 1.],
       [1., 1., 1., ..., 1., 1., 1.]])
psf_error_map_bool_list = None
kwargs_pixelbased = {'num_iter_global': 2, 'num_iter_lens': 2, 'num_iter_source': 2, 'num_iter_weights': 2, ...}

    def __init__(
        self,
        data_class,
        psf_class,
        lens_model_class=None,
        source_model_class=None,
        lens_light_model_class=None,
        point_source_class=None,
        extinction_class=None,
        kwargs_numerics=None,
        likelihood_mask=None,
        psf_error_map_bool_list=None,
        kwargs_pixelbased=None,
    ):
        """
        :param data_class: instance of ImageData() or PixelGrid() class
        :param psf_class: instance of PSF() class
        :param lens_model_class: instance of LensModel() class
        :param source_model_class: instance of LightModel() class describing the source parameters
        :param lens_light_model_class: instance of LightModel() class describing the lens light parameters
        :param point_source_class: instance of PointSource() class describing the point sources
        :param extinction_class: instance of DifferentialExtinction() class
        :param kwargs_numerics: keyword arguments with various numeric description (see ImageNumerics class for options)
        :param likelihood_mask: 2d boolean array of pixels to be counted in the likelihood calculation/linear
            optimization
        :param psf_error_map_bool_list: list of boolean of length of point source models.
            Indicates whether PSF error map is used for the point source model stated as the index.
        :param kwargs_pixelbased: keyword arguments with various settings related to the pixel-based solver
            (see SLITronomy documentation)
        """
    
        self.type = "single-band"
        self.num_bands = 1
        self.PSF = psf_class
        self.Data = data_class
        if hasattr(self.Data, "flux_scaling"):
            self._flux_scaling = self.Data.flux_scaling
        else:
            self._flux_scaling = 1
        self.PSF.set_pixel_size(self.Data.pixel_width)
        if kwargs_numerics is None:
            kwargs_numerics = {}
        self.ImageNumerics = NumericsSubFrame(
            pixel_grid=self.Data, psf=self.PSF, **kwargs_numerics
        )
        if lens_model_class is None:
            lens_model_class = LensModel(lens_model_list=[])
        self.LensModel = lens_model_class
        if point_source_class is None:
            point_source_class = PointSource(point_source_type_list=[])
        self.PointSource = point_source_class
        if self.PointSource._lens_model is None:
            self.PointSource.update_lens_model(lens_model_class=lens_model_class)
        x_center, y_center = self.Data.center
        search_window = np.max(self.Data.width)
        # either have the pixel resolution of the window resolved in 200x200 grid
        min_distance = min(self.Data.pixel_width, search_window / 200)
        self.PointSource.update_search_window(
            search_window=search_window,
            x_center=x_center,
            y_center=y_center,
            min_distance=min_distance,
            only_from_unspecified=True,
        )
        self._psf_error_map = self.PSF.psf_variance_map_bool
        if likelihood_mask is None:
            likelihood_mask = np.ones(data_class.num_pixel_axes)
        self.likelihood_mask = np.array(likelihood_mask, dtype=bool)
        self._mask1d = util.image2array(self.likelihood_mask)
    
        if source_model_class is None:
            source_model_class = LightModel(light_model_list=[])
        self.SourceModel = source_model_class
        if lens_light_model_class is None:
            lens_light_model_class = LightModel(light_model_list=[])
        self.LensLightModel = lens_light_model_class
        self._kwargs_numerics = kwargs_numerics
        if extinction_class is None:
            extinction_class = DifferentialExtinction(optical_depth_model=[])
        self._extinction = extinction_class
        if kwargs_pixelbased is None:
            kwargs_pixelbased = {}
        else:
            kwargs_pixelbased = kwargs_pixelbased.copy()
        self._pixelbased_bool = self._detect_pixelbased_models()
        if self._pixelbased_bool is True:
&gt;           from slitronomy.Util.class_util import (
                create_solver_class,
            )  # requirement on SLITronomy is exclusively here
E           ModuleNotFoundError: No module named 'slitronomy'

lenstronomy/ImSim/image_model.py:107: ModuleNotFoundError</error></testcase><testcase classname="test.test_ImSim.test_image_model_pixelbased.TestImageModel" name="test_numData_evaluate" file="test/test_ImSim/test_image_model_pixelbased.py" line="284" time="0.013"><error message="failed on setup with &quot;ModuleNotFoundError: No module named 'slitronomy'&quot;">self = &lt;test.test_ImSim.test_image_model_pixelbased.TestImageModel object at 0x7ab318e74910&gt;

    def setup_method(self):
        # data specifics
        sigma_bkg = 0.05  # background noise per pixel
        exp_time = 100  # exposure time (arbitrary units, flux per pixel is in units #photons/exp_time unit)
        numPix = 100  # cutout pixel size
        deltaPix = 0.05  # pixel size in arcsec (area per pixel = deltaPix**2)
        fwhm = 0.5  # full width half max of PSF
    
        # PSF specification
    
        kwargs_data = sim_util.data_configure_simple(
            numPix, deltaPix, exp_time, sigma_bkg, inverse=True
        )
        data_class = ImageData(**kwargs_data)
        kwargs_psf = {
            "psf_type": "GAUSSIAN",
            "fwhm": fwhm,
            "truncation": 5,
            "pixel_size": deltaPix,
        }
        psf_class = PSF(**kwargs_psf)
        kernel = psf_class.kernel_point_source
        kwargs_psf = {
            "psf_type": "PIXEL",
            "kernel_point_source": kernel,
            "psf_variance_map": np.ones_like(kernel) * 0.001,
        }
        psf_class = PSF(**kwargs_psf)
    
        # 'EXERNAL_SHEAR': external shear
        kwargs_shear = {
            "gamma1": 0.01,
            "gamma2": 0.01,
        }  # gamma_ext: shear strength, psi_ext: shear angel (in radian)
        phi, q = 0.2, 0.8
        e1, e2 = param_util.phi_q2_ellipticity(phi, q)
        kwargs_spemd = {
            "theta_E": 1.0,
            "gamma": 1.8,
            "center_x": 0,
            "center_y": 0,
            "e1": e1,
            "e2": e2,
        }
    
        lens_model_list = ["SPEP", "SHEAR"]
        self.kwargs_lens = [kwargs_spemd, kwargs_shear]
        lens_model_class = LensModel(lens_model_list=lens_model_list)
        # list of light profiles (for lens and source)
        # 'SERSIC': spherical Sersic profile
        kwargs_sersic = {
            "amp": 1.0,
            "R_sersic": 0.1,
            "n_sersic": 2,
            "center_x": 0,
            "center_y": 0,
        }
        # 'SERSIC_ELLIPSE': elliptical Sersic profile
        phi, q = 0.2, 0.9
        e1, e2 = param_util.phi_q2_ellipticity(phi, q)
        kwargs_sersic_ellipse = {
            "amp": 1.0,
            "R_sersic": 0.6,
            "n_sersic": 7,
            "center_x": 0,
            "center_y": 0,
            "e1": e1,
            "e2": e2,
        }
    
        lens_light_model_list = ["SERSIC"]
        kwargs_lens_light_base = [kwargs_sersic]
        lens_light_model_class_base = LightModel(light_model_list=lens_light_model_list)
        source_model_list = ["SERSIC_ELLIPSE"]
        kwargs_source_base = [kwargs_sersic_ellipse]
        source_model_class_base = LightModel(light_model_list=source_model_list)
        self.kwargs_ps = [
            {"ra_source": 0.01, "dec_source": 0.0, "source_amp": 1.0}
        ]  # quasar point source position in the source plane and intrinsic brightness
        point_source_class_base = PointSource(
            point_source_type_list=["SOURCE_POSITION"], fixed_magnification_list=[True]
        )
        kwargs_numerics_base = {
            "supersampling_factor": 2,
            "supersampling_convolution": False,
        }
        imageModel_base = ImageModel(
            data_class,
            psf_class,
            lens_model_class,
            source_model_class_base,
            lens_light_model_class_base,
            point_source_class_base,
            kwargs_numerics=kwargs_numerics_base,
        )
        image_sim = sim_util.simulate_simple(
            imageModel_base,
            self.kwargs_lens,
            kwargs_source_base,
            kwargs_lens_light_base,
            self.kwargs_ps,
        )
        data_class.update_data(image_sim)
    
        # create a starlet light distributions
        n_scales = 6
        source_map = imageModel_base.source_surface_brightness(
            kwargs_source_base, de_lensed=True, unconvolved=True
        )
        starlets_class = SLIT_Starlets(force_no_pysap=_force_no_pysap)
        source_map_starlets = starlets_class.decomposition_2d(source_map, n_scales)
        self.kwargs_source = [
            {
                "amp": source_map_starlets,
                "n_scales": n_scales,
                "n_pixels": numPix,
                "scale": deltaPix,
                "center_x": 0,
                "center_y": 0,
            }
        ]
        source_model_class = LightModel(light_model_list=["SLIT_STARLETS"])
        lens_light_map = imageModel_base.lens_surface_brightness(
            kwargs_lens_light_base, unconvolved=True
        )
        starlets_class = SLIT_Starlets(force_no_pysap=_force_no_pysap, second_gen=True)
        lens_light_starlets = starlets_class.decomposition_2d(lens_light_map, n_scales)
        self.kwargs_lens_light = [
            {
                "amp": lens_light_starlets,
                "n_scales": n_scales,
                "n_pixels": numPix,
                "scale": deltaPix,
                "center_x": 0,
                "center_y": 0,
            }
        ]
        lens_light_model_class = LightModel(light_model_list=["SLIT_STARLETS_GEN2"])
    
        kwargs_numerics = {"supersampling_factor": 1}
        kwargs_pixelbased = {
            "supersampling_factor_source": 2,  # supersampling of pixelated source grid
            # following choices are to minimize pixel solver runtime (not to get accurate reconstruction!)
            "threshold_decrease_type": "none",
            "num_iter_source": 2,
            "num_iter_lens": 2,
            "num_iter_global": 2,
            "num_iter_weights": 2,
        }
&gt;       self.imageModel = ImageLinearFit(
            data_class,
            psf_class,
            lens_model_class,
            source_model_class=source_model_class,
            lens_light_model_class=lens_light_model_class,
            point_source_class=None,
            kwargs_numerics=kwargs_numerics,
            kwargs_pixelbased=kwargs_pixelbased,
        )

test/test_ImSim/test_image_model_pixelbased.py:178: 
_ _ _ _ _ _ _ _ _ _ _ _ _ _ _ _ _ _ _ _ _ _ _ _ _ _ _ _ _ _ _ _ _ _ _ _ _ 
lenstronomy/ImSim/image_linear_solve.py:50: in __init__
    super(ImageLinearFit, self).__init__(
_ _ _ _ _ _ _ _ _ _ _ _ _ _ _ _ _ _ _ _ _ _ _ _ _ _ _ _ _ _ _ _ _ _ _ _ _ 

self = &lt;lenstronomy.ImSim.image_linear_solve.ImageLinearFit object at 0x7ab3015c7010&gt;
data_class = &lt;lenstronomy.Data.imaging_data.ImageData object at 0x7ab3015c5a80&gt;
psf_class = &lt;lenstronomy.Data.psf.PSF object at 0x7ab3015c6470&gt;
lens_model_class = &lt;lenstronomy.LensModel.lens_model.LensModel object at 0x7ab3015c7280&gt;
source_model_class = &lt;lenstronomy.LightModel.light_model.LightModel object at 0x7ab3015c6a70&gt;
lens_light_model_class = &lt;lenstronomy.LightModel.light_model.LightModel object at 0x7ab3015c68c0&gt;
point_source_class = &lt;lenstronomy.PointSource.point_source.PointSource object at 0x7ab3015c5960&gt;
extinction_class = &lt;lenstronomy.ImSim.differential_extinction.DifferentialExtinction object at 0x7ab3015c6da0&gt;
kwargs_numerics = {'supersampling_factor': 1}
likelihood_mask = array([[1., 1., 1., ..., 1., 1., 1.],
       [1., 1., 1., ..., 1., 1., 1.],
       [1., 1., 1., ..., 1., 1., 1.],
       ...,
       [1., 1., 1., ..., 1., 1., 1.],
       [1., 1., 1., ..., 1., 1., 1.],
       [1., 1., 1., ..., 1., 1., 1.]])
psf_error_map_bool_list = None
kwargs_pixelbased = {'num_iter_global': 2, 'num_iter_lens': 2, 'num_iter_source': 2, 'num_iter_weights': 2, ...}

    def __init__(
        self,
        data_class,
        psf_class,
        lens_model_class=None,
        source_model_class=None,
        lens_light_model_class=None,
        point_source_class=None,
        extinction_class=None,
        kwargs_numerics=None,
        likelihood_mask=None,
        psf_error_map_bool_list=None,
        kwargs_pixelbased=None,
    ):
        """
        :param data_class: instance of ImageData() or PixelGrid() class
        :param psf_class: instance of PSF() class
        :param lens_model_class: instance of LensModel() class
        :param source_model_class: instance of LightModel() class describing the source parameters
        :param lens_light_model_class: instance of LightModel() class describing the lens light parameters
        :param point_source_class: instance of PointSource() class describing the point sources
        :param extinction_class: instance of DifferentialExtinction() class
        :param kwargs_numerics: keyword arguments with various numeric description (see ImageNumerics class for options)
        :param likelihood_mask: 2d boolean array of pixels to be counted in the likelihood calculation/linear
            optimization
        :param psf_error_map_bool_list: list of boolean of length of point source models.
            Indicates whether PSF error map is used for the point source model stated as the index.
        :param kwargs_pixelbased: keyword arguments with various settings related to the pixel-based solver
            (see SLITronomy documentation)
        """
    
        self.type = "single-band"
        self.num_bands = 1
        self.PSF = psf_class
        self.Data = data_class
        if hasattr(self.Data, "flux_scaling"):
            self._flux_scaling = self.Data.flux_scaling
        else:
            self._flux_scaling = 1
        self.PSF.set_pixel_size(self.Data.pixel_width)
        if kwargs_numerics is None:
            kwargs_numerics = {}
        self.ImageNumerics = NumericsSubFrame(
            pixel_grid=self.Data, psf=self.PSF, **kwargs_numerics
        )
        if lens_model_class is None:
            lens_model_class = LensModel(lens_model_list=[])
        self.LensModel = lens_model_class
        if point_source_class is None:
            point_source_class = PointSource(point_source_type_list=[])
        self.PointSource = point_source_class
        if self.PointSource._lens_model is None:
            self.PointSource.update_lens_model(lens_model_class=lens_model_class)
        x_center, y_center = self.Data.center
        search_window = np.max(self.Data.width)
        # either have the pixel resolution of the window resolved in 200x200 grid
        min_distance = min(self.Data.pixel_width, search_window / 200)
        self.PointSource.update_search_window(
            search_window=search_window,
            x_center=x_center,
            y_center=y_center,
            min_distance=min_distance,
            only_from_unspecified=True,
        )
        self._psf_error_map = self.PSF.psf_variance_map_bool
        if likelihood_mask is None:
            likelihood_mask = np.ones(data_class.num_pixel_axes)
        self.likelihood_mask = np.array(likelihood_mask, dtype=bool)
        self._mask1d = util.image2array(self.likelihood_mask)
    
        if source_model_class is None:
            source_model_class = LightModel(light_model_list=[])
        self.SourceModel = source_model_class
        if lens_light_model_class is None:
            lens_light_model_class = LightModel(light_model_list=[])
        self.LensLightModel = lens_light_model_class
        self._kwargs_numerics = kwargs_numerics
        if extinction_class is None:
            extinction_class = DifferentialExtinction(optical_depth_model=[])
        self._extinction = extinction_class
        if kwargs_pixelbased is None:
            kwargs_pixelbased = {}
        else:
            kwargs_pixelbased = kwargs_pixelbased.copy()
        self._pixelbased_bool = self._detect_pixelbased_models()
        if self._pixelbased_bool is True:
&gt;           from slitronomy.Util.class_util import (
                create_solver_class,
            )  # requirement on SLITronomy is exclusively here
E           ModuleNotFoundError: No module named 'slitronomy'

lenstronomy/ImSim/image_model.py:107: ModuleNotFoundError</error></testcase><testcase classname="test.test_ImSim.test_image_model_pixelbased.TestImageModel" name="test_num_param_linear" file="test/test_ImSim/test_image_model_pixelbased.py" line="288" time="0.014"><error message="failed on setup with &quot;ModuleNotFoundError: No module named 'slitronomy'&quot;">self = &lt;test.test_ImSim.test_image_model_pixelbased.TestImageModel object at 0x7ab318e744f0&gt;

    def setup_method(self):
        # data specifics
        sigma_bkg = 0.05  # background noise per pixel
        exp_time = 100  # exposure time (arbitrary units, flux per pixel is in units #photons/exp_time unit)
        numPix = 100  # cutout pixel size
        deltaPix = 0.05  # pixel size in arcsec (area per pixel = deltaPix**2)
        fwhm = 0.5  # full width half max of PSF
    
        # PSF specification
    
        kwargs_data = sim_util.data_configure_simple(
            numPix, deltaPix, exp_time, sigma_bkg, inverse=True
        )
        data_class = ImageData(**kwargs_data)
        kwargs_psf = {
            "psf_type": "GAUSSIAN",
            "fwhm": fwhm,
            "truncation": 5,
            "pixel_size": deltaPix,
        }
        psf_class = PSF(**kwargs_psf)
        kernel = psf_class.kernel_point_source
        kwargs_psf = {
            "psf_type": "PIXEL",
            "kernel_point_source": kernel,
            "psf_variance_map": np.ones_like(kernel) * 0.001,
        }
        psf_class = PSF(**kwargs_psf)
    
        # 'EXERNAL_SHEAR': external shear
        kwargs_shear = {
            "gamma1": 0.01,
            "gamma2": 0.01,
        }  # gamma_ext: shear strength, psi_ext: shear angel (in radian)
        phi, q = 0.2, 0.8
        e1, e2 = param_util.phi_q2_ellipticity(phi, q)
        kwargs_spemd = {
            "theta_E": 1.0,
            "gamma": 1.8,
            "center_x": 0,
            "center_y": 0,
            "e1": e1,
            "e2": e2,
        }
    
        lens_model_list = ["SPEP", "SHEAR"]
        self.kwargs_lens = [kwargs_spemd, kwargs_shear]
        lens_model_class = LensModel(lens_model_list=lens_model_list)
        # list of light profiles (for lens and source)
        # 'SERSIC': spherical Sersic profile
        kwargs_sersic = {
            "amp": 1.0,
            "R_sersic": 0.1,
            "n_sersic": 2,
            "center_x": 0,
            "center_y": 0,
        }
        # 'SERSIC_ELLIPSE': elliptical Sersic profile
        phi, q = 0.2, 0.9
        e1, e2 = param_util.phi_q2_ellipticity(phi, q)
        kwargs_sersic_ellipse = {
            "amp": 1.0,
            "R_sersic": 0.6,
            "n_sersic": 7,
            "center_x": 0,
            "center_y": 0,
            "e1": e1,
            "e2": e2,
        }
    
        lens_light_model_list = ["SERSIC"]
        kwargs_lens_light_base = [kwargs_sersic]
        lens_light_model_class_base = LightModel(light_model_list=lens_light_model_list)
        source_model_list = ["SERSIC_ELLIPSE"]
        kwargs_source_base = [kwargs_sersic_ellipse]
        source_model_class_base = LightModel(light_model_list=source_model_list)
        self.kwargs_ps = [
            {"ra_source": 0.01, "dec_source": 0.0, "source_amp": 1.0}
        ]  # quasar point source position in the source plane and intrinsic brightness
        point_source_class_base = PointSource(
            point_source_type_list=["SOURCE_POSITION"], fixed_magnification_list=[True]
        )
        kwargs_numerics_base = {
            "supersampling_factor": 2,
            "supersampling_convolution": False,
        }
        imageModel_base = ImageModel(
            data_class,
            psf_class,
            lens_model_class,
            source_model_class_base,
            lens_light_model_class_base,
            point_source_class_base,
            kwargs_numerics=kwargs_numerics_base,
        )
        image_sim = sim_util.simulate_simple(
            imageModel_base,
            self.kwargs_lens,
            kwargs_source_base,
            kwargs_lens_light_base,
            self.kwargs_ps,
        )
        data_class.update_data(image_sim)
    
        # create a starlet light distributions
        n_scales = 6
        source_map = imageModel_base.source_surface_brightness(
            kwargs_source_base, de_lensed=True, unconvolved=True
        )
        starlets_class = SLIT_Starlets(force_no_pysap=_force_no_pysap)
        source_map_starlets = starlets_class.decomposition_2d(source_map, n_scales)
        self.kwargs_source = [
            {
                "amp": source_map_starlets,
                "n_scales": n_scales,
                "n_pixels": numPix,
                "scale": deltaPix,
                "center_x": 0,
                "center_y": 0,
            }
        ]
        source_model_class = LightModel(light_model_list=["SLIT_STARLETS"])
        lens_light_map = imageModel_base.lens_surface_brightness(
            kwargs_lens_light_base, unconvolved=True
        )
        starlets_class = SLIT_Starlets(force_no_pysap=_force_no_pysap, second_gen=True)
        lens_light_starlets = starlets_class.decomposition_2d(lens_light_map, n_scales)
        self.kwargs_lens_light = [
            {
                "amp": lens_light_starlets,
                "n_scales": n_scales,
                "n_pixels": numPix,
                "scale": deltaPix,
                "center_x": 0,
                "center_y": 0,
            }
        ]
        lens_light_model_class = LightModel(light_model_list=["SLIT_STARLETS_GEN2"])
    
        kwargs_numerics = {"supersampling_factor": 1}
        kwargs_pixelbased = {
            "supersampling_factor_source": 2,  # supersampling of pixelated source grid
            # following choices are to minimize pixel solver runtime (not to get accurate reconstruction!)
            "threshold_decrease_type": "none",
            "num_iter_source": 2,
            "num_iter_lens": 2,
            "num_iter_global": 2,
            "num_iter_weights": 2,
        }
&gt;       self.imageModel = ImageLinearFit(
            data_class,
            psf_class,
            lens_model_class,
            source_model_class=source_model_class,
            lens_light_model_class=lens_light_model_class,
            point_source_class=None,
            kwargs_numerics=kwargs_numerics,
            kwargs_pixelbased=kwargs_pixelbased,
        )

test/test_ImSim/test_image_model_pixelbased.py:178: 
_ _ _ _ _ _ _ _ _ _ _ _ _ _ _ _ _ _ _ _ _ _ _ _ _ _ _ _ _ _ _ _ _ _ _ _ _ 
lenstronomy/ImSim/image_linear_solve.py:50: in __init__
    super(ImageLinearFit, self).__init__(
_ _ _ _ _ _ _ _ _ _ _ _ _ _ _ _ _ _ _ _ _ _ _ _ _ _ _ _ _ _ _ _ _ _ _ _ _ 

self = &lt;lenstronomy.ImSim.image_linear_solve.ImageLinearFit object at 0x7ab3014c6590&gt;
data_class = &lt;lenstronomy.Data.imaging_data.ImageData object at 0x7ab3014c6680&gt;
psf_class = &lt;lenstronomy.Data.psf.PSF object at 0x7ab3014c7970&gt;
lens_model_class = &lt;lenstronomy.LensModel.lens_model.LensModel object at 0x7ab3014c4b50&gt;
source_model_class = &lt;lenstronomy.LightModel.light_model.LightModel object at 0x7ab3014c7a90&gt;
lens_light_model_class = &lt;lenstronomy.LightModel.light_model.LightModel object at 0x7ab3014c53f0&gt;
point_source_class = &lt;lenstronomy.PointSource.point_source.PointSource object at 0x7ab3014c4ac0&gt;
extinction_class = &lt;lenstronomy.ImSim.differential_extinction.DifferentialExtinction object at 0x7ab3014c7fa0&gt;
kwargs_numerics = {'supersampling_factor': 1}
likelihood_mask = array([[1., 1., 1., ..., 1., 1., 1.],
       [1., 1., 1., ..., 1., 1., 1.],
       [1., 1., 1., ..., 1., 1., 1.],
       ...,
       [1., 1., 1., ..., 1., 1., 1.],
       [1., 1., 1., ..., 1., 1., 1.],
       [1., 1., 1., ..., 1., 1., 1.]])
psf_error_map_bool_list = None
kwargs_pixelbased = {'num_iter_global': 2, 'num_iter_lens': 2, 'num_iter_source': 2, 'num_iter_weights': 2, ...}

    def __init__(
        self,
        data_class,
        psf_class,
        lens_model_class=None,
        source_model_class=None,
        lens_light_model_class=None,
        point_source_class=None,
        extinction_class=None,
        kwargs_numerics=None,
        likelihood_mask=None,
        psf_error_map_bool_list=None,
        kwargs_pixelbased=None,
    ):
        """
        :param data_class: instance of ImageData() or PixelGrid() class
        :param psf_class: instance of PSF() class
        :param lens_model_class: instance of LensModel() class
        :param source_model_class: instance of LightModel() class describing the source parameters
        :param lens_light_model_class: instance of LightModel() class describing the lens light parameters
        :param point_source_class: instance of PointSource() class describing the point sources
        :param extinction_class: instance of DifferentialExtinction() class
        :param kwargs_numerics: keyword arguments with various numeric description (see ImageNumerics class for options)
        :param likelihood_mask: 2d boolean array of pixels to be counted in the likelihood calculation/linear
            optimization
        :param psf_error_map_bool_list: list of boolean of length of point source models.
            Indicates whether PSF error map is used for the point source model stated as the index.
        :param kwargs_pixelbased: keyword arguments with various settings related to the pixel-based solver
            (see SLITronomy documentation)
        """
    
        self.type = "single-band"
        self.num_bands = 1
        self.PSF = psf_class
        self.Data = data_class
        if hasattr(self.Data, "flux_scaling"):
            self._flux_scaling = self.Data.flux_scaling
        else:
            self._flux_scaling = 1
        self.PSF.set_pixel_size(self.Data.pixel_width)
        if kwargs_numerics is None:
            kwargs_numerics = {}
        self.ImageNumerics = NumericsSubFrame(
            pixel_grid=self.Data, psf=self.PSF, **kwargs_numerics
        )
        if lens_model_class is None:
            lens_model_class = LensModel(lens_model_list=[])
        self.LensModel = lens_model_class
        if point_source_class is None:
            point_source_class = PointSource(point_source_type_list=[])
        self.PointSource = point_source_class
        if self.PointSource._lens_model is None:
            self.PointSource.update_lens_model(lens_model_class=lens_model_class)
        x_center, y_center = self.Data.center
        search_window = np.max(self.Data.width)
        # either have the pixel resolution of the window resolved in 200x200 grid
        min_distance = min(self.Data.pixel_width, search_window / 200)
        self.PointSource.update_search_window(
            search_window=search_window,
            x_center=x_center,
            y_center=y_center,
            min_distance=min_distance,
            only_from_unspecified=True,
        )
        self._psf_error_map = self.PSF.psf_variance_map_bool
        if likelihood_mask is None:
            likelihood_mask = np.ones(data_class.num_pixel_axes)
        self.likelihood_mask = np.array(likelihood_mask, dtype=bool)
        self._mask1d = util.image2array(self.likelihood_mask)
    
        if source_model_class is None:
            source_model_class = LightModel(light_model_list=[])
        self.SourceModel = source_model_class
        if lens_light_model_class is None:
            lens_light_model_class = LightModel(light_model_list=[])
        self.LensLightModel = lens_light_model_class
        self._kwargs_numerics = kwargs_numerics
        if extinction_class is None:
            extinction_class = DifferentialExtinction(optical_depth_model=[])
        self._extinction = extinction_class
        if kwargs_pixelbased is None:
            kwargs_pixelbased = {}
        else:
            kwargs_pixelbased = kwargs_pixelbased.copy()
        self._pixelbased_bool = self._detect_pixelbased_models()
        if self._pixelbased_bool is True:
&gt;           from slitronomy.Util.class_util import (
                create_solver_class,
            )  # requirement on SLITronomy is exclusively here
E           ModuleNotFoundError: No module named 'slitronomy'

lenstronomy/ImSim/image_model.py:107: ModuleNotFoundError</error></testcase><testcase classname="test.test_ImSim.test_image_model_pixelbased.TestImageModel" name="test_update_data" file="test/test_ImSim/test_image_model_pixelbased.py" line="303" time="0.013"><error message="failed on setup with &quot;ModuleNotFoundError: No module named 'slitronomy'&quot;">self = &lt;test.test_ImSim.test_image_model_pixelbased.TestImageModel object at 0x7ab318e74d60&gt;

    def setup_method(self):
        # data specifics
        sigma_bkg = 0.05  # background noise per pixel
        exp_time = 100  # exposure time (arbitrary units, flux per pixel is in units #photons/exp_time unit)
        numPix = 100  # cutout pixel size
        deltaPix = 0.05  # pixel size in arcsec (area per pixel = deltaPix**2)
        fwhm = 0.5  # full width half max of PSF
    
        # PSF specification
    
        kwargs_data = sim_util.data_configure_simple(
            numPix, deltaPix, exp_time, sigma_bkg, inverse=True
        )
        data_class = ImageData(**kwargs_data)
        kwargs_psf = {
            "psf_type": "GAUSSIAN",
            "fwhm": fwhm,
            "truncation": 5,
            "pixel_size": deltaPix,
        }
        psf_class = PSF(**kwargs_psf)
        kernel = psf_class.kernel_point_source
        kwargs_psf = {
            "psf_type": "PIXEL",
            "kernel_point_source": kernel,
            "psf_variance_map": np.ones_like(kernel) * 0.001,
        }
        psf_class = PSF(**kwargs_psf)
    
        # 'EXERNAL_SHEAR': external shear
        kwargs_shear = {
            "gamma1": 0.01,
            "gamma2": 0.01,
        }  # gamma_ext: shear strength, psi_ext: shear angel (in radian)
        phi, q = 0.2, 0.8
        e1, e2 = param_util.phi_q2_ellipticity(phi, q)
        kwargs_spemd = {
            "theta_E": 1.0,
            "gamma": 1.8,
            "center_x": 0,
            "center_y": 0,
            "e1": e1,
            "e2": e2,
        }
    
        lens_model_list = ["SPEP", "SHEAR"]
        self.kwargs_lens = [kwargs_spemd, kwargs_shear]
        lens_model_class = LensModel(lens_model_list=lens_model_list)
        # list of light profiles (for lens and source)
        # 'SERSIC': spherical Sersic profile
        kwargs_sersic = {
            "amp": 1.0,
            "R_sersic": 0.1,
            "n_sersic": 2,
            "center_x": 0,
            "center_y": 0,
        }
        # 'SERSIC_ELLIPSE': elliptical Sersic profile
        phi, q = 0.2, 0.9
        e1, e2 = param_util.phi_q2_ellipticity(phi, q)
        kwargs_sersic_ellipse = {
            "amp": 1.0,
            "R_sersic": 0.6,
            "n_sersic": 7,
            "center_x": 0,
            "center_y": 0,
            "e1": e1,
            "e2": e2,
        }
    
        lens_light_model_list = ["SERSIC"]
        kwargs_lens_light_base = [kwargs_sersic]
        lens_light_model_class_base = LightModel(light_model_list=lens_light_model_list)
        source_model_list = ["SERSIC_ELLIPSE"]
        kwargs_source_base = [kwargs_sersic_ellipse]
        source_model_class_base = LightModel(light_model_list=source_model_list)
        self.kwargs_ps = [
            {"ra_source": 0.01, "dec_source": 0.0, "source_amp": 1.0}
        ]  # quasar point source position in the source plane and intrinsic brightness
        point_source_class_base = PointSource(
            point_source_type_list=["SOURCE_POSITION"], fixed_magnification_list=[True]
        )
        kwargs_numerics_base = {
            "supersampling_factor": 2,
            "supersampling_convolution": False,
        }
        imageModel_base = ImageModel(
            data_class,
            psf_class,
            lens_model_class,
            source_model_class_base,
            lens_light_model_class_base,
            point_source_class_base,
            kwargs_numerics=kwargs_numerics_base,
        )
        image_sim = sim_util.simulate_simple(
            imageModel_base,
            self.kwargs_lens,
            kwargs_source_base,
            kwargs_lens_light_base,
            self.kwargs_ps,
        )
        data_class.update_data(image_sim)
    
        # create a starlet light distributions
        n_scales = 6
        source_map = imageModel_base.source_surface_brightness(
            kwargs_source_base, de_lensed=True, unconvolved=True
        )
        starlets_class = SLIT_Starlets(force_no_pysap=_force_no_pysap)
        source_map_starlets = starlets_class.decomposition_2d(source_map, n_scales)
        self.kwargs_source = [
            {
                "amp": source_map_starlets,
                "n_scales": n_scales,
                "n_pixels": numPix,
                "scale": deltaPix,
                "center_x": 0,
                "center_y": 0,
            }
        ]
        source_model_class = LightModel(light_model_list=["SLIT_STARLETS"])
        lens_light_map = imageModel_base.lens_surface_brightness(
            kwargs_lens_light_base, unconvolved=True
        )
        starlets_class = SLIT_Starlets(force_no_pysap=_force_no_pysap, second_gen=True)
        lens_light_starlets = starlets_class.decomposition_2d(lens_light_map, n_scales)
        self.kwargs_lens_light = [
            {
                "amp": lens_light_starlets,
                "n_scales": n_scales,
                "n_pixels": numPix,
                "scale": deltaPix,
                "center_x": 0,
                "center_y": 0,
            }
        ]
        lens_light_model_class = LightModel(light_model_list=["SLIT_STARLETS_GEN2"])
    
        kwargs_numerics = {"supersampling_factor": 1}
        kwargs_pixelbased = {
            "supersampling_factor_source": 2,  # supersampling of pixelated source grid
            # following choices are to minimize pixel solver runtime (not to get accurate reconstruction!)
            "threshold_decrease_type": "none",
            "num_iter_source": 2,
            "num_iter_lens": 2,
            "num_iter_global": 2,
            "num_iter_weights": 2,
        }
&gt;       self.imageModel = ImageLinearFit(
            data_class,
            psf_class,
            lens_model_class,
            source_model_class=source_model_class,
            lens_light_model_class=lens_light_model_class,
            point_source_class=None,
            kwargs_numerics=kwargs_numerics,
            kwargs_pixelbased=kwargs_pixelbased,
        )

test/test_ImSim/test_image_model_pixelbased.py:178: 
_ _ _ _ _ _ _ _ _ _ _ _ _ _ _ _ _ _ _ _ _ _ _ _ _ _ _ _ _ _ _ _ _ _ _ _ _ 
lenstronomy/ImSim/image_linear_solve.py:50: in __init__
    super(ImageLinearFit, self).__init__(
_ _ _ _ _ _ _ _ _ _ _ _ _ _ _ _ _ _ _ _ _ _ _ _ _ _ _ _ _ _ _ _ _ _ _ _ _ 

self = &lt;lenstronomy.ImSim.image_linear_solve.ImageLinearFit object at 0x7ab3014b90f0&gt;
data_class = &lt;lenstronomy.Data.imaging_data.ImageData object at 0x7ab3014b9120&gt;
psf_class = &lt;lenstronomy.Data.psf.PSF object at 0x7ab3014b91e0&gt;
lens_model_class = &lt;lenstronomy.LensModel.lens_model.LensModel object at 0x7ab3014b8a90&gt;
source_model_class = &lt;lenstronomy.LightModel.light_model.LightModel object at 0x7ab3014ba470&gt;
lens_light_model_class = &lt;lenstronomy.LightModel.light_model.LightModel object at 0x7ab3014ba1d0&gt;
point_source_class = &lt;lenstronomy.PointSource.point_source.PointSource object at 0x7ab3014ba200&gt;
extinction_class = &lt;lenstronomy.ImSim.differential_extinction.DifferentialExtinction object at 0x7ab3014ba290&gt;
kwargs_numerics = {'supersampling_factor': 1}
likelihood_mask = array([[1., 1., 1., ..., 1., 1., 1.],
       [1., 1., 1., ..., 1., 1., 1.],
       [1., 1., 1., ..., 1., 1., 1.],
       ...,
       [1., 1., 1., ..., 1., 1., 1.],
       [1., 1., 1., ..., 1., 1., 1.],
       [1., 1., 1., ..., 1., 1., 1.]])
psf_error_map_bool_list = None
kwargs_pixelbased = {'num_iter_global': 2, 'num_iter_lens': 2, 'num_iter_source': 2, 'num_iter_weights': 2, ...}

    def __init__(
        self,
        data_class,
        psf_class,
        lens_model_class=None,
        source_model_class=None,
        lens_light_model_class=None,
        point_source_class=None,
        extinction_class=None,
        kwargs_numerics=None,
        likelihood_mask=None,
        psf_error_map_bool_list=None,
        kwargs_pixelbased=None,
    ):
        """
        :param data_class: instance of ImageData() or PixelGrid() class
        :param psf_class: instance of PSF() class
        :param lens_model_class: instance of LensModel() class
        :param source_model_class: instance of LightModel() class describing the source parameters
        :param lens_light_model_class: instance of LightModel() class describing the lens light parameters
        :param point_source_class: instance of PointSource() class describing the point sources
        :param extinction_class: instance of DifferentialExtinction() class
        :param kwargs_numerics: keyword arguments with various numeric description (see ImageNumerics class for options)
        :param likelihood_mask: 2d boolean array of pixels to be counted in the likelihood calculation/linear
            optimization
        :param psf_error_map_bool_list: list of boolean of length of point source models.
            Indicates whether PSF error map is used for the point source model stated as the index.
        :param kwargs_pixelbased: keyword arguments with various settings related to the pixel-based solver
            (see SLITronomy documentation)
        """
    
        self.type = "single-band"
        self.num_bands = 1
        self.PSF = psf_class
        self.Data = data_class
        if hasattr(self.Data, "flux_scaling"):
            self._flux_scaling = self.Data.flux_scaling
        else:
            self._flux_scaling = 1
        self.PSF.set_pixel_size(self.Data.pixel_width)
        if kwargs_numerics is None:
            kwargs_numerics = {}
        self.ImageNumerics = NumericsSubFrame(
            pixel_grid=self.Data, psf=self.PSF, **kwargs_numerics
        )
        if lens_model_class is None:
            lens_model_class = LensModel(lens_model_list=[])
        self.LensModel = lens_model_class
        if point_source_class is None:
            point_source_class = PointSource(point_source_type_list=[])
        self.PointSource = point_source_class
        if self.PointSource._lens_model is None:
            self.PointSource.update_lens_model(lens_model_class=lens_model_class)
        x_center, y_center = self.Data.center
        search_window = np.max(self.Data.width)
        # either have the pixel resolution of the window resolved in 200x200 grid
        min_distance = min(self.Data.pixel_width, search_window / 200)
        self.PointSource.update_search_window(
            search_window=search_window,
            x_center=x_center,
            y_center=y_center,
            min_distance=min_distance,
            only_from_unspecified=True,
        )
        self._psf_error_map = self.PSF.psf_variance_map_bool
        if likelihood_mask is None:
            likelihood_mask = np.ones(data_class.num_pixel_axes)
        self.likelihood_mask = np.array(likelihood_mask, dtype=bool)
        self._mask1d = util.image2array(self.likelihood_mask)
    
        if source_model_class is None:
            source_model_class = LightModel(light_model_list=[])
        self.SourceModel = source_model_class
        if lens_light_model_class is None:
            lens_light_model_class = LightModel(light_model_list=[])
        self.LensLightModel = lens_light_model_class
        self._kwargs_numerics = kwargs_numerics
        if extinction_class is None:
            extinction_class = DifferentialExtinction(optical_depth_model=[])
        self._extinction = extinction_class
        if kwargs_pixelbased is None:
            kwargs_pixelbased = {}
        else:
            kwargs_pixelbased = kwargs_pixelbased.copy()
        self._pixelbased_bool = self._detect_pixelbased_models()
        if self._pixelbased_bool is True:
&gt;           from slitronomy.Util.class_util import (
                create_solver_class,
            )  # requirement on SLITronomy is exclusively here
E           ModuleNotFoundError: No module named 'slitronomy'

lenstronomy/ImSim/image_model.py:107: ModuleNotFoundError</error></testcase><testcase classname="test.test_ImSim.test_image_model_pixelbased.TestImageModel" name="test_create_empty" file="test/test_ImSim/test_image_model_pixelbased.py" line="311" time="0.013"><error message="failed on setup with &quot;ModuleNotFoundError: No module named 'slitronomy'&quot;">self = &lt;test.test_ImSim.test_image_model_pixelbased.TestImageModel object at 0x7ab318e75060&gt;

    def setup_method(self):
        # data specifics
        sigma_bkg = 0.05  # background noise per pixel
        exp_time = 100  # exposure time (arbitrary units, flux per pixel is in units #photons/exp_time unit)
        numPix = 100  # cutout pixel size
        deltaPix = 0.05  # pixel size in arcsec (area per pixel = deltaPix**2)
        fwhm = 0.5  # full width half max of PSF
    
        # PSF specification
    
        kwargs_data = sim_util.data_configure_simple(
            numPix, deltaPix, exp_time, sigma_bkg, inverse=True
        )
        data_class = ImageData(**kwargs_data)
        kwargs_psf = {
            "psf_type": "GAUSSIAN",
            "fwhm": fwhm,
            "truncation": 5,
            "pixel_size": deltaPix,
        }
        psf_class = PSF(**kwargs_psf)
        kernel = psf_class.kernel_point_source
        kwargs_psf = {
            "psf_type": "PIXEL",
            "kernel_point_source": kernel,
            "psf_variance_map": np.ones_like(kernel) * 0.001,
        }
        psf_class = PSF(**kwargs_psf)
    
        # 'EXERNAL_SHEAR': external shear
        kwargs_shear = {
            "gamma1": 0.01,
            "gamma2": 0.01,
        }  # gamma_ext: shear strength, psi_ext: shear angel (in radian)
        phi, q = 0.2, 0.8
        e1, e2 = param_util.phi_q2_ellipticity(phi, q)
        kwargs_spemd = {
            "theta_E": 1.0,
            "gamma": 1.8,
            "center_x": 0,
            "center_y": 0,
            "e1": e1,
            "e2": e2,
        }
    
        lens_model_list = ["SPEP", "SHEAR"]
        self.kwargs_lens = [kwargs_spemd, kwargs_shear]
        lens_model_class = LensModel(lens_model_list=lens_model_list)
        # list of light profiles (for lens and source)
        # 'SERSIC': spherical Sersic profile
        kwargs_sersic = {
            "amp": 1.0,
            "R_sersic": 0.1,
            "n_sersic": 2,
            "center_x": 0,
            "center_y": 0,
        }
        # 'SERSIC_ELLIPSE': elliptical Sersic profile
        phi, q = 0.2, 0.9
        e1, e2 = param_util.phi_q2_ellipticity(phi, q)
        kwargs_sersic_ellipse = {
            "amp": 1.0,
            "R_sersic": 0.6,
            "n_sersic": 7,
            "center_x": 0,
            "center_y": 0,
            "e1": e1,
            "e2": e2,
        }
    
        lens_light_model_list = ["SERSIC"]
        kwargs_lens_light_base = [kwargs_sersic]
        lens_light_model_class_base = LightModel(light_model_list=lens_light_model_list)
        source_model_list = ["SERSIC_ELLIPSE"]
        kwargs_source_base = [kwargs_sersic_ellipse]
        source_model_class_base = LightModel(light_model_list=source_model_list)
        self.kwargs_ps = [
            {"ra_source": 0.01, "dec_source": 0.0, "source_amp": 1.0}
        ]  # quasar point source position in the source plane and intrinsic brightness
        point_source_class_base = PointSource(
            point_source_type_list=["SOURCE_POSITION"], fixed_magnification_list=[True]
        )
        kwargs_numerics_base = {
            "supersampling_factor": 2,
            "supersampling_convolution": False,
        }
        imageModel_base = ImageModel(
            data_class,
            psf_class,
            lens_model_class,
            source_model_class_base,
            lens_light_model_class_base,
            point_source_class_base,
            kwargs_numerics=kwargs_numerics_base,
        )
        image_sim = sim_util.simulate_simple(
            imageModel_base,
            self.kwargs_lens,
            kwargs_source_base,
            kwargs_lens_light_base,
            self.kwargs_ps,
        )
        data_class.update_data(image_sim)
    
        # create a starlet light distributions
        n_scales = 6
        source_map = imageModel_base.source_surface_brightness(
            kwargs_source_base, de_lensed=True, unconvolved=True
        )
        starlets_class = SLIT_Starlets(force_no_pysap=_force_no_pysap)
        source_map_starlets = starlets_class.decomposition_2d(source_map, n_scales)
        self.kwargs_source = [
            {
                "amp": source_map_starlets,
                "n_scales": n_scales,
                "n_pixels": numPix,
                "scale": deltaPix,
                "center_x": 0,
                "center_y": 0,
            }
        ]
        source_model_class = LightModel(light_model_list=["SLIT_STARLETS"])
        lens_light_map = imageModel_base.lens_surface_brightness(
            kwargs_lens_light_base, unconvolved=True
        )
        starlets_class = SLIT_Starlets(force_no_pysap=_force_no_pysap, second_gen=True)
        lens_light_starlets = starlets_class.decomposition_2d(lens_light_map, n_scales)
        self.kwargs_lens_light = [
            {
                "amp": lens_light_starlets,
                "n_scales": n_scales,
                "n_pixels": numPix,
                "scale": deltaPix,
                "center_x": 0,
                "center_y": 0,
            }
        ]
        lens_light_model_class = LightModel(light_model_list=["SLIT_STARLETS_GEN2"])
    
        kwargs_numerics = {"supersampling_factor": 1}
        kwargs_pixelbased = {
            "supersampling_factor_source": 2,  # supersampling of pixelated source grid
            # following choices are to minimize pixel solver runtime (not to get accurate reconstruction!)
            "threshold_decrease_type": "none",
            "num_iter_source": 2,
            "num_iter_lens": 2,
            "num_iter_global": 2,
            "num_iter_weights": 2,
        }
&gt;       self.imageModel = ImageLinearFit(
            data_class,
            psf_class,
            lens_model_class,
            source_model_class=source_model_class,
            lens_light_model_class=lens_light_model_class,
            point_source_class=None,
            kwargs_numerics=kwargs_numerics,
            kwargs_pixelbased=kwargs_pixelbased,
        )

test/test_ImSim/test_image_model_pixelbased.py:178: 
_ _ _ _ _ _ _ _ _ _ _ _ _ _ _ _ _ _ _ _ _ _ _ _ _ _ _ _ _ _ _ _ _ _ _ _ _ 
lenstronomy/ImSim/image_linear_solve.py:50: in __init__
    super(ImageLinearFit, self).__init__(
_ _ _ _ _ _ _ _ _ _ _ _ _ _ _ _ _ _ _ _ _ _ _ _ _ _ _ _ _ _ _ _ _ _ _ _ _ 

self = &lt;lenstronomy.ImSim.image_linear_solve.ImageLinearFit object at 0x7ab3014ca200&gt;
data_class = &lt;lenstronomy.Data.imaging_data.ImageData object at 0x7ab3014ca620&gt;
psf_class = &lt;lenstronomy.Data.psf.PSF object at 0x7ab3014c82b0&gt;
lens_model_class = &lt;lenstronomy.LensModel.lens_model.LensModel object at 0x7ab3014ca950&gt;
source_model_class = &lt;lenstronomy.LightModel.light_model.LightModel object at 0x7ab3014ca740&gt;
lens_light_model_class = &lt;lenstronomy.LightModel.light_model.LightModel object at 0x7ab3014c9090&gt;
point_source_class = &lt;lenstronomy.PointSource.point_source.PointSource object at 0x7ab3014c9150&gt;
extinction_class = &lt;lenstronomy.ImSim.differential_extinction.DifferentialExtinction object at 0x7ab3014c9210&gt;
kwargs_numerics = {'supersampling_factor': 1}
likelihood_mask = array([[1., 1., 1., ..., 1., 1., 1.],
       [1., 1., 1., ..., 1., 1., 1.],
       [1., 1., 1., ..., 1., 1., 1.],
       ...,
       [1., 1., 1., ..., 1., 1., 1.],
       [1., 1., 1., ..., 1., 1., 1.],
       [1., 1., 1., ..., 1., 1., 1.]])
psf_error_map_bool_list = None
kwargs_pixelbased = {'num_iter_global': 2, 'num_iter_lens': 2, 'num_iter_source': 2, 'num_iter_weights': 2, ...}

    def __init__(
        self,
        data_class,
        psf_class,
        lens_model_class=None,
        source_model_class=None,
        lens_light_model_class=None,
        point_source_class=None,
        extinction_class=None,
        kwargs_numerics=None,
        likelihood_mask=None,
        psf_error_map_bool_list=None,
        kwargs_pixelbased=None,
    ):
        """
        :param data_class: instance of ImageData() or PixelGrid() class
        :param psf_class: instance of PSF() class
        :param lens_model_class: instance of LensModel() class
        :param source_model_class: instance of LightModel() class describing the source parameters
        :param lens_light_model_class: instance of LightModel() class describing the lens light parameters
        :param point_source_class: instance of PointSource() class describing the point sources
        :param extinction_class: instance of DifferentialExtinction() class
        :param kwargs_numerics: keyword arguments with various numeric description (see ImageNumerics class for options)
        :param likelihood_mask: 2d boolean array of pixels to be counted in the likelihood calculation/linear
            optimization
        :param psf_error_map_bool_list: list of boolean of length of point source models.
            Indicates whether PSF error map is used for the point source model stated as the index.
        :param kwargs_pixelbased: keyword arguments with various settings related to the pixel-based solver
            (see SLITronomy documentation)
        """
    
        self.type = "single-band"
        self.num_bands = 1
        self.PSF = psf_class
        self.Data = data_class
        if hasattr(self.Data, "flux_scaling"):
            self._flux_scaling = self.Data.flux_scaling
        else:
            self._flux_scaling = 1
        self.PSF.set_pixel_size(self.Data.pixel_width)
        if kwargs_numerics is None:
            kwargs_numerics = {}
        self.ImageNumerics = NumericsSubFrame(
            pixel_grid=self.Data, psf=self.PSF, **kwargs_numerics
        )
        if lens_model_class is None:
            lens_model_class = LensModel(lens_model_list=[])
        self.LensModel = lens_model_class
        if point_source_class is None:
            point_source_class = PointSource(point_source_type_list=[])
        self.PointSource = point_source_class
        if self.PointSource._lens_model is None:
            self.PointSource.update_lens_model(lens_model_class=lens_model_class)
        x_center, y_center = self.Data.center
        search_window = np.max(self.Data.width)
        # either have the pixel resolution of the window resolved in 200x200 grid
        min_distance = min(self.Data.pixel_width, search_window / 200)
        self.PointSource.update_search_window(
            search_window=search_window,
            x_center=x_center,
            y_center=y_center,
            min_distance=min_distance,
            only_from_unspecified=True,
        )
        self._psf_error_map = self.PSF.psf_variance_map_bool
        if likelihood_mask is None:
            likelihood_mask = np.ones(data_class.num_pixel_axes)
        self.likelihood_mask = np.array(likelihood_mask, dtype=bool)
        self._mask1d = util.image2array(self.likelihood_mask)
    
        if source_model_class is None:
            source_model_class = LightModel(light_model_list=[])
        self.SourceModel = source_model_class
        if lens_light_model_class is None:
            lens_light_model_class = LightModel(light_model_list=[])
        self.LensLightModel = lens_light_model_class
        self._kwargs_numerics = kwargs_numerics
        if extinction_class is None:
            extinction_class = DifferentialExtinction(optical_depth_model=[])
        self._extinction = extinction_class
        if kwargs_pixelbased is None:
            kwargs_pixelbased = {}
        else:
            kwargs_pixelbased = kwargs_pixelbased.copy()
        self._pixelbased_bool = self._detect_pixelbased_models()
        if self._pixelbased_bool is True:
&gt;           from slitronomy.Util.class_util import (
                create_solver_class,
            )  # requirement on SLITronomy is exclusively here
E           ModuleNotFoundError: No module named 'slitronomy'

lenstronomy/ImSim/image_model.py:107: ModuleNotFoundError</error></testcase><testcase classname="test.test_ImSim.test_image_model_pixelbased.TestImageModel" name="test_extinction_map" file="test/test_ImSim/test_image_model_pixelbased.py" line="322" time="0.014"><error message="failed on setup with &quot;ModuleNotFoundError: No module named 'slitronomy'&quot;">self = &lt;test.test_ImSim.test_image_model_pixelbased.TestImageModel object at 0x7ab318e75360&gt;

    def setup_method(self):
        # data specifics
        sigma_bkg = 0.05  # background noise per pixel
        exp_time = 100  # exposure time (arbitrary units, flux per pixel is in units #photons/exp_time unit)
        numPix = 100  # cutout pixel size
        deltaPix = 0.05  # pixel size in arcsec (area per pixel = deltaPix**2)
        fwhm = 0.5  # full width half max of PSF
    
        # PSF specification
    
        kwargs_data = sim_util.data_configure_simple(
            numPix, deltaPix, exp_time, sigma_bkg, inverse=True
        )
        data_class = ImageData(**kwargs_data)
        kwargs_psf = {
            "psf_type": "GAUSSIAN",
            "fwhm": fwhm,
            "truncation": 5,
            "pixel_size": deltaPix,
        }
        psf_class = PSF(**kwargs_psf)
        kernel = psf_class.kernel_point_source
        kwargs_psf = {
            "psf_type": "PIXEL",
            "kernel_point_source": kernel,
            "psf_variance_map": np.ones_like(kernel) * 0.001,
        }
        psf_class = PSF(**kwargs_psf)
    
        # 'EXERNAL_SHEAR': external shear
        kwargs_shear = {
            "gamma1": 0.01,
            "gamma2": 0.01,
        }  # gamma_ext: shear strength, psi_ext: shear angel (in radian)
        phi, q = 0.2, 0.8
        e1, e2 = param_util.phi_q2_ellipticity(phi, q)
        kwargs_spemd = {
            "theta_E": 1.0,
            "gamma": 1.8,
            "center_x": 0,
            "center_y": 0,
            "e1": e1,
            "e2": e2,
        }
    
        lens_model_list = ["SPEP", "SHEAR"]
        self.kwargs_lens = [kwargs_spemd, kwargs_shear]
        lens_model_class = LensModel(lens_model_list=lens_model_list)
        # list of light profiles (for lens and source)
        # 'SERSIC': spherical Sersic profile
        kwargs_sersic = {
            "amp": 1.0,
            "R_sersic": 0.1,
            "n_sersic": 2,
            "center_x": 0,
            "center_y": 0,
        }
        # 'SERSIC_ELLIPSE': elliptical Sersic profile
        phi, q = 0.2, 0.9
        e1, e2 = param_util.phi_q2_ellipticity(phi, q)
        kwargs_sersic_ellipse = {
            "amp": 1.0,
            "R_sersic": 0.6,
            "n_sersic": 7,
            "center_x": 0,
            "center_y": 0,
            "e1": e1,
            "e2": e2,
        }
    
        lens_light_model_list = ["SERSIC"]
        kwargs_lens_light_base = [kwargs_sersic]
        lens_light_model_class_base = LightModel(light_model_list=lens_light_model_list)
        source_model_list = ["SERSIC_ELLIPSE"]
        kwargs_source_base = [kwargs_sersic_ellipse]
        source_model_class_base = LightModel(light_model_list=source_model_list)
        self.kwargs_ps = [
            {"ra_source": 0.01, "dec_source": 0.0, "source_amp": 1.0}
        ]  # quasar point source position in the source plane and intrinsic brightness
        point_source_class_base = PointSource(
            point_source_type_list=["SOURCE_POSITION"], fixed_magnification_list=[True]
        )
        kwargs_numerics_base = {
            "supersampling_factor": 2,
            "supersampling_convolution": False,
        }
        imageModel_base = ImageModel(
            data_class,
            psf_class,
            lens_model_class,
            source_model_class_base,
            lens_light_model_class_base,
            point_source_class_base,
            kwargs_numerics=kwargs_numerics_base,
        )
        image_sim = sim_util.simulate_simple(
            imageModel_base,
            self.kwargs_lens,
            kwargs_source_base,
            kwargs_lens_light_base,
            self.kwargs_ps,
        )
        data_class.update_data(image_sim)
    
        # create a starlet light distributions
        n_scales = 6
        source_map = imageModel_base.source_surface_brightness(
            kwargs_source_base, de_lensed=True, unconvolved=True
        )
        starlets_class = SLIT_Starlets(force_no_pysap=_force_no_pysap)
        source_map_starlets = starlets_class.decomposition_2d(source_map, n_scales)
        self.kwargs_source = [
            {
                "amp": source_map_starlets,
                "n_scales": n_scales,
                "n_pixels": numPix,
                "scale": deltaPix,
                "center_x": 0,
                "center_y": 0,
            }
        ]
        source_model_class = LightModel(light_model_list=["SLIT_STARLETS"])
        lens_light_map = imageModel_base.lens_surface_brightness(
            kwargs_lens_light_base, unconvolved=True
        )
        starlets_class = SLIT_Starlets(force_no_pysap=_force_no_pysap, second_gen=True)
        lens_light_starlets = starlets_class.decomposition_2d(lens_light_map, n_scales)
        self.kwargs_lens_light = [
            {
                "amp": lens_light_starlets,
                "n_scales": n_scales,
                "n_pixels": numPix,
                "scale": deltaPix,
                "center_x": 0,
                "center_y": 0,
            }
        ]
        lens_light_model_class = LightModel(light_model_list=["SLIT_STARLETS_GEN2"])
    
        kwargs_numerics = {"supersampling_factor": 1}
        kwargs_pixelbased = {
            "supersampling_factor_source": 2,  # supersampling of pixelated source grid
            # following choices are to minimize pixel solver runtime (not to get accurate reconstruction!)
            "threshold_decrease_type": "none",
            "num_iter_source": 2,
            "num_iter_lens": 2,
            "num_iter_global": 2,
            "num_iter_weights": 2,
        }
&gt;       self.imageModel = ImageLinearFit(
            data_class,
            psf_class,
            lens_model_class,
            source_model_class=source_model_class,
            lens_light_model_class=lens_light_model_class,
            point_source_class=None,
            kwargs_numerics=kwargs_numerics,
            kwargs_pixelbased=kwargs_pixelbased,
        )

test/test_ImSim/test_image_model_pixelbased.py:178: 
_ _ _ _ _ _ _ _ _ _ _ _ _ _ _ _ _ _ _ _ _ _ _ _ _ _ _ _ _ _ _ _ _ _ _ _ _ 
lenstronomy/ImSim/image_linear_solve.py:50: in __init__
    super(ImageLinearFit, self).__init__(
_ _ _ _ _ _ _ _ _ _ _ _ _ _ _ _ _ _ _ _ _ _ _ _ _ _ _ _ _ _ _ _ _ _ _ _ _ 

self = &lt;lenstronomy.ImSim.image_linear_solve.ImageLinearFit object at 0x7ab301605690&gt;
data_class = &lt;lenstronomy.Data.imaging_data.ImageData object at 0x7ab301604850&gt;
psf_class = &lt;lenstronomy.Data.psf.PSF object at 0x7ab301605b10&gt;
lens_model_class = &lt;lenstronomy.LensModel.lens_model.LensModel object at 0x7ab301607100&gt;
source_model_class = &lt;lenstronomy.LightModel.light_model.LightModel object at 0x7ab301605ff0&gt;
lens_light_model_class = &lt;lenstronomy.LightModel.light_model.LightModel object at 0x7ab3016042b0&gt;
point_source_class = &lt;lenstronomy.PointSource.point_source.PointSource object at 0x7ab301607d00&gt;
extinction_class = &lt;lenstronomy.ImSim.differential_extinction.DifferentialExtinction object at 0x7ab301606110&gt;
kwargs_numerics = {'supersampling_factor': 1}
likelihood_mask = array([[1., 1., 1., ..., 1., 1., 1.],
       [1., 1., 1., ..., 1., 1., 1.],
       [1., 1., 1., ..., 1., 1., 1.],
       ...,
       [1., 1., 1., ..., 1., 1., 1.],
       [1., 1., 1., ..., 1., 1., 1.],
       [1., 1., 1., ..., 1., 1., 1.]])
psf_error_map_bool_list = None
kwargs_pixelbased = {'num_iter_global': 2, 'num_iter_lens': 2, 'num_iter_source': 2, 'num_iter_weights': 2, ...}

    def __init__(
        self,
        data_class,
        psf_class,
        lens_model_class=None,
        source_model_class=None,
        lens_light_model_class=None,
        point_source_class=None,
        extinction_class=None,
        kwargs_numerics=None,
        likelihood_mask=None,
        psf_error_map_bool_list=None,
        kwargs_pixelbased=None,
    ):
        """
        :param data_class: instance of ImageData() or PixelGrid() class
        :param psf_class: instance of PSF() class
        :param lens_model_class: instance of LensModel() class
        :param source_model_class: instance of LightModel() class describing the source parameters
        :param lens_light_model_class: instance of LightModel() class describing the lens light parameters
        :param point_source_class: instance of PointSource() class describing the point sources
        :param extinction_class: instance of DifferentialExtinction() class
        :param kwargs_numerics: keyword arguments with various numeric description (see ImageNumerics class for options)
        :param likelihood_mask: 2d boolean array of pixels to be counted in the likelihood calculation/linear
            optimization
        :param psf_error_map_bool_list: list of boolean of length of point source models.
            Indicates whether PSF error map is used for the point source model stated as the index.
        :param kwargs_pixelbased: keyword arguments with various settings related to the pixel-based solver
            (see SLITronomy documentation)
        """
    
        self.type = "single-band"
        self.num_bands = 1
        self.PSF = psf_class
        self.Data = data_class
        if hasattr(self.Data, "flux_scaling"):
            self._flux_scaling = self.Data.flux_scaling
        else:
            self._flux_scaling = 1
        self.PSF.set_pixel_size(self.Data.pixel_width)
        if kwargs_numerics is None:
            kwargs_numerics = {}
        self.ImageNumerics = NumericsSubFrame(
            pixel_grid=self.Data, psf=self.PSF, **kwargs_numerics
        )
        if lens_model_class is None:
            lens_model_class = LensModel(lens_model_list=[])
        self.LensModel = lens_model_class
        if point_source_class is None:
            point_source_class = PointSource(point_source_type_list=[])
        self.PointSource = point_source_class
        if self.PointSource._lens_model is None:
            self.PointSource.update_lens_model(lens_model_class=lens_model_class)
        x_center, y_center = self.Data.center
        search_window = np.max(self.Data.width)
        # either have the pixel resolution of the window resolved in 200x200 grid
        min_distance = min(self.Data.pixel_width, search_window / 200)
        self.PointSource.update_search_window(
            search_window=search_window,
            x_center=x_center,
            y_center=y_center,
            min_distance=min_distance,
            only_from_unspecified=True,
        )
        self._psf_error_map = self.PSF.psf_variance_map_bool
        if likelihood_mask is None:
            likelihood_mask = np.ones(data_class.num_pixel_axes)
        self.likelihood_mask = np.array(likelihood_mask, dtype=bool)
        self._mask1d = util.image2array(self.likelihood_mask)
    
        if source_model_class is None:
            source_model_class = LightModel(light_model_list=[])
        self.SourceModel = source_model_class
        if lens_light_model_class is None:
            lens_light_model_class = LightModel(light_model_list=[])
        self.LensLightModel = lens_light_model_class
        self._kwargs_numerics = kwargs_numerics
        if extinction_class is None:
            extinction_class = DifferentialExtinction(optical_depth_model=[])
        self._extinction = extinction_class
        if kwargs_pixelbased is None:
            kwargs_pixelbased = {}
        else:
            kwargs_pixelbased = kwargs_pixelbased.copy()
        self._pixelbased_bool = self._detect_pixelbased_models()
        if self._pixelbased_bool is True:
&gt;           from slitronomy.Util.class_util import (
                create_solver_class,
            )  # requirement on SLITronomy is exclusively here
E           ModuleNotFoundError: No module named 'slitronomy'

lenstronomy/ImSim/image_model.py:107: ModuleNotFoundError</error></testcase><testcase classname="test.test_ImSim.test_image_model_pixelbased.TestImageModel" name="test_error_response" file="test/test_ImSim/test_image_model_pixelbased.py" line="336" time="0.013"><error message="failed on setup with &quot;ModuleNotFoundError: No module named 'slitronomy'&quot;">self = &lt;test.test_ImSim.test_image_model_pixelbased.TestImageModel object at 0x7ab318e75660&gt;

    def setup_method(self):
        # data specifics
        sigma_bkg = 0.05  # background noise per pixel
        exp_time = 100  # exposure time (arbitrary units, flux per pixel is in units #photons/exp_time unit)
        numPix = 100  # cutout pixel size
        deltaPix = 0.05  # pixel size in arcsec (area per pixel = deltaPix**2)
        fwhm = 0.5  # full width half max of PSF
    
        # PSF specification
    
        kwargs_data = sim_util.data_configure_simple(
            numPix, deltaPix, exp_time, sigma_bkg, inverse=True
        )
        data_class = ImageData(**kwargs_data)
        kwargs_psf = {
            "psf_type": "GAUSSIAN",
            "fwhm": fwhm,
            "truncation": 5,
            "pixel_size": deltaPix,
        }
        psf_class = PSF(**kwargs_psf)
        kernel = psf_class.kernel_point_source
        kwargs_psf = {
            "psf_type": "PIXEL",
            "kernel_point_source": kernel,
            "psf_variance_map": np.ones_like(kernel) * 0.001,
        }
        psf_class = PSF(**kwargs_psf)
    
        # 'EXERNAL_SHEAR': external shear
        kwargs_shear = {
            "gamma1": 0.01,
            "gamma2": 0.01,
        }  # gamma_ext: shear strength, psi_ext: shear angel (in radian)
        phi, q = 0.2, 0.8
        e1, e2 = param_util.phi_q2_ellipticity(phi, q)
        kwargs_spemd = {
            "theta_E": 1.0,
            "gamma": 1.8,
            "center_x": 0,
            "center_y": 0,
            "e1": e1,
            "e2": e2,
        }
    
        lens_model_list = ["SPEP", "SHEAR"]
        self.kwargs_lens = [kwargs_spemd, kwargs_shear]
        lens_model_class = LensModel(lens_model_list=lens_model_list)
        # list of light profiles (for lens and source)
        # 'SERSIC': spherical Sersic profile
        kwargs_sersic = {
            "amp": 1.0,
            "R_sersic": 0.1,
            "n_sersic": 2,
            "center_x": 0,
            "center_y": 0,
        }
        # 'SERSIC_ELLIPSE': elliptical Sersic profile
        phi, q = 0.2, 0.9
        e1, e2 = param_util.phi_q2_ellipticity(phi, q)
        kwargs_sersic_ellipse = {
            "amp": 1.0,
            "R_sersic": 0.6,
            "n_sersic": 7,
            "center_x": 0,
            "center_y": 0,
            "e1": e1,
            "e2": e2,
        }
    
        lens_light_model_list = ["SERSIC"]
        kwargs_lens_light_base = [kwargs_sersic]
        lens_light_model_class_base = LightModel(light_model_list=lens_light_model_list)
        source_model_list = ["SERSIC_ELLIPSE"]
        kwargs_source_base = [kwargs_sersic_ellipse]
        source_model_class_base = LightModel(light_model_list=source_model_list)
        self.kwargs_ps = [
            {"ra_source": 0.01, "dec_source": 0.0, "source_amp": 1.0}
        ]  # quasar point source position in the source plane and intrinsic brightness
        point_source_class_base = PointSource(
            point_source_type_list=["SOURCE_POSITION"], fixed_magnification_list=[True]
        )
        kwargs_numerics_base = {
            "supersampling_factor": 2,
            "supersampling_convolution": False,
        }
        imageModel_base = ImageModel(
            data_class,
            psf_class,
            lens_model_class,
            source_model_class_base,
            lens_light_model_class_base,
            point_source_class_base,
            kwargs_numerics=kwargs_numerics_base,
        )
        image_sim = sim_util.simulate_simple(
            imageModel_base,
            self.kwargs_lens,
            kwargs_source_base,
            kwargs_lens_light_base,
            self.kwargs_ps,
        )
        data_class.update_data(image_sim)
    
        # create a starlet light distributions
        n_scales = 6
        source_map = imageModel_base.source_surface_brightness(
            kwargs_source_base, de_lensed=True, unconvolved=True
        )
        starlets_class = SLIT_Starlets(force_no_pysap=_force_no_pysap)
        source_map_starlets = starlets_class.decomposition_2d(source_map, n_scales)
        self.kwargs_source = [
            {
                "amp": source_map_starlets,
                "n_scales": n_scales,
                "n_pixels": numPix,
                "scale": deltaPix,
                "center_x": 0,
                "center_y": 0,
            }
        ]
        source_model_class = LightModel(light_model_list=["SLIT_STARLETS"])
        lens_light_map = imageModel_base.lens_surface_brightness(
            kwargs_lens_light_base, unconvolved=True
        )
        starlets_class = SLIT_Starlets(force_no_pysap=_force_no_pysap, second_gen=True)
        lens_light_starlets = starlets_class.decomposition_2d(lens_light_map, n_scales)
        self.kwargs_lens_light = [
            {
                "amp": lens_light_starlets,
                "n_scales": n_scales,
                "n_pixels": numPix,
                "scale": deltaPix,
                "center_x": 0,
                "center_y": 0,
            }
        ]
        lens_light_model_class = LightModel(light_model_list=["SLIT_STARLETS_GEN2"])
    
        kwargs_numerics = {"supersampling_factor": 1}
        kwargs_pixelbased = {
            "supersampling_factor_source": 2,  # supersampling of pixelated source grid
            # following choices are to minimize pixel solver runtime (not to get accurate reconstruction!)
            "threshold_decrease_type": "none",
            "num_iter_source": 2,
            "num_iter_lens": 2,
            "num_iter_global": 2,
            "num_iter_weights": 2,
        }
&gt;       self.imageModel = ImageLinearFit(
            data_class,
            psf_class,
            lens_model_class,
            source_model_class=source_model_class,
            lens_light_model_class=lens_light_model_class,
            point_source_class=None,
            kwargs_numerics=kwargs_numerics,
            kwargs_pixelbased=kwargs_pixelbased,
        )

test/test_ImSim/test_image_model_pixelbased.py:178: 
_ _ _ _ _ _ _ _ _ _ _ _ _ _ _ _ _ _ _ _ _ _ _ _ _ _ _ _ _ _ _ _ _ _ _ _ _ 
lenstronomy/ImSim/image_linear_solve.py:50: in __init__
    super(ImageLinearFit, self).__init__(
_ _ _ _ _ _ _ _ _ _ _ _ _ _ _ _ _ _ _ _ _ _ _ _ _ _ _ _ _ _ _ _ _ _ _ _ _ 

self = &lt;lenstronomy.ImSim.image_linear_solve.ImageLinearFit object at 0x7ab3014d8af0&gt;
data_class = &lt;lenstronomy.Data.imaging_data.ImageData object at 0x7ab3014dba90&gt;
psf_class = &lt;lenstronomy.Data.psf.PSF object at 0x7ab3014db640&gt;
lens_model_class = &lt;lenstronomy.LensModel.lens_model.LensModel object at 0x7ab3014db5b0&gt;
source_model_class = &lt;lenstronomy.LightModel.light_model.LightModel object at 0x7ab3014d8b50&gt;
lens_light_model_class = &lt;lenstronomy.LightModel.light_model.LightModel object at 0x7ab3014d8c70&gt;
point_source_class = &lt;lenstronomy.PointSource.point_source.PointSource object at 0x7ab3014d8400&gt;
extinction_class = &lt;lenstronomy.ImSim.differential_extinction.DifferentialExtinction object at 0x7ab3014d8460&gt;
kwargs_numerics = {'supersampling_factor': 1}
likelihood_mask = array([[1., 1., 1., ..., 1., 1., 1.],
       [1., 1., 1., ..., 1., 1., 1.],
       [1., 1., 1., ..., 1., 1., 1.],
       ...,
       [1., 1., 1., ..., 1., 1., 1.],
       [1., 1., 1., ..., 1., 1., 1.],
       [1., 1., 1., ..., 1., 1., 1.]])
psf_error_map_bool_list = None
kwargs_pixelbased = {'num_iter_global': 2, 'num_iter_lens': 2, 'num_iter_source': 2, 'num_iter_weights': 2, ...}

    def __init__(
        self,
        data_class,
        psf_class,
        lens_model_class=None,
        source_model_class=None,
        lens_light_model_class=None,
        point_source_class=None,
        extinction_class=None,
        kwargs_numerics=None,
        likelihood_mask=None,
        psf_error_map_bool_list=None,
        kwargs_pixelbased=None,
    ):
        """
        :param data_class: instance of ImageData() or PixelGrid() class
        :param psf_class: instance of PSF() class
        :param lens_model_class: instance of LensModel() class
        :param source_model_class: instance of LightModel() class describing the source parameters
        :param lens_light_model_class: instance of LightModel() class describing the lens light parameters
        :param point_source_class: instance of PointSource() class describing the point sources
        :param extinction_class: instance of DifferentialExtinction() class
        :param kwargs_numerics: keyword arguments with various numeric description (see ImageNumerics class for options)
        :param likelihood_mask: 2d boolean array of pixels to be counted in the likelihood calculation/linear
            optimization
        :param psf_error_map_bool_list: list of boolean of length of point source models.
            Indicates whether PSF error map is used for the point source model stated as the index.
        :param kwargs_pixelbased: keyword arguments with various settings related to the pixel-based solver
            (see SLITronomy documentation)
        """
    
        self.type = "single-band"
        self.num_bands = 1
        self.PSF = psf_class
        self.Data = data_class
        if hasattr(self.Data, "flux_scaling"):
            self._flux_scaling = self.Data.flux_scaling
        else:
            self._flux_scaling = 1
        self.PSF.set_pixel_size(self.Data.pixel_width)
        if kwargs_numerics is None:
            kwargs_numerics = {}
        self.ImageNumerics = NumericsSubFrame(
            pixel_grid=self.Data, psf=self.PSF, **kwargs_numerics
        )
        if lens_model_class is None:
            lens_model_class = LensModel(lens_model_list=[])
        self.LensModel = lens_model_class
        if point_source_class is None:
            point_source_class = PointSource(point_source_type_list=[])
        self.PointSource = point_source_class
        if self.PointSource._lens_model is None:
            self.PointSource.update_lens_model(lens_model_class=lens_model_class)
        x_center, y_center = self.Data.center
        search_window = np.max(self.Data.width)
        # either have the pixel resolution of the window resolved in 200x200 grid
        min_distance = min(self.Data.pixel_width, search_window / 200)
        self.PointSource.update_search_window(
            search_window=search_window,
            x_center=x_center,
            y_center=y_center,
            min_distance=min_distance,
            only_from_unspecified=True,
        )
        self._psf_error_map = self.PSF.psf_variance_map_bool
        if likelihood_mask is None:
            likelihood_mask = np.ones(data_class.num_pixel_axes)
        self.likelihood_mask = np.array(likelihood_mask, dtype=bool)
        self._mask1d = util.image2array(self.likelihood_mask)
    
        if source_model_class is None:
            source_model_class = LightModel(light_model_list=[])
        self.SourceModel = source_model_class
        if lens_light_model_class is None:
            lens_light_model_class = LightModel(light_model_list=[])
        self.LensLightModel = lens_light_model_class
        self._kwargs_numerics = kwargs_numerics
        if extinction_class is None:
            extinction_class = DifferentialExtinction(optical_depth_model=[])
        self._extinction = extinction_class
        if kwargs_pixelbased is None:
            kwargs_pixelbased = {}
        else:
            kwargs_pixelbased = kwargs_pixelbased.copy()
        self._pixelbased_bool = self._detect_pixelbased_models()
        if self._pixelbased_bool is True:
&gt;           from slitronomy.Util.class_util import (
                create_solver_class,
            )  # requirement on SLITronomy is exclusively here
E           ModuleNotFoundError: No module named 'slitronomy'

lenstronomy/ImSim/image_model.py:107: ModuleNotFoundError</error></testcase><testcase classname="test.test_ImSim.test_image_model_pixelbased.TestRaise" name="test_raise" file="test/test_ImSim/test_image_model_pixelbased.py" line="506" time="0.003"><failure message="ModuleNotFoundError: No module named 'slitronomy'">self = &lt;test.test_ImSim.test_image_model_pixelbased.TestRaise testMethod=test_raise&gt;

    def test_raise(self):
        with self.assertRaises(ValueError):
            # test various numerics that are not supported by the pixelbased solver
            kwargs_numerics = {
                "supersampling_factor": 2,
                "supersampling_convolution": True,
            }
&gt;           imageModel = ImageLinearFit(
                self.data_class,
                self.psf_class,
                self.lens_model_class,
                source_model_class=self.source_model_class,
                lens_light_model_class=self.lens_light_model_class,
                kwargs_numerics=kwargs_numerics,
                kwargs_pixelbased=self.kwargs_pixelbased,
            )

test/test_ImSim/test_image_model_pixelbased.py:514: 
_ _ _ _ _ _ _ _ _ _ _ _ _ _ _ _ _ _ _ _ _ _ _ _ _ _ _ _ _ _ _ _ _ _ _ _ _ 
lenstronomy/ImSim/image_linear_solve.py:50: in __init__
    super(ImageLinearFit, self).__init__(
_ _ _ _ _ _ _ _ _ _ _ _ _ _ _ _ _ _ _ _ _ _ _ _ _ _ _ _ _ _ _ _ _ _ _ _ _ 

    def __init__(
        self,
        data_class,
        psf_class,
        lens_model_class=None,
        source_model_class=None,
        lens_light_model_class=None,
        point_source_class=None,
        extinction_class=None,
        kwargs_numerics=None,
        likelihood_mask=None,
        psf_error_map_bool_list=None,
        kwargs_pixelbased=None,
    ):
        """
        :param data_class: instance of ImageData() or PixelGrid() class
        :param psf_class: instance of PSF() class
        :param lens_model_class: instance of LensModel() class
        :param source_model_class: instance of LightModel() class describing the source parameters
        :param lens_light_model_class: instance of LightModel() class describing the lens light parameters
        :param point_source_class: instance of PointSource() class describing the point sources
        :param extinction_class: instance of DifferentialExtinction() class
        :param kwargs_numerics: keyword arguments with various numeric description (see ImageNumerics class for options)
        :param likelihood_mask: 2d boolean array of pixels to be counted in the likelihood calculation/linear
            optimization
        :param psf_error_map_bool_list: list of boolean of length of point source models.
            Indicates whether PSF error map is used for the point source model stated as the index.
        :param kwargs_pixelbased: keyword arguments with various settings related to the pixel-based solver
            (see SLITronomy documentation)
        """
    
        self.type = "single-band"
        self.num_bands = 1
        self.PSF = psf_class
        self.Data = data_class
        if hasattr(self.Data, "flux_scaling"):
            self._flux_scaling = self.Data.flux_scaling
        else:
            self._flux_scaling = 1
        self.PSF.set_pixel_size(self.Data.pixel_width)
        if kwargs_numerics is None:
            kwargs_numerics = {}
        self.ImageNumerics = NumericsSubFrame(
            pixel_grid=self.Data, psf=self.PSF, **kwargs_numerics
        )
        if lens_model_class is None:
            lens_model_class = LensModel(lens_model_list=[])
        self.LensModel = lens_model_class
        if point_source_class is None:
            point_source_class = PointSource(point_source_type_list=[])
        self.PointSource = point_source_class
        if self.PointSource._lens_model is None:
            self.PointSource.update_lens_model(lens_model_class=lens_model_class)
        x_center, y_center = self.Data.center
        search_window = np.max(self.Data.width)
        # either have the pixel resolution of the window resolved in 200x200 grid
        min_distance = min(self.Data.pixel_width, search_window / 200)
        self.PointSource.update_search_window(
            search_window=search_window,
            x_center=x_center,
            y_center=y_center,
            min_distance=min_distance,
            only_from_unspecified=True,
        )
        self._psf_error_map = self.PSF.psf_variance_map_bool
        if likelihood_mask is None:
            likelihood_mask = np.ones(data_class.num_pixel_axes)
        self.likelihood_mask = np.array(likelihood_mask, dtype=bool)
        self._mask1d = util.image2array(self.likelihood_mask)
    
        if source_model_class is None:
            source_model_class = LightModel(light_model_list=[])
        self.SourceModel = source_model_class
        if lens_light_model_class is None:
            lens_light_model_class = LightModel(light_model_list=[])
        self.LensLightModel = lens_light_model_class
        self._kwargs_numerics = kwargs_numerics
        if extinction_class is None:
            extinction_class = DifferentialExtinction(optical_depth_model=[])
        self._extinction = extinction_class
        if kwargs_pixelbased is None:
            kwargs_pixelbased = {}
        else:
            kwargs_pixelbased = kwargs_pixelbased.copy()
        self._pixelbased_bool = self._detect_pixelbased_models()
        if self._pixelbased_bool is True:
&gt;           from slitronomy.Util.class_util import (
                create_solver_class,
            )  # requirement on SLITronomy is exclusively here
E           ModuleNotFoundError: No module named 'slitronomy'

lenstronomy/ImSim/image_model.py:107: ModuleNotFoundError</failure></testcase><testcase classname="test.test_ImSim.test_image_model_with_interferometric_changes" name="test_lens_light_and_source_light_simulation_with_interferometric_PSF_and_primary_beam" file="test/test_ImSim/test_image_model_with_interferometric_changes.py" line="18" time="0.114" /><testcase classname="test.test_ImSim.test_image_model_with_interferometric_changes" name="test_point_source_simulation_with_interferometric_PSF_and_primary_beam" file="test/test_ImSim/test_image_model_with_interferometric_changes.py" line="188" time="0.154" /><testcase classname="test.test_ImSim.test_multi_plane_organizer.TestMultiPlaneOrganizer" name="test_extract_beta_factors" file="test/test_ImSim/test_multi_plane_organizer.py" line="64" time="0.007" /><testcase classname="test.test_ImSim.test_multi_plane_organizer.TestMultiPlaneOrganizer" name="test_update_lens_T_lists" file="test/test_ImSim/test_multi_plane_organizer.py" line="80" time="0.006" /><testcase classname="test.test_ImSim.test_multi_plane_organizer.TestMultiPlaneOrganizer" name="test_update_source_mapping_T_lists" file="test/test_ImSim/test_multi_plane_organizer.py" line="119" time="0.007" /><testcase classname="test.test_ImSim.test_multi_plane_organizer.TestMultiPlaneOrganizer" name="test_get_element_index" file="test/test_ImSim/test_multi_plane_organizer.py" line="147" time="0.006" /><testcase classname="test.test_ImSim.test_multi_plane_organizer.TestMultiPlaneOrganizer" name="test_get_lens_T_lists" file="test/test_ImSim/test_multi_plane_organizer.py" line="156" time="0.008" /><testcase classname="test.test_ImSim.test_multi_plane_organizer.TestMultiPlaneOrganizer" name="test_get_D_ij" file="test/test_ImSim/test_multi_plane_organizer.py" line="204" time="0.006" /><testcase classname="test.test_ImSim.test_multi_plane_organizer.TestMultiPlaneOrganizer" name="test_get_D_i" file="test/test_ImSim/test_multi_plane_organizer.py" line="230" time="0.007" /><testcase classname="test.test_ImSim.test_multi_plane_organizer.TestMultiPlaneOrganizer" name="test_transverse_distance_start_stop" file="test/test_ImSim/test_multi_plane_organizer.py" line="263" time="0.007" /><testcase classname="test.test_ImSim.test_multi_plane_organizer.TestMultiPlaneOrganizer" name="test_get_source_T_start_end_lists" file="test/test_ImSim/test_multi_plane_organizer.py" line="284" time="0.007" /><testcase classname="test.test_ImSim.test_multi_plane_organizer.TestMultiPlaneOrganizer" name="test_start_condition" file="test/test_ImSim/test_multi_plane_organizer.py" line="308" time="0.006" /><testcase classname="test.test_ImSim.test_multi_plane_organizer.TestMultiPlaneOrganizer" name="test_distance_computations" file="test/test_ImSim/test_multi_plane_organizer.py" line="313" time="0.009" /><testcase classname="test.test_ImSim.test_multi_plane_organizer.TestMultiPlaneOrganizer" name="test_raise" file="test/test_ImSim/test_multi_plane_organizer.py" line="371" time="0.007" /><testcase classname="test.test_ImSim.test_tracer_model.TestTracerModel" name="test_linear_tracer_model" file="test/test_ImSim/test_tracer_model.py" line="92" time="0.008" /><testcase classname="test.test_ImSim.test_tracer_model.TestTracerModel" name="test_log_tracer_model" file="test/test_ImSim/test_tracer_model.py" line="125" time="0.009" /><testcase classname="test.test_LensModel.test_LightConeSim.test_light_cone.TestLightCone" name="test_ray_shooting" file="test/test_LensModel/test_LightConeSim/test_light_cone.py" line="101" time="1.193" /><testcase classname="test.test_LensModel.test_LightConeSim.test_light_cone.TestLightCone" name="test_deflection" file="test/test_LensModel/test_LightConeSim/test_light_cone.py" line="134" time="1.189" /><testcase classname="test.test_LensModel.test_LightConeSim.test_light_cone.TestLightCone" name="test_arrival_time" file="test/test_LensModel/test_LightConeSim/test_light_cone.py" line="148" time="1.233" /><testcase classname="test.test_LensModel.test_LineOfSight.test_LOSModels.test_los.TestLOS" name="test_distort_vector" file="test/test_LensModel/test_LineOfSight/test_LOSModels/test_los.py" line="16" time="0.001" /><testcase classname="test.test_LensModel.test_LineOfSight.test_LOSModels.test_los.TestLOS" name="test_left_multiply" file="test/test_LensModel/test_LineOfSight/test_LOSModels/test_los.py" line="31" time="0.001" /><testcase classname="test.test_LensModel.test_LineOfSight.test_LOSModels.test_los.TestLOS" name="test_right_multiply" file="test/test_LensModel/test_LineOfSight/test_LOSModels/test_los.py" line="50" time="0.000" /><testcase classname="test.test_LensModel.test_LineOfSight.test_LOSModels.test_los.TestLOS" name="test_set_static" file="test/test_LensModel/test_LineOfSight/test_LOSModels/test_los.py" line="69" time="0.000" /><testcase classname="test.test_LensModel.test_LineOfSight.test_LOSModels.test_los.TestLOS" name="test_set_dynamic" file="test/test_LensModel/test_LineOfSight/test_LOSModels/test_los.py" line="73" time="0.000" /><testcase classname="test.test_LensModel.test_LineOfSight.test_LOSModels.test_los_flexion.TestLOSFlexion" name="test_set_static" file="test/test_LensModel/test_LineOfSight/test_LOSModels/test_los_flexion.py" line="16" time="0.001" /><testcase classname="test.test_LensModel.test_LineOfSight.test_LOSModels.test_los_flexion.TestLOSFlexion" name="test_set_dynamic" file="test/test_LensModel/test_LineOfSight/test_LOSModels/test_los_flexion.py" line="20" time="0.000" /><testcase classname="test.test_LensModel.test_LineOfSight.test_LOSModels.test_los_minimal.TestLOSMinimal" name="test_distort_vector" file="test/test_LensModel/test_LineOfSight/test_LOSModels/test_los_minimal.py" line="20" time="0.000" /><testcase classname="test.test_LensModel.test_LineOfSight.test_LOSModels.test_los_minimal.TestLOSMinimal" name="test_left_multiply" file="test/test_LensModel/test_LineOfSight/test_LOSModels/test_los_minimal.py" line="35" time="0.000" /><testcase classname="test.test_LensModel.test_LineOfSight.test_LOSModels.test_los_minimal.TestLOSMinimal" name="test_right_multiply" file="test/test_LensModel/test_LineOfSight/test_LOSModels/test_los_minimal.py" line="54" time="0.000" /><testcase classname="test.test_LensModel.test_LineOfSight.test_single_plane_los.TestSinglePlaneLOS" name="test_potential" file="test/test_LensModel/test_LineOfSight/test_single_plane_los.py" line="68" time="0.001" /><testcase classname="test.test_LensModel.test_LineOfSight.test_single_plane_los.TestSinglePlaneLOS" name="test_alpha" file="test/test_LensModel/test_LineOfSight/test_single_plane_los.py" line="79" time="0.001" /><testcase classname="test.test_LensModel.test_LineOfSight.test_single_plane_los.TestSinglePlaneLOS" name="test_ray_shooting" file="test/test_LensModel/test_LineOfSight/test_single_plane_los.py" line="92" time="0.001" /><testcase classname="test.test_LensModel.test_LineOfSight.test_single_plane_los.TestSinglePlaneLOS" name="test_mass_2d" file="test/test_LensModel/test_LineOfSight/test_single_plane_los.py" line="107" time="0.001" /><testcase classname="test.test_LensModel.test_LineOfSight.test_single_plane_los.TestSinglePlaneLOS" name="test_mass_3d" file="test/test_LensModel/test_LineOfSight/test_single_plane_los.py" line="123" time="0.001" /><testcase classname="test.test_LensModel.test_LineOfSight.test_single_plane_los.TestSinglePlaneLOS" name="test_density" file="test/test_LensModel/test_LineOfSight/test_single_plane_los.py" line="139" time="0.001" /><testcase classname="test.test_LensModel.test_LineOfSight.test_single_plane_los.TestSinglePlaneLOS" name="test_bool_list" file="test/test_LensModel/test_LineOfSight/test_single_plane_los.py" line="161" time="0.001" /><testcase classname="test.test_LensModel.test_LineOfSight.test_single_plane_los.TestSinglePlaneLOS" name="test_los_versus_multiplane" file="test/test_LensModel/test_LineOfSight/test_single_plane_los.py" line="215" time="0.193" /><testcase classname="test.test_LensModel.test_LineOfSight.test_single_plane_los.TestSinglePlaneLOS" name="test_init" file="test/test_LensModel/test_LineOfSight/test_single_plane_los.py" line="416" time="0.002" /><testcase classname="test.test_LensModel.test_LineOfSight.test_single_plane_los.TestRaise" name="test_raise" file="test/test_LensModel/test_LineOfSight/test_single_plane_los.py" line="435" time="0.021" /><testcase classname="test.test_LensModel.test_LineOfSight.test_single_plane_los_flexion.TestSinglePlaneLOSFlexion" name="test_potential" file="test/test_LensModel/test_LineOfSight/test_single_plane_los_flexion.py" line="92" time="0.001" /><testcase classname="test.test_LensModel.test_LineOfSight.test_single_plane_los_flexion.TestSinglePlaneLOSFlexion" name="test_alpha" file="test/test_LensModel/test_LineOfSight/test_single_plane_los_flexion.py" line="103" time="0.001" /><testcase classname="test.test_LensModel.test_LineOfSight.test_single_plane_los_flexion.TestSinglePlaneLOSFlexion" name="test_ray_shooting" file="test/test_LensModel/test_LineOfSight/test_single_plane_los_flexion.py" line="116" time="0.001" /><testcase classname="test.test_LensModel.test_LineOfSight.test_single_plane_los_flexion.TestSinglePlaneLOSFlexion" name="test_mass_2d" file="test/test_LensModel/test_LineOfSight/test_single_plane_los_flexion.py" line="131" time="0.001" /><testcase classname="test.test_LensModel.test_LineOfSight.test_single_plane_los_flexion.TestSinglePlaneLOSFlexion" name="test_mass_3d" file="test/test_LensModel/test_LineOfSight/test_single_plane_los_flexion.py" line="151" time="0.001" /><testcase classname="test.test_LensModel.test_LineOfSight.test_single_plane_los_flexion.TestSinglePlaneLOSFlexion" name="test_density" file="test/test_LensModel/test_LineOfSight/test_single_plane_los_flexion.py" line="171" time="0.001" /><testcase classname="test.test_LensModel.test_LineOfSight.test_single_plane_los_flexion.TestSinglePlaneLOSFlexion" name="test_bool_list" file="test/test_LensModel/test_LineOfSight/test_single_plane_los_flexion.py" line="195" time="0.002" /><testcase classname="test.test_LensModel.test_LineOfSight.test_single_plane_los_flexion.TestSinglePlaneLOSFlexion" name="test_los_versus_multiplane" file="test/test_LensModel/test_LineOfSight/test_single_plane_los_flexion.py" line="251" time="0.377" /><testcase classname="test.test_LensModel.test_LineOfSight.test_single_plane_los_flexion.TestSinglePlaneLOSFlexion" name="test_init" file="test/test_LensModel/test_LineOfSight/test_single_plane_los_flexion.py" line="475" time="0.002" /><testcase classname="test.test_LensModel.test_LineOfSight.test_single_plane_los_flexion.TestRaise" name="test_raise" file="test/test_LensModel/test_LineOfSight/test_single_plane_los_flexion.py" line="495" time="0.001" /><testcase classname="test.test_LensModel.test_Microlensing.test_adaptive_boundary_mesh.Test_adaptive_boundary_mesh" name="test_splitting_centers" file="test/test_LensModel/test_Microlensing/test_adaptive_boundary_mesh.py" line="12" time="0.001" /><testcase classname="test.test_LensModel.test_Microlensing.test_adaptive_boundary_mesh.Test_adaptive_boundary_mesh" name="test_loop_information" file="test/test_LensModel/test_Microlensing/test_adaptive_boundary_mesh.py" line="28" time="0.000" /><testcase classname="test.test_LensModel.test_Microlensing.test_adaptive_boundary_mesh.Test_adaptive_boundary_mesh" name="test_within_distance" file="test/test_LensModel/test_Microlensing/test_adaptive_boundary_mesh.py" line="41" time="0.000" /><testcase classname="test.test_LensModel.test_Microlensing.test_adaptive_boundary_mesh.Test_adaptive_boundary_mesh" name="test_ABM" file="test/test_LensModel/test_Microlensing/test_adaptive_boundary_mesh.py" line="69" time="0.015" /><testcase classname="test.test_LensModel.test_MultiPlane.test_multi_plane.TestMultiPlane" name="test_init" file="test/test_LensModel/test_MultiPlane/test_multi_plane.py" line="23" time="0.002" /><testcase classname="test.test_LensModel.test_MultiPlane.test_multi_plane.TestMultiPlane" name="test_geo_shapiro_delay" file="test/test_LensModel/test_MultiPlane/test_multi_plane.py" line="56" time="0.004" /><testcase classname="test.test_LensModel.test_MultiPlane.test_multi_plane.TestMultiPlane" name="test_update_source_redshift" file="test/test_LensModel/test_MultiPlane/test_multi_plane.py" line="73" time="0.004" /><testcase classname="test.test_LensModel.test_MultiPlane.test_multi_plane.TestMultiPlane" name="test_sis_alpha" file="test/test_LensModel/test_MultiPlane/test_multi_plane.py" line="102" time="0.001" /><testcase classname="test.test_LensModel.test_MultiPlane.test_multi_plane.TestMultiPlane" name="test_set_T_ij_stop" file="test/test_LensModel/test_MultiPlane/test_multi_plane.py" line="124" time="0.003" /><testcase classname="test.test_LensModel.test_MultiPlane.test_multi_plane.TestMultiPlane" name="test_set_background_cosmo" file="test/test_LensModel/test_MultiPlane/test_multi_plane.py" line="140" time="0.002" /><testcase classname="test.test_LensModel.test_MultiPlane.test_multi_plane.TestMultiPlane" name="test_sis_ray_tracing" file="test/test_LensModel/test_MultiPlane/test_multi_plane.py" line="166" time="0.002" /><testcase classname="test.test_LensModel.test_MultiPlane.test_multi_plane.TestMultiPlane" name="test_sis_hessian" file="test/test_LensModel/test_MultiPlane/test_multi_plane.py" line="189" time="0.001" /><testcase classname="test.test_LensModel.test_MultiPlane.test_multi_plane.TestMultiPlane" name="test_empty" file="test/test_LensModel/test_MultiPlane/test_multi_plane.py" line="211" time="0.001" /><testcase classname="test.test_LensModel.test_MultiPlane.test_multi_plane.TestMultiPlane" name="test_sis_kappa_gamma_mag" file="test/test_LensModel/test_MultiPlane/test_multi_plane.py" line="229" time="0.001" /><testcase classname="test.test_LensModel.test_MultiPlane.test_multi_plane.TestMultiPlane" name="test_sis_travel_time" file="test/test_LensModel/test_MultiPlane/test_multi_plane.py" line="254" time="0.002" /><testcase classname="test.test_LensModel.test_MultiPlane.test_multi_plane.TestMultiPlane" name="test_sis_travel_time_new" file="test/test_LensModel/test_MultiPlane/test_multi_plane.py" line="275" time="0.002" /><testcase classname="test.test_LensModel.test_MultiPlane.test_multi_plane.TestMultiPlane" name="test_sis_ray_shooting" file="test/test_LensModel/test_MultiPlane/test_multi_plane.py" line="299" time="0.001" /><testcase classname="test.test_LensModel.test_MultiPlane.test_multi_plane.TestMultiPlane" name="test_random_ordering" file="test/test_LensModel/test_MultiPlane/test_multi_plane.py" line="321" time="0.002" /><testcase classname="test.test_LensModel.test_MultiPlane.test_multi_plane.TestMultiPlane" name="test_ray_shooting_partial_2" file="test/test_LensModel/test_MultiPlane/test_multi_plane.py" line="350" time="0.003" /><testcase classname="test.test_LensModel.test_MultiPlane.test_multi_plane.TestMultiPlane" name="test_ray_shooting_partial" file="test/test_LensModel/test_MultiPlane/test_multi_plane.py" line="453" time="0.002" /><testcase classname="test.test_LensModel.test_MultiPlane.test_multi_plane.TestMultiPlane" name="test_pseudo_multiplane" file="test/test_LensModel/test_MultiPlane/test_multi_plane.py" line="553" time="0.001" /><testcase classname="test.test_LensModel.test_MultiPlane.test_multi_plane.TestMultiPlane" name="test_position_convention" file="test/test_LensModel/test_MultiPlane/test_multi_plane.py" line="575" time="0.005" /><testcase classname="test.test_LensModel.test_MultiPlane.test_multi_plane.TestMultiPlane" name="test_co_moving2angle_z1_z2" file="test/test_LensModel/test_MultiPlane/test_multi_plane.py" line="634" time="0.001" /><testcase classname="test.test_LensModel.test_MultiPlane.test_multi_plane.TestMultiPlane" name="test_hessian_z1z2" file="test/test_LensModel/test_MultiPlane/test_multi_plane.py" line="656" time="0.002" /><testcase classname="test.test_LensModel.test_MultiPlane.test_multi_plane.TestRaise" name="test_raise" file="test/test_LensModel/test_MultiPlane/test_multi_plane.py" line="685" time="0.001" /><testcase classname="test.test_LensModel.test_MultiPlane.test_multi_plane_decoupled.TestMultiPlaneDecoupled" name="test_zsplit_requirements" file="test/test_LensModel/test_MultiPlane/test_multi_plane_decoupled.py" line="185" time="0.108" /><testcase classname="test.test_LensModel.test_MultiPlane.test_multi_plane_decoupled.TestMultiPlaneDecoupled" name="test_setup_grids" file="test/test_LensModel/test_MultiPlane/test_multi_plane_decoupled.py" line="194" time="0.103" /><testcase classname="test.test_LensModel.test_MultiPlane.test_multi_plane_decoupled.TestMultiPlaneDecoupled" name="test_setup_lens_model" file="test/test_LensModel/test_MultiPlane/test_multi_plane_decoupled.py" line="213" time="0.106" /><testcase classname="test.test_LensModel.test_MultiPlane.test_multi_plane_decoupled.TestMultiPlaneDecoupled" name="test_point_deflection_model" file="test/test_LensModel/test_MultiPlane/test_multi_plane_decoupled.py" line="241" time="2.819" /><testcase classname="test.test_LensModel.test_MultiPlane.test_multi_plane_decoupled.TestMultiPlaneDecoupled" name="test_grid_deflection_model" file="test/test_LensModel/test_MultiPlane/test_multi_plane_decoupled.py" line="398" time="0.463" /><testcase classname="test.test_LensModel.test_MultiPlane.test_multi_plane_decoupled.TestMultiPlaneDecoupled" name="test_multiple_images_deflection_model" file="test/test_LensModel/test_MultiPlane/test_multi_plane_decoupled.py" line="493" time="0.106" /><testcase classname="test.test_LensModel.test_MultiPlane.test_multi_plane_decoupled.TestMultiPlaneDecoupled" name="test_setup_raytracing_lens_models" file="test/test_LensModel/test_MultiPlane/test_multi_plane_decoupled.py" line="584" time="0.123" /><testcase classname="test.test_LensModel.test_MultiPlane.test_multi_plane_decoupled.TestMultiPlaneDecoupled" name="test_change_cosmology" file="test/test_LensModel/test_MultiPlane/test_multi_plane_decoupled.py" line="630" time="0.105" /><testcase classname="test.test_LensModel.test_Optimizer.test_fast_rayshooting.TestFastRayShooting" name="test_rayshooting" file="test/test_LensModel/test_Optimizer/test_fast_rayshooting.py" line="48" time="0.103" /><testcase classname="test.test_LensModel.test_Optimizer.test_optimizer.TestOptimizer" name="test_elp_free_shear" file="test/test_LensModel/test_Optimizer/test_optimizer.py" line="51" time="1.961" /><testcase classname="test.test_LensModel.test_Optimizer.test_optimizer.TestOptimizer" name="test_elp_fixed_shear" file="test/test_LensModel/test_Optimizer/test_optimizer.py" line="105" time="7.689" /><testcase classname="test.test_LensModel.test_Optimizer.test_optimizer.TestOptimizer" name="test_multipole_free_shear" file="test/test_LensModel/test_Optimizer/test_optimizer.py" line="143" time="0.521" /><testcase classname="test.test_LensModel.test_Optimizer.test_optimizer.TestOptimizer" name="test_multipole_fixed_shear" file="test/test_LensModel/test_Optimizer/test_optimizer.py" line="185" time="1.464" /><testcase classname="test.test_LensModel.test_Optimizer.test_optimizer.TestOptimizer" name="test_callable_method" file="test/test_LensModel/test_Optimizer/test_optimizer.py" line="231" time="1.484" /><testcase classname="test.test_LensModel.test_Optimizer.test_optimizer.TestOptimizer" name="test_options" file="test/test_LensModel/test_Optimizer/test_optimizer.py" line="280" time="0.665" /><testcase classname="test.test_LensModel.test_Optimizer.test_optimizer.TestOptimizer" name="test_multi_threading" file="test/test_LensModel/test_Optimizer/test_optimizer.py" line="357" time="14.837" /><testcase classname="test.test_LensModel.test_Optimizer.test_optimizer.TestOptimizer" name="test_penalty_functions" file="test/test_LensModel/test_Optimizer/test_optimizer.py" line="391" time="0.004" /><testcase classname="test.test_LensModel.test_Optimizer.test_optimizer.TestOptimizer" name="test_decoupled" file="test/test_LensModel/test_Optimizer/test_optimizer.py" line="416" time="1.232" /><testcase classname="test.test_LensModel.test_Optimizer.test_param_classes.TestParamClasses" name="test_param_penalty" file="test/test_LensModel/test_Optimizer/test_param_classes.py" line="47" time="0.001" /><testcase classname="test.test_LensModel.test_Optimizer.test_param_classes.TestParamClasses" name="test_plaw_free_shear" file="test/test_LensModel/test_Optimizer/test_param_classes.py" line="53" time="0.001" /><testcase classname="test.test_LensModel.test_Optimizer.test_param_classes.TestParamClasses" name="test_plaw_fixed_shear" file="test/test_LensModel/test_Optimizer/test_param_classes.py" line="75" time="0.001" /><testcase classname="test.test_LensModel.test_Optimizer.test_param_classes.TestParamClasses" name="test_plawboxydisky_fixed_shear" file="test/test_LensModel/test_Optimizer/test_param_classes.py" line="128" time="0.001" /><testcase classname="test.test_LensModel.test_Optimizer.test_param_classes.TestParamClasses" name="test_bounds" file="test/test_LensModel/test_Optimizer/test_param_classes.py" line="153" time="0.001" /><testcase classname="test.test_LensModel.test_Profiles.test_arc_perturbations.TestArcPerturbations" name="test_function" file="test/test_LensModel/test_Profiles/test_arc_perturbations.py" line="23" time="0.001" /><testcase classname="test.test_LensModel.test_Profiles.test_arc_perturbations.TestArcPerturbations" name="test_derivatives" file="test/test_LensModel/test_Profiles/test_arc_perturbations.py" line="31" time="0.002" /><testcase classname="test.test_LensModel.test_Profiles.test_arc_perturbations.TestArcPerturbations" name="test_hessian" file="test/test_LensModel/test_Profiles/test_arc_perturbations.py" line="44" time="0.003" /><testcase classname="test.test_LensModel.test_Profiles.test_base_profile.TestBaseProfile" name="test_base_functions" file="test/test_LensModel/test_Profiles/test_base_profile.py" line="8" time="0.000" /><testcase classname="test.test_LensModel.test_Profiles.test_base_profile.TestRaise" name="test_raise" file="test/test_LensModel/test_Profiles/test_base_profile.py" line="15" time="0.001" /><testcase classname="test.test_LensModel.test_Profiles.test_blank_plane.TestBlankPlane" name="test_function" file="test/test_LensModel/test_Profiles/test_blank_plane.py" line="12" time="0.001" /><testcase classname="test.test_LensModel.test_Profiles.test_blank_plane.TestBlankPlane" name="test_derivatives" file="test/test_LensModel/test_Profiles/test_blank_plane.py" line="21" time="0.001" /><testcase classname="test.test_LensModel.test_Profiles.test_blank_plane.TestBlankPlane" name="test_hessian" file="test/test_LensModel/test_Profiles/test_blank_plane.py" line="31" time="0.001" /><testcase classname="test.test_LensModel.test_Profiles.test_bpl.TestBPLInternals" name="test_scalar_origin_hits_center_shear_fix_and_major_axis_safe_complex" file="test/test_LensModel/test_Profiles/test_bpl.py" line="43" time="0.001" /><testcase classname="test.test_LensModel.test_Profiles.test_bpl.TestBPLInternals" name="test_beta_func_special_cases" file="test/test_LensModel/test_Profiles/test_bpl.py" line="81" time="0.001" /><testcase classname="test.test_LensModel.test_Profiles.test_bpl.TestBPLInternals" name="test_rho_c_from_b_matches_analytic_for_a2" file="test/test_LensModel/test_Profiles/test_bpl.py" line="91" time="0.000" /><testcase classname="test.test_LensModel.test_Profiles.test_bpl.TestBPLInternals" name="test_mass_3d_lens_inner_outer_vectorized_and_continuous" file="test/test_LensModel/test_Profiles/test_bpl.py" line="104" time="0.001" /><testcase classname="test.test_LensModel.test_Profiles.test_bpl.TestBPLInternals" name="test_mass_3d_lens_divergent_slopes_raise" file="test/test_LensModel/test_Profiles/test_bpl.py" line="136" time="0.001" /><testcase classname="test.test_LensModel.test_Profiles.test_bpl.TestBPLInternals" name="test_major_axis_hessian_scalar_denom2_exact_zero_regularization" file="test/test_LensModel/test_Profiles/test_bpl.py" line="146" time="0.001" /><testcase classname="test.test_LensModel.test_Profiles.test_bpl.TestBPLInternals" name="test_exhyp2f1_scalar_z_wrap_and_general_branch" file="test/test_LensModel/test_Profiles/test_bpl.py" line="167" time="0.001" /><testcase classname="test.test_LensModel.test_Profiles.test_bpl.TestBPLInternals" name="test_s0arr_scalar_resizes_converges_and_unwraps" file="test/test_LensModel/test_Profiles/test_bpl.py" line="176" time="0.001" /><testcase classname="test.test_LensModel.test_Profiles.test_bpl.TestBPLInternals" name="test_s2arr_scalar_resizes_converges_and_unwraps" file="test/test_LensModel/test_Profiles/test_bpl.py" line="184" time="0.001" /><testcase classname="test.test_LensModel.test_Profiles.test_bpl.TestBPLInternals" name="test_major_axis_derivatives_scalar_origin_hits_Z_safe_scalar" file="test/test_LensModel/test_Profiles/test_bpl.py" line="192" time="0.001" /><testcase classname="test.test_LensModel.test_Profiles.test_bpl.TestBPLInternals" name="test_major_axis_hessian_scalar_origin_hits_Z_safe_scalar" file="test/test_LensModel/test_Profiles/test_bpl.py" line="196" time="0.001" /><testcase classname="test.test_LensModel.test_Profiles.test_bpl.TestBPLvsEPL" name="test_elliptical_radius_convention" file="test/test_LensModel/test_Profiles/test_bpl.py" line="240" time="0.001" /><testcase classname="test.test_LensModel.test_Profiles.test_bpl.TestBPLvsEPL" name="test_function" file="test/test_LensModel/test_Profiles/test_bpl.py" line="259" time="0.035" /><testcase classname="test.test_LensModel.test_Profiles.test_bpl.TestBPLvsEPL" name="test_derivatives" file="test/test_LensModel/test_Profiles/test_bpl.py" line="278" time="0.002" /><testcase classname="test.test_LensModel.test_Profiles.test_bpl.TestBPLvsEPL" name="test_hessian" file="test/test_LensModel/test_Profiles/test_bpl.py" line="294" time="0.002" /><testcase classname="test.test_LensModel.test_Profiles.test_bpl.TestBPLvsEPL" name="test_static" file="test/test_LensModel/test_Profiles/test_bpl.py" line="312" time="0.029" /><testcase classname="test.test_LensModel.test_Profiles.test_bpl.TestBPLvsEPL" name="test_regularization" file="test/test_LensModel/test_Profiles/test_bpl.py" line="330" time="0.003" /><testcase classname="test.test_LensModel.test_Profiles.test_chameleon.TestChameleon" name="test_theta_E_convert" file="test/test_LensModel/test_Profiles/test_chameleon.py" line="26" time="0.001" /><testcase classname="test.test_LensModel.test_Profiles.test_chameleon.TestChameleon" name="test_function" file="test/test_LensModel/test_Profiles/test_chameleon.py" line="35" time="0.008" /><testcase classname="test.test_LensModel.test_Profiles.test_chameleon.TestChameleon" name="test_derivatives" file="test/test_LensModel/test_Profiles/test_chameleon.py" line="65" time="0.003" /><testcase classname="test.test_LensModel.test_Profiles.test_chameleon.TestChameleon" name="test_hessian" file="test/test_LensModel/test_Profiles/test_chameleon.py" line="98" time="0.001" /><testcase classname="test.test_LensModel.test_Profiles.test_chameleon.TestChameleon" name="test_static" file="test/test_LensModel/test_Profiles/test_chameleon.py" line="131" time="0.001" /><testcase classname="test.test_LensModel.test_Profiles.test_chameleon.TestDoubleChameleon" name="test_param_name" file="test/test_LensModel/test_Profiles/test_chameleon.py" line="152" time="0.001" /><testcase classname="test.test_LensModel.test_Profiles.test_chameleon.TestDoubleChameleon" name="test_function" file="test/test_LensModel/test_Profiles/test_chameleon.py" line="157" time="0.001" /><testcase classname="test.test_LensModel.test_Profiles.test_chameleon.TestDoubleChameleon" name="test_derivatives" file="test/test_LensModel/test_Profiles/test_chameleon.py" line="202" time="0.001" /><testcase classname="test.test_LensModel.test_Profiles.test_chameleon.TestDoubleChameleon" name="test_hessian" file="test/test_LensModel/test_Profiles/test_chameleon.py" line="248" time="0.002" /><testcase classname="test.test_LensModel.test_Profiles.test_chameleon.TestDoubleChameleon" name="test_static" file="test/test_LensModel/test_Profiles/test_chameleon.py" line="317" time="0.001" /><testcase classname="test.test_LensModel.test_Profiles.test_chameleon.TestDoubleChameleonPointMass" name="test_param_name" file="test/test_LensModel/test_Profiles/test_chameleon.py" line="361" time="0.001" /><testcase classname="test.test_LensModel.test_Profiles.test_chameleon.TestDoubleChameleonPointMass" name="test_function" file="test/test_LensModel/test_Profiles/test_chameleon.py" line="366" time="0.001" /><testcase classname="test.test_LensModel.test_Profiles.test_chameleon.TestDoubleChameleonPointMass" name="test_derivatives" file="test/test_LensModel/test_Profiles/test_chameleon.py" line="391" time="0.001" /><testcase classname="test.test_LensModel.test_Profiles.test_chameleon.TestDoubleChameleonPointMass" name="test_hessian" file="test/test_LensModel/test_Profiles/test_chameleon.py" line="417" time="0.001" /><testcase classname="test.test_LensModel.test_Profiles.test_chameleon.TestTripleChameleon" name="test_param_name" file="test/test_LensModel/test_Profiles/test_chameleon.py" line="452" time="0.000" /><testcase classname="test.test_LensModel.test_Profiles.test_chameleon.TestTripleChameleon" name="test_function" file="test/test_LensModel/test_Profiles/test_chameleon.py" line="457" time="0.001" /><testcase classname="test.test_LensModel.test_Profiles.test_chameleon.TestTripleChameleon" name="test_derivatives" file="test/test_LensModel/test_Profiles/test_chameleon.py" line="500" time="0.001" /><testcase classname="test.test_LensModel.test_Profiles.test_chameleon.TestTripleChameleon" name="test_hessian" file="test/test_LensModel/test_Profiles/test_chameleon.py" line="544" time="0.002" /><testcase classname="test.test_LensModel.test_Profiles.test_chameleon.TestTripleChameleon" name="test_static" file="test/test_LensModel/test_Profiles/test_chameleon.py" line="618" time="0.001" /><testcase classname="test.test_LensModel.test_Profiles.test_cnfw.Testcnfw" name="test_pot" file="test/test_LensModel/test_Profiles/test_cnfw.py" line="17" time="0.009" /><testcase classname="test.test_LensModel.test_Profiles.test_cnfw.Testcnfw" name="test_derivatives" file="test/test_LensModel/test_Profiles/test_cnfw.py" line="26" time="0.001" /><testcase classname="test.test_LensModel.test_Profiles.test_cnfw.Testcnfw" name="test_mass_3d" file="test/test_LensModel/test_Profiles/test_cnfw.py" line="42" time="0.001" /><testcase classname="test.test_LensModel.test_Profiles.test_cnfw.Testcnfw" name="test_mproj" file="test/test_LensModel/test_Profiles/test_cnfw.py" line="53" time="0.001" /><testcase classname="test.test_LensModel.test_Profiles.test_cnfw.Testcnfw" name="test_GF" file="test/test_LensModel/test_Profiles/test_cnfw.py" line="68" time="0.001" /><testcase classname="test.test_LensModel.test_Profiles.test_cnfw.Testcnfw" name="test_gamma" file="test/test_LensModel/test_Profiles/test_cnfw.py" line="77" time="0.001" /><testcase classname="test.test_LensModel.test_Profiles.test_cnfw_ellipse_potential.TestCNFWELLIPSE" name="test_function" file="test/test_LensModel/test_Profiles/test_cnfw_ellipse_potential.py" line="19" time="0.006" /><testcase classname="test.test_LensModel.test_Profiles.test_cnfw_ellipse_potential.TestCNFWELLIPSE" name="test_derivatives" file="test/test_LensModel/test_Profiles/test_cnfw_ellipse_potential.py" line="47" time="0.001" /><testcase classname="test.test_LensModel.test_Profiles.test_cnfw_ellipse_potential.TestCNFWELLIPSE" name="test_hessian" file="test/test_LensModel/test_Profiles/test_cnfw_ellipse_potential.py" line="79" time="0.002" /><testcase classname="test.test_LensModel.test_Profiles.test_cnfw_ellipse_potential.TestCNFWELLIPSE" name="test_mass_3d" file="test/test_LensModel/test_Profiles/test_cnfw_ellipse_potential.py" line="110" time="0.001" /><testcase classname="test.test_LensModel.test_Profiles.test_const_mag.TestCONST_MAG" name="test_function" file="test/test_LensModel/test_Profiles/test_const_mag.py" line="16" time="0.001" /><testcase classname="test.test_LensModel.test_Profiles.test_const_mag.TestCONST_MAG" name="test_derivatives" file="test/test_LensModel/test_Profiles/test_const_mag.py" line="121" time="0.006" /><testcase classname="test.test_LensModel.test_Profiles.test_const_mag.TestCONST_MAG" name="test_hessian" file="test/test_LensModel/test_Profiles/test_const_mag.py" line="222" time="0.001" /><testcase classname="test.test_LensModel.test_Profiles.test_constant_shift.TestShift" name="test_function" file="test/test_LensModel/test_Profiles/test_constant_shift.py" line="19" time="0.001" /><testcase classname="test.test_LensModel.test_Profiles.test_constant_shift.TestShift" name="test_derivatives" file="test/test_LensModel/test_Profiles/test_constant_shift.py" line="35" time="0.001" /><testcase classname="test.test_LensModel.test_Profiles.test_constant_shift.TestShift" name="test_hessian" file="test/test_LensModel/test_Profiles/test_constant_shift.py" line="48" time="0.000" /><testcase classname="test.test_LensModel.test_Profiles.test_convergence.TestConvergence" name="test_function" file="test/test_LensModel/test_Profiles/test_convergence.py" line="17" time="0.001" /><testcase classname="test.test_LensModel.test_Profiles.test_convergence.TestConvergence" name="test_derivatives" file="test/test_LensModel/test_Profiles/test_convergence.py" line="33" time="0.001" /><testcase classname="test.test_LensModel.test_Profiles.test_convergence.TestConvergence" name="test_hessian" file="test/test_LensModel/test_Profiles/test_convergence.py" line="46" time="0.001" /><testcase classname="test.test_LensModel.test_Profiles.test_coreBurkert.TestcBurk" name="test_mproj" file="test/test_LensModel/test_Profiles/test_coreBurkert.py" line="19" time="0.083" /><testcase classname="test.test_LensModel.test_Profiles.test_coreBurkert.TestcBurk" name="test_potential" file="test/test_LensModel/test_Profiles/test_coreBurkert.py" line="31" time="0.091" /><testcase classname="test.test_LensModel.test_Profiles.test_coreBurkert.TestcBurk" name="test_derivatives" file="test/test_LensModel/test_Profiles/test_coreBurkert.py" line="41" time="0.001" /><testcase classname="test.test_LensModel.test_Profiles.test_coreBurkert.TestcBurk" name="test_rho_angle_transform" file="test/test_LensModel/test_Profiles/test_coreBurkert.py" line="54" time="0.001" /><testcase classname="test.test_LensModel.test_Profiles.test_cored_density.TestCoredDensity" name="test_function" file="test/test_LensModel/test_Profiles/test_cored_density.py" line="15" time="0.001" /><testcase classname="test.test_LensModel.test_Profiles.test_cored_density.TestCoredDensity" name="test_derivatives" file="test/test_LensModel/test_Profiles/test_cored_density.py" line="26" time="0.000" /><testcase classname="test.test_LensModel.test_Profiles.test_cored_density.TestCoredDensity" name="test_dalpha_dr" file="test/test_LensModel/test_Profiles/test_cored_density.py" line="29" time="0.001" /><testcase classname="test.test_LensModel.test_Profiles.test_cored_density.TestCoredDensity" name="test_hessian" file="test/test_LensModel/test_Profiles/test_cored_density.py" line="42" time="0.001" /><testcase classname="test.test_LensModel.test_Profiles.test_cored_density.TestCoredDensity" name="test_mass_3d" file="test/test_LensModel/test_Profiles/test_cored_density.py" line="54" time="0.001" /><testcase classname="test.test_LensModel.test_Profiles.test_cored_density_2.TestCoredDensity" name="test_function" file="test/test_LensModel/test_Profiles/test_cored_density_2.py" line="15" time="0.002" /><testcase classname="test.test_LensModel.test_Profiles.test_cored_density_2.TestCoredDensity" name="test_derivatives" file="test/test_LensModel/test_Profiles/test_cored_density_2.py" line="31" time="0.000" /><testcase classname="test.test_LensModel.test_Profiles.test_cored_density_2.TestCoredDensity" name="test_dalpha_dr" file="test/test_LensModel/test_Profiles/test_cored_density_2.py" line="34" time="0.001" /><testcase classname="test.test_LensModel.test_Profiles.test_cored_density_2.TestCoredDensity" name="test_hessian" file="test/test_LensModel/test_Profiles/test_cored_density_2.py" line="47" time="0.001" /><testcase classname="test.test_LensModel.test_Profiles.test_cored_density_2.TestCoredDensity" name="test_mass_3d" file="test/test_LensModel/test_Profiles/test_cored_density_2.py" line="59" time="0.001" /><testcase classname="test.test_LensModel.test_Profiles.test_cored_density_exp.TestCoredDensityExp" name="test_function" file="test/test_LensModel/test_Profiles/test_cored_density_exp.py" line="15" time="0.002" /><testcase classname="test.test_LensModel.test_Profiles.test_cored_density_exp.TestCoredDensityExp" name="test_derivatives" file="test/test_LensModel/test_Profiles/test_cored_density_exp.py" line="32" time="0.000" /><testcase classname="test.test_LensModel.test_Profiles.test_cored_density_exp.TestCoredDensityExp" name="test_hessian" file="test/test_LensModel/test_Profiles/test_cored_density_exp.py" line="42" time="0.001" /><testcase classname="test.test_LensModel.test_Profiles.test_cored_density_exp.TestCoredDensityExp" name="test_mass_3d" file="test/test_LensModel/test_Profiles/test_cored_density_exp.py" line="54" time="0.001" /><testcase classname="test.test_LensModel.test_Profiles.test_cored_profile_mst.TestMassSheet" name="test_function" file="test/test_LensModel/test_Profiles/test_cored_profile_mst.py" line="26" time="0.001" /><testcase classname="test.test_LensModel.test_Profiles.test_cored_profile_mst.TestMassSheet" name="test_derivatives" file="test/test_LensModel/test_Profiles/test_cored_profile_mst.py" line="46" time="0.001" /><testcase classname="test.test_LensModel.test_Profiles.test_cored_profile_mst.TestMassSheet" name="test_hessian" file="test/test_LensModel/test_Profiles/test_cored_profile_mst.py" line="66" time="0.001" /><testcase classname="test.test_LensModel.test_Profiles.test_cored_profile_mst.TestRaise" name="test_raise" file="test/test_LensModel/test_Profiles/test_cored_profile_mst.py" line="88" time="0.001" /><testcase classname="test.test_LensModel.test_Profiles.test_cored_steep_ellipsoid.TestCSP" name="test_function" file="test/test_LensModel/test_Profiles/test_cored_steep_ellipsoid.py" line="17" time="0.005" /><testcase classname="test.test_LensModel.test_Profiles.test_cored_steep_ellipsoid.TestCSP" name="test_derivatives" file="test/test_LensModel/test_Profiles/test_cored_steep_ellipsoid.py" line="25" time="0.001" /><testcase classname="test.test_LensModel.test_Profiles.test_cored_steep_ellipsoid.TestCSP" name="test_hessian" file="test/test_LensModel/test_Profiles/test_cored_steep_ellipsoid.py" line="34" time="0.001" /><testcase classname="test.test_LensModel.test_Profiles.test_cored_steep_ellipsoid.TestCSP" name="test_ellipticity" file="test/test_LensModel/test_Profiles/test_cored_steep_ellipsoid.py" line="45" time="0.003" /><testcase classname="test.test_LensModel.test_Profiles.test_curved_arc_const.TestCurvedArcConst" name="test_function" file="test/test_LensModel/test_Profiles/test_curved_arc_const.py" line="20" time="0.001" /><testcase classname="test.test_LensModel.test_Profiles.test_curved_arc_const.TestCurvedArcConst" name="test_derivatives" file="test/test_LensModel/test_Profiles/test_curved_arc_const.py" line="31" time="0.007" /><testcase classname="test.test_LensModel.test_Profiles.test_curved_arc_const.TestCurvedArcConst" name="test_hessian" file="test/test_LensModel/test_Profiles/test_curved_arc_const.py" line="73" time="0.001" /><testcase classname="test.test_LensModel.test_Profiles.test_curved_arc_const.TestCurvedArcConstMST" name="test_function" file="test/test_LensModel/test_Profiles/test_curved_arc_const.py" line="113" time="0.000" /><testcase classname="test.test_LensModel.test_Profiles.test_curved_arc_const.TestCurvedArcConstMST" name="test_hessian" file="test/test_LensModel/test_Profiles/test_curved_arc_const.py" line="124" time="0.000" /><testcase classname="test.test_LensModel.test_Profiles.test_curved_arc_sis_mst.TestCurvedArcSISMST" name="test_spp2stretch" file="test/test_LensModel/test_Profiles/test_curved_arc_sis_mst.py" line="19" time="0.001" /><testcase classname="test.test_LensModel.test_Profiles.test_curved_arc_sis_mst.TestCurvedArcSISMST" name="test_function" file="test/test_LensModel/test_Profiles/test_curved_arc_sis_mst.py" line="118" time="0.000" /><testcase classname="test.test_LensModel.test_Profiles.test_curved_arc_sis_mst.TestCurvedArcSISMST" name="test_derivatives" file="test/test_LensModel/test_Profiles/test_curved_arc_sis_mst.py" line="153" time="0.000" /><testcase classname="test.test_LensModel.test_Profiles.test_curved_arc_sis_mst.TestCurvedArcSISMST" name="test_hessian" file="test/test_LensModel/test_Profiles/test_curved_arc_sis_mst.py" line="186" time="0.001" /><testcase classname="test.test_LensModel.test_Profiles.test_curved_arc_sis_mst.TestCurvedArcSISMST" name="test_curved_arc_recovery" file="test/test_LensModel/test_Profiles/test_curved_arc_sis_mst.py" line="285" time="0.001" /><testcase classname="test.test_LensModel.test_Profiles.test_curved_arc_spp.TestCurvedArc" name="test_spp2stretch" file="test/test_LensModel/test_Profiles/test_curved_arc_spp.py" line="17" time="0.001" /><testcase classname="test.test_LensModel.test_Profiles.test_curved_arc_spp.TestCurvedArc" name="test_function" file="test/test_LensModel/test_Profiles/test_curved_arc_spp.py" line="116" time="0.001" /><testcase classname="test.test_LensModel.test_Profiles.test_curved_arc_spp.TestCurvedArc" name="test_derivatives" file="test/test_LensModel/test_Profiles/test_curved_arc_spp.py" line="145" time="0.001" /><testcase classname="test.test_LensModel.test_Profiles.test_curved_arc_spp.TestCurvedArc" name="test_hessian" file="test/test_LensModel/test_Profiles/test_curved_arc_spp.py" line="175" time="0.001" /><testcase classname="test.test_LensModel.test_Profiles.test_curved_arc_spt.TestCurvedArcSPT" name="test_function" file="test/test_LensModel/test_Profiles/test_curved_arc_spt.py" line="13" time="0.001" /><testcase classname="test.test_LensModel.test_Profiles.test_curved_arc_spt.TestCurvedArcSPT" name="test_spt_mapping" file="test/test_LensModel/test_Profiles/test_curved_arc_spt.py" line="26" time="0.001" /><testcase classname="test.test_LensModel.test_Profiles.test_curved_arc_tan_diff.TestCurvedArcTanDiff" name="test_curved_arc_round_recovery" file="test/test_LensModel/test_Profiles/test_curved_arc_tan_diff.py" line="20" time="0.002" /><testcase classname="test.test_LensModel.test_Profiles.test_curved_arc_tan_diff.TestCurvedArcTanDiff" name="test_curved_arc_recovery" file="test/test_LensModel/test_Profiles/test_curved_arc_tan_diff.py" line="64" time="0.003" /><testcase classname="test.test_LensModel.test_Profiles.test_dipole.TestDipole" name="test_function" file="test/test_LensModel/test_Profiles/test_dipole.py" line="17" time="0.001" /><testcase classname="test.test_LensModel.test_Profiles.test_dipole.TestDipole" name="test_derivatives" file="test/test_LensModel/test_Profiles/test_dipole.py" line="45" time="0.001" /><testcase classname="test.test_LensModel.test_Profiles.test_dipole.TestDipole" name="test_hessian" file="test/test_LensModel/test_Profiles/test_dipole.py" line="70" time="0.001" /><testcase classname="test.test_LensModel.test_Profiles.test_dipole.TestDipole" name="test_mass_ratio" file="test/test_LensModel/test_Profiles/test_dipole.py" line="98" time="0.000" /><testcase classname="test.test_LensModel.test_Profiles.test_elliptical_density_slice.TestElliSLICE" name="test_function" file="test/test_LensModel/test_Profiles/test_elliptical_density_slice.py" line="16" time="0.001" /><testcase classname="test.test_LensModel.test_Profiles.test_elliptical_density_slice.TestElliSLICE" name="test_derivatives" file="test/test_LensModel/test_Profiles/test_elliptical_density_slice.py" line="42" time="0.001" /><testcase classname="test.test_LensModel.test_Profiles.test_elliptical_density_slice.TestElliSLICE" name="test_hessian" file="test/test_LensModel/test_Profiles/test_elliptical_density_slice.py" line="86" time="0.001" /><testcase classname="test.test_LensModel.test_Profiles.test_epl.TestEPLvsNIE" name="test_function" file="test/test_LensModel/test_Profiles/test_epl.py" line="31" time="0.001" /><testcase classname="test.test_LensModel.test_Profiles.test_epl.TestEPLvsNIE" name="test_derivatives" file="test/test_LensModel/test_Profiles/test_epl.py" line="65" time="0.001" /><testcase classname="test.test_LensModel.test_Profiles.test_epl.TestEPLvsNIE" name="test_hessian" file="test/test_LensModel/test_Profiles/test_epl.py" line="86" time="0.001" /><testcase classname="test.test_LensModel.test_Profiles.test_epl.TestEPLvsNIE" name="test_density_lens" file="test/test_LensModel/test_Profiles/test_epl.py" line="103" time="0.001" /><testcase classname="test.test_LensModel.test_Profiles.test_epl.TestEPLvsNIE" name="test_mass_3d_lens" file="test/test_LensModel/test_Profiles/test_epl.py" line="113" time="0.000" /><testcase classname="test.test_LensModel.test_Profiles.test_epl.TestEPLvsNIE" name="test_static" file="test/test_LensModel/test_Profiles/test_epl.py" line="123" time="0.001" /><testcase classname="test.test_LensModel.test_Profiles.test_epl.TestEPLvsNIE" name="test_regularization" file="test/test_LensModel/test_Profiles/test_epl.py" line="137" time="0.001" /><testcase classname="test.test_LensModel.test_Profiles.test_epl.TestEPLvsPEMD" name="test_epl_pemd_convention" file="test/test_LensModel/test_Profiles/test_epl.py" line="182" time="0.017" /><testcase classname="test.test_LensModel.test_Profiles.test_epl.TestEPLQPhi" name="test_epl_eplqphi" file="test/test_LensModel/test_Profiles/test_epl.py" line="223" time="0.019" /><testcase classname="test.test_LensModel.test_Profiles.test_epl_boxydisky.TestEPL_BOXYDISKY" name="test_function" file="test/test_LensModel/test_Profiles/test_epl_boxydisky.py" line="30" time="0.052" /><testcase classname="test.test_LensModel.test_Profiles.test_epl_boxydisky.TestEPL_BOXYDISKY" name="test_derivatives" file="test/test_LensModel/test_Profiles/test_epl_boxydisky.py" line="65" time="0.070" /><testcase classname="test.test_LensModel.test_Profiles.test_epl_boxydisky.TestEPL_BOXYDISKY" name="test_hessian" file="test/test_LensModel/test_Profiles/test_epl_boxydisky.py" line="106" time="0.116" /><testcase classname="test.test_LensModel.test_Profiles.test_epl_boxydisky.TestEPL_BOXYDISKY_ELL" name="test_function" file="test/test_LensModel/test_Profiles/test_epl_boxydisky.py" line="172" time="0.077" /><testcase classname="test.test_LensModel.test_Profiles.test_epl_boxydisky.TestEPL_BOXYDISKY_ELL" name="test_derivatives" file="test/test_LensModel/test_Profiles/test_epl_boxydisky.py" line="208" time="0.142" /><testcase classname="test.test_LensModel.test_Profiles.test_epl_boxydisky.TestEPL_BOXYDISKY_ELL" name="test_hessian" file="test/test_LensModel/test_Profiles/test_epl_boxydisky.py" line="250" time="0.123" /><testcase classname="test.test_LensModel.test_Profiles.test_epl_multipole_m1m3m4.TestEPL_MULTIPOLE_M3M4" name="test_function" file="test/test_LensModel/test_Profiles/test_epl_multipole_m1m3m4.py" line="50" time="0.001" /><testcase classname="test.test_LensModel.test_Profiles.test_epl_multipole_m1m3m4.TestEPL_MULTIPOLE_M3M4" name="test_derivatives" file="test/test_LensModel/test_Profiles/test_epl_multipole_m1m3m4.py" line="59" time="0.002" /><testcase classname="test.test_LensModel.test_Profiles.test_epl_multipole_m1m3m4.TestEPL_MULTIPOLE_M3M4" name="test_hessian" file="test/test_LensModel/test_Profiles/test_epl_multipole_m1m3m4.py" line="79" time="0.001" /><testcase classname="test.test_LensModel.test_Profiles.test_epl_multipole_m3m4.TestEPL_MULTIPOLE_M3M4" name="test_function" file="test/test_LensModel/test_Profiles/test_epl_multipole_m3m4.py" line="28" time="0.001" /><testcase classname="test.test_LensModel.test_Profiles.test_epl_multipole_m3m4.TestEPL_MULTIPOLE_M3M4" name="test_derivatives" file="test/test_LensModel/test_Profiles/test_epl_multipole_m3m4.py" line="99" time="0.002" /><testcase classname="test.test_LensModel.test_Profiles.test_epl_multipole_m3m4.TestEPL_MULTIPOLE_M3M4" name="test_hessian" file="test/test_LensModel/test_Profiles/test_epl_multipole_m3m4.py" line="174" time="0.002" /><testcase classname="test.test_LensModel.test_Profiles.test_epl_multipole_m3m4.TestEPL_MULTIPOLE_M3M4_ELL" name="test_function" file="test/test_LensModel/test_Profiles/test_epl_multipole_m3m4.py" line="269" time="0.002" /><testcase classname="test.test_LensModel.test_Profiles.test_epl_multipole_m3m4.TestEPL_MULTIPOLE_M3M4_ELL" name="test_derivatives" file="test/test_LensModel/test_Profiles/test_epl_multipole_m3m4.py" line="343" time="0.003" /><testcase classname="test.test_LensModel.test_Profiles.test_epl_multipole_m3m4.TestEPL_MULTIPOLE_M3M4_ELL" name="test_hessian" file="test/test_LensModel/test_Profiles/test_epl_multipole_m3m4.py" line="421" time="0.002" /><testcase classname="test.test_LensModel.test_Profiles.test_epl_numba.TestEPL_numba" name="test_function" file="test/test_LensModel/test_Profiles/test_epl_numba.py" line="20" time="0.015" /><testcase classname="test.test_LensModel.test_Profiles.test_epl_numba.TestEPL_numba" name="test_derivatives" file="test/test_LensModel/test_Profiles/test_epl_numba.py" line="54" time="0.013" /><testcase classname="test.test_LensModel.test_Profiles.test_epl_numba.TestEPL_numba" name="test_hessian" file="test/test_LensModel/test_Profiles/test_epl_numba.py" line="75" time="0.011" /><testcase classname="test.test_LensModel.test_Profiles.test_epl_numba.TestEPL_numba" name="test_regularization" file="test/test_LensModel/test_Profiles/test_epl_numba.py" line="91" time="0.015" /><testcase classname="test.test_LensModel.test_Profiles.test_flexion.TestExternalShear" name="test_function" file="test/test_LensModel/test_Profiles/test_flexion.py" line="20" time="0.001" /><testcase classname="test.test_LensModel.test_Profiles.test_flexion.TestExternalShear" name="test_derivatives" file="test/test_LensModel/test_Profiles/test_flexion.py" line="36" time="0.001" /><testcase classname="test.test_LensModel.test_Profiles.test_flexion.TestExternalShear" name="test_hessian" file="test/test_LensModel/test_Profiles/test_flexion.py" line="49" time="0.001" /><testcase classname="test.test_LensModel.test_Profiles.test_flexion.TestExternalShear" name="test_flexion" file="test/test_LensModel/test_Profiles/test_flexion.py" line="66" time="0.001" /><testcase classname="test.test_LensModel.test_Profiles.test_flexion.TestExternalShear" name="test_magnification" file="test/test_LensModel/test_Profiles/test_flexion.py" line="76" time="0.000" /><testcase classname="test.test_LensModel.test_Profiles.test_flexionfg.TestFlexionfg" name="test_transform_fg" file="test/test_LensModel/test_Profiles/test_flexionfg.py" line="19" time="0.001" /><testcase classname="test.test_LensModel.test_Profiles.test_flexionfg.TestFlexionfg" name="test_function" file="test/test_LensModel/test_Profiles/test_flexionfg.py" line="27" time="0.001" /><testcase classname="test.test_LensModel.test_Profiles.test_flexionfg.TestFlexionfg" name="test_derivatives" file="test/test_LensModel/test_Profiles/test_flexionfg.py" line="43" time="0.000" /><testcase classname="test.test_LensModel.test_Profiles.test_flexionfg.TestFlexionfg" name="test_hessian" file="test/test_LensModel/test_Profiles/test_flexionfg.py" line="56" time="0.000" /><testcase classname="test.test_LensModel.test_Profiles.test_flexionfg.TestFlexionfg" name="test_flexion" file="test/test_LensModel/test_Profiles/test_flexionfg.py" line="72" time="0.001" /><testcase classname="test.test_LensModel.test_Profiles.test_flexionfg.TestFlexionfg" name="test_magnification" file="test/test_LensModel/test_Profiles/test_flexionfg.py" line="83" time="0.000" /><testcase classname="test.test_LensModel.test_Profiles.test_gauss_decomposition.TestSersicEllipseGaussDec" name="test_function" file="test/test_LensModel/test_Profiles/test_gauss_decomposition.py" line="24" time="0.161" /><testcase classname="test.test_LensModel.test_Profiles.test_gauss_decomposition.TestSersicEllipseGaussDec" name="test_derivatives" file="test/test_LensModel/test_Profiles/test_gauss_decomposition.py" line="101" time="0.002" /><testcase classname="test.test_LensModel.test_Profiles.test_gauss_decomposition.TestSersicEllipseGaussDec" name="test_hessian" file="test/test_LensModel/test_Profiles/test_gauss_decomposition.py" line="149" time="0.002" /><testcase classname="test.test_LensModel.test_Profiles.test_gauss_decomposition.TestSersicEllipseGaussDec" name="test_density_2d" file="test/test_LensModel/test_Profiles/test_gauss_decomposition.py" line="196" time="0.026" /><testcase classname="test.test_LensModel.test_Profiles.test_gauss_decomposition.TestSersicEllipseGaussDec" name="test_gauss_decompose_sersic" file="test/test_LensModel/test_Profiles/test_gauss_decomposition.py" line="248" time="0.001" /><testcase classname="test.test_LensModel.test_Profiles.test_gauss_decomposition.TestGeneralizedNFWGaussDec" name="test_get_kappa_1d" file="test/test_LensModel/test_Profiles/test_gauss_decomposition.py" line="284" time="0.151" /><testcase classname="test.test_LensModel.test_Profiles.test_gauss_decomposition.TestGeneralizedNFWGaussDec" name="test_get_scale" file="test/test_LensModel/test_Profiles/test_gauss_decomposition.py" line="298" time="0.094" /><testcase classname="test.test_LensModel.test_Profiles.test_gauss_decomposition.TestCTNFWGaussDec" name="test_gauss_decompose_ctnfw" file="test/test_LensModel/test_Profiles/test_gauss_decomposition.py" line="315" time="0.001" /><testcase classname="test.test_LensModel.test_Profiles.test_gaussian.TestGaussian" name="test_function" file="test/test_LensModel/test_Profiles/test_gaussian.py" line="16" time="0.000" /><testcase classname="test.test_LensModel.test_Profiles.test_gaussian.TestGaussian" name="test_derivatives" file="test/test_LensModel/test_Profiles/test_gaussian.py" line="33" time="0.000" /><testcase classname="test.test_LensModel.test_Profiles.test_gaussian.TestGaussian" name="test_hessian" file="test/test_LensModel/test_Profiles/test_gaussian.py" line="56" time="0.001" /><testcase classname="test.test_LensModel.test_Profiles.test_gaussian.TestGaussianKappa" name="test_function" file="test/test_LensModel/test_Profiles/test_gaussian.py" line="86" time="0.001" /><testcase classname="test.test_LensModel.test_Profiles.test_gaussian.TestGaussianKappa" name="test_derivatives" file="test/test_LensModel/test_Profiles/test_gaussian.py" line="95" time="0.000" /><testcase classname="test.test_LensModel.test_Profiles.test_gaussian.TestGaussianKappa" name="test_hessian" file="test/test_LensModel/test_Profiles/test_gaussian.py" line="106" time="0.001" /><testcase classname="test.test_LensModel.test_Profiles.test_gaussian.TestGaussianKappa" name="test_density_2d" file="test/test_LensModel/test_Profiles/test_gaussian.py" line="124" time="0.001" /><testcase classname="test.test_LensModel.test_Profiles.test_gaussian.TestGaussianKappa" name="test_3d_2d_convention" file="test/test_LensModel/test_Profiles/test_gaussian.py" line="142" time="0.000" /><testcase classname="test.test_LensModel.test_Profiles.test_gaussian_ellipse_kappa.TestGaussianEllipseKappa" name="test_function" file="test/test_LensModel/test_Profiles/test_gaussian_ellipse_kappa.py" line="23" time="0.001" /><testcase classname="test.test_LensModel.test_Profiles.test_gaussian_ellipse_kappa.TestGaussianEllipseKappa" name="test_derivatives" file="test/test_LensModel/test_Profiles/test_gaussian_ellipse_kappa.py" line="58" time="0.001" /><testcase classname="test.test_LensModel.test_Profiles.test_gaussian_ellipse_kappa.TestGaussianEllipseKappa" name="test_hessian" file="test/test_LensModel/test_Profiles/test_gaussian_ellipse_kappa.py" line="85" time="0.001" /><testcase classname="test.test_LensModel.test_Profiles.test_gaussian_ellipse_kappa.TestGaussianEllipseKappa" name="test_density_2d" file="test/test_LensModel/test_Profiles/test_gaussian_ellipse_kappa.py" line="122" time="0.000" /><testcase classname="test.test_LensModel.test_Profiles.test_gaussian_ellipse_kappa.TestGaussianEllipseKappa" name="test_w_f_approx" file="test/test_LensModel/test_Profiles/test_gaussian_ellipse_kappa.py" line="140" time="0.002" /><testcase classname="test.test_LensModel.test_Profiles.test_gaussian_ellipse_potential.TestGaussianKappaPot" name="test_function" file="test/test_LensModel/test_Profiles/test_gaussian_ellipse_potential.py" line="19" time="0.001" /><testcase classname="test.test_LensModel.test_Profiles.test_gaussian_ellipse_potential.TestGaussianKappaPot" name="test_derivatives" file="test/test_LensModel/test_Profiles/test_gaussian_ellipse_potential.py" line="29" time="0.001" /><testcase classname="test.test_LensModel.test_Profiles.test_gaussian_ellipse_potential.TestGaussianKappaPot" name="test_hessian" file="test/test_LensModel/test_Profiles/test_gaussian_ellipse_potential.py" line="42" time="0.000" /><testcase classname="test.test_LensModel.test_Profiles.test_gaussian_ellipse_potential.TestGaussianKappaPot" name="test_density_2d" file="test/test_LensModel/test_Profiles/test_gaussian_ellipse_potential.py" line="60" time="0.000" /><testcase classname="test.test_LensModel.test_Profiles.test_gaussian_ellipse_potential.TestGaussianKappaPot" name="test_mass_2d" file="test/test_LensModel/test_Profiles/test_gaussian_ellipse_potential.py" line="70" time="0.000" /><testcase classname="test.test_LensModel.test_Profiles.test_gaussian_ellipse_potential.TestGaussianKappaPot" name="test_mass_2d_lens" file="test/test_LensModel/test_Profiles/test_gaussian_ellipse_potential.py" line="79" time="0.000" /><testcase classname="test.test_LensModel.test_Profiles.test_gnfw.TestGNFW" name="test_function" file="test/test_LensModel/test_Profiles/test_gnfw.py" line="19" time="3.623" /><testcase classname="test.test_LensModel.test_Profiles.test_gnfw.TestGNFW" name="test_derivatives" file="test/test_LensModel/test_Profiles/test_gnfw.py" line="55" time="0.096" /><testcase classname="test.test_LensModel.test_Profiles.test_gnfw.TestGNFW" name="test_hessian" file="test/test_LensModel/test_Profiles/test_gnfw.py" line="87" time="0.101" /><testcase classname="test.test_LensModel.test_Profiles.test_gnfw.TestGNFW" name="test_density" file="test/test_LensModel/test_Profiles/test_gnfw.py" line="127" time="0.094" /><testcase classname="test.test_LensModel.test_Profiles.test_gnfw.TestGNFW" name="test_density_lens" file="test/test_LensModel/test_Profiles/test_gnfw.py" line="141" time="0.096" /><testcase classname="test.test_LensModel.test_Profiles.test_gnfw.TestGNFW" name="test_density_2d" file="test/test_LensModel/test_Profiles/test_gnfw.py" line="158" time="0.094" /><testcase classname="test.test_LensModel.test_Profiles.test_gnfw.TestGNFW" name="test_mass_3d" file="test/test_LensModel/test_Profiles/test_gnfw.py" line="172" time="0.092" /><testcase classname="test.test_LensModel.test_Profiles.test_gnfw.TestGNFW" name="test_mass_3d_lens" file="test/test_LensModel/test_Profiles/test_gnfw.py" line="184" time="0.092" /><testcase classname="test.test_LensModel.test_Profiles.test_greenboschnfw" name="test_nfw_limit[25]" file="test/test_LensModel/test_Profiles/test_greenboschnfw.py" line="11" time="1.339" /><testcase classname="test.test_LensModel.test_Profiles.test_greenboschnfw" name="test_nfw_limit[50]" file="test/test_LensModel/test_Profiles/test_greenboschnfw.py" line="11" time="1.296" /><testcase classname="test.test_LensModel.test_Profiles.test_greenboschnfw" name="test_zero_mass_all_zero" file="test/test_LensModel/test_Profiles/test_greenboschnfw.py" line="36" time="0.163" /><testcase classname="test.test_LensModel.test_Profiles.test_greenboschnfw" name="test_linearity_rho0ang" file="test/test_LensModel/test_Profiles/test_greenboschnfw.py" line="50" time="0.956" /><testcase classname="test.test_LensModel.test_Profiles.test_greenboschnfw" name="test_center_shift_invariance" file="test/test_LensModel/test_Profiles/test_greenboschnfw.py" line="70" time="0.986" /><testcase classname="test.test_LensModel.test_Profiles.test_greenboschnfw" name="test_hessian_symmetry" file="test/test_LensModel/test_Profiles/test_greenboschnfw.py" line="96" time="0.518" /><testcase classname="test.test_LensModel.test_Profiles.test_greenboschnfw" name="test_kappa_monotonic_decrease" file="test/test_LensModel/test_Profiles/test_greenboschnfw.py" line="107" time="1.236" /><testcase classname="test.test_LensModel.test_Profiles.test_greenboschnfw" name="test_cache_and_set_dynamic_consistency" file="test/test_LensModel/test_Profiles/test_greenboschnfw.py" line="115" time="0.768" /><testcase classname="test.test_LensModel.test_Profiles.test_greenboschnfw" name="test_cache_skips_quad" file="test/test_LensModel/test_Profiles/test_greenboschnfw.py" line="129" time="0.773" /><testcase classname="test.test_LensModel.test_Profiles.test_greenboschnfw" name="test_lensmodel_imports_profile" file="test/test_LensModel/test_Profiles/test_greenboschnfw.py" line="148" time="0.604" /><testcase classname="test.test_LensModel.test_Profiles.test_greenboschnfw" name="test_derivatives_match_finite_difference[point0]" file="test/test_LensModel/test_Profiles/test_greenboschnfw.py" line="177" time="2.178" /><testcase classname="test.test_LensModel.test_Profiles.test_greenboschnfw" name="test_derivatives_match_finite_difference[point1]" file="test/test_LensModel/test_Profiles/test_greenboschnfw.py" line="177" time="2.154" /><testcase classname="test.test_LensModel.test_Profiles.test_hernquist.TestHernquist" name="test_function" file="test/test_LensModel/test_Profiles/test_hernquist.py" line="17" time="0.001" /><testcase classname="test.test_LensModel.test_Profiles.test_hernquist.TestHernquist" name="test_derivatives" file="test/test_LensModel/test_Profiles/test_hernquist.py" line="38" time="0.001" /><testcase classname="test.test_LensModel.test_Profiles.test_hernquist.TestHernquist" name="test_hessian" file="test/test_LensModel/test_Profiles/test_hernquist.py" line="52" time="0.001" /><testcase classname="test.test_LensModel.test_Profiles.test_hernquist.TestHernquist" name="test_mass_tot" file="test/test_LensModel/test_Profiles/test_hernquist.py" line="63" time="0.000" /><testcase classname="test.test_LensModel.test_Profiles.test_hernquist.TestHernquist" name="test_grav_pot" file="test/test_LensModel/test_Profiles/test_hernquist.py" line="69" time="0.000" /><testcase classname="test.test_LensModel.test_Profiles.test_hernquist.TestHernquist" name="test_sigma0_definition" file="test/test_LensModel/test_Profiles/test_hernquist.py" line="76" time="0.000" /><testcase classname="test.test_LensModel.test_Profiles.test_hernquist.TestHernquistEllipse" name="test_function" file="test/test_LensModel/test_Profiles/test_hernquist.py" line="88" time="0.001" /><testcase classname="test.test_LensModel.test_Profiles.test_hernquist.TestHernquistEllipse" name="test_derivatives" file="test/test_LensModel/test_Profiles/test_hernquist.py" line="111" time="0.002" /><testcase classname="test.test_LensModel.test_Profiles.test_hernquist.TestHernquistEllipse" name="test_hessian" file="test/test_LensModel/test_Profiles/test_hernquist.py" line="127" time="0.001" /><testcase classname="test.test_LensModel.test_Profiles.test_hernquist_ellipse_cse.TestHernquistEllipseCSE" name="test_function" file="test/test_LensModel/test_Profiles/test_hernquist_ellipse_cse.py" line="18" time="0.001" /><testcase classname="test.test_LensModel.test_Profiles.test_hernquist_ellipse_cse.TestHernquistEllipseCSE" name="test_derivatives" file="test/test_LensModel/test_Profiles/test_hernquist_ellipse_cse.py" line="27" time="0.001" /><testcase classname="test.test_LensModel.test_Profiles.test_hernquist_ellipse_cse.TestHernquistEllipseCSE" name="test_hessian" file="test/test_LensModel/test_Profiles/test_hernquist_ellipse_cse.py" line="37" time="0.004" /><testcase classname="test.test_LensModel.test_Profiles.test_hernquist_ellipse_cse.TestHernquistEllipseCSE" name="test_mass_3d_lens" file="test/test_LensModel/test_Profiles/test_hernquist_ellipse_cse.py" line="52" time="0.001" /><testcase classname="test.test_LensModel.test_Profiles.test_hessian.TestHessian" name="test_function" file="test/test_LensModel/test_Profiles/test_hessian.py" line="25" time="0.000" /><testcase classname="test.test_LensModel.test_Profiles.test_hessian.TestHessian" name="test_derivatives" file="test/test_LensModel/test_Profiles/test_hessian.py" line="40" time="0.000" /><testcase classname="test.test_LensModel.test_Profiles.test_hessian.TestHessian" name="test_hessian" file="test/test_LensModel/test_Profiles/test_hessian.py" line="49" time="0.001" /><testcase classname="test.test_LensModel.test_Profiles.test_interpol.TestInterpol" name="test_do_interpol" file="test/test_LensModel/test_Profiles/test_interpol.py" line="14" time="0.004" /><testcase classname="test.test_LensModel.test_Profiles.test_interpol.TestInterpol" name="test_call" file="test/test_LensModel/test_Profiles/test_interpol.py" line="91" time="0.002" /><testcase classname="test.test_LensModel.test_Profiles.test_interpol.TestInterpol" name="test_kwargs_interpolation" file="test/test_LensModel/test_Profiles/test_interpol.py" line="118" time="0.002" /><testcase classname="test.test_LensModel.test_Profiles.test_interpol.TestInterpol" name="test_hessian_finite_differential" file="test/test_LensModel/test_Profiles/test_interpol.py" line="155" time="0.001" /><testcase classname="test.test_LensModel.test_Profiles.test_interpol.TestInterpol" name="test_interp_func_scaled" file="test/test_LensModel/test_Profiles/test_interpol.py" line="180" time="0.004" /><testcase classname="test.test_LensModel.test_Profiles.test_interpol.TestInterpol" name="test_shift" file="test/test_LensModel/test_Profiles/test_interpol.py" line="226" time="0.002" /><testcase classname="test.test_LensModel.test_Profiles.test_multi_gaussian.TestGaussian" name="test_derivatives" file="test/test_LensModel/test_Profiles/test_multi_gaussian.py" line="26" time="0.001" /><testcase classname="test.test_LensModel.test_Profiles.test_multi_gaussian.TestGaussian" name="test_hessian" file="test/test_LensModel/test_Profiles/test_multi_gaussian.py" line="39" time="0.001" /><testcase classname="test.test_LensModel.test_Profiles.test_multi_gaussian.TestGaussian" name="test_density_2d" file="test/test_LensModel/test_Profiles/test_multi_gaussian.py" line="59" time="0.001" /><testcase classname="test.test_LensModel.test_Profiles.test_multi_gaussian.TestGaussian" name="test_density" file="test/test_LensModel/test_Profiles/test_multi_gaussian.py" line="77" time="0.000" /><testcase classname="test.test_LensModel.test_Profiles.test_multi_gaussian.TestGaussianKappaEllipse" name="test_function" file="test/test_LensModel/test_Profiles/test_multi_gaussian.py" line="92" time="0.001" /><testcase classname="test.test_LensModel.test_Profiles.test_multi_gaussian.TestGaussianKappaEllipse" name="test_derivatives" file="test/test_LensModel/test_Profiles/test_multi_gaussian.py" line="120" time="0.001" /><testcase classname="test.test_LensModel.test_Profiles.test_multi_gaussian.TestGaussianKappaEllipse" name="test_hessian" file="test/test_LensModel/test_Profiles/test_multi_gaussian.py" line="149" time="0.001" /><testcase classname="test.test_LensModel.test_Profiles.test_multi_gaussian.TestGaussianKappaEllipse" name="test_density_2d" file="test/test_LensModel/test_Profiles/test_multi_gaussian.py" line="180" time="0.001" /><testcase classname="test.test_LensModel.test_Profiles.test_multi_gaussian.TestGaussianKappaEllipse" name="test_density" file="test/test_LensModel/test_Profiles/test_multi_gaussian.py" line="208" time="0.001" /><testcase classname="test.test_LensModel.test_Profiles.test_multi_gaussian_ellipse_kappa.TestGaussianEllipseKappa" name="test_function" file="test/test_LensModel/test_Profiles/test_multi_gaussian_ellipse_kappa.py" line="25" time="0.002" /><testcase classname="test.test_LensModel.test_Profiles.test_multi_gaussian_ellipse_kappa.TestGaussianEllipseKappa" name="test_derivatives" file="test/test_LensModel/test_Profiles/test_multi_gaussian_ellipse_kappa.py" line="70" time="0.001" /><testcase classname="test.test_LensModel.test_Profiles.test_multi_gaussian_ellipse_kappa.TestGaussianEllipseKappa" name="test_hessian" file="test/test_LensModel/test_Profiles/test_multi_gaussian_ellipse_kappa.py" line="117" time="0.001" /><testcase classname="test.test_LensModel.test_Profiles.test_multi_gaussian_ellipse_kappa.TestGaussianEllipseKappa" name="test_density_2d" file="test/test_LensModel/test_Profiles/test_multi_gaussian_ellipse_kappa.py" line="168" time="0.001" /><testcase classname="test.test_LensModel.test_Profiles.test_multipole.TestMultipole" name="test_function" file="test/test_LensModel/test_Profiles/test_multipole.py" line="17" time="0.001" /><testcase classname="test.test_LensModel.test_Profiles.test_multipole.TestMultipole" name="test_derivatives" file="test/test_LensModel/test_Profiles/test_multipole.py" line="43" time="0.001" /><testcase classname="test.test_LensModel.test_Profiles.test_multipole.TestMultipole" name="test_hessian" file="test/test_LensModel/test_Profiles/test_multipole.py" line="78" time="0.001" /><testcase classname="test.test_LensModel.test_Profiles.test_multipole.TestEllipticalMultipole" name="test_function" file="test/test_LensModel/test_Profiles/test_multipole.py" line="129" time="0.001" /><testcase classname="test.test_LensModel.test_Profiles.test_multipole.TestEllipticalMultipole" name="test_derivatives" file="test/test_LensModel/test_Profiles/test_multipole.py" line="175" time="0.002" /><testcase classname="test.test_LensModel.test_Profiles.test_multipole.TestEllipticalMultipole" name="test_hessian" file="test/test_LensModel/test_Profiles/test_multipole.py" line="224" time="0.003" /><testcase classname="test.test_LensModel.test_Profiles.test_nfw.TestNFW" name="test_function" file="test/test_LensModel/test_Profiles/test_nfw.py" line="17" time="0.001" /><testcase classname="test.test_LensModel.test_Profiles.test_nfw.TestNFW" name="test_derivatives" file="test/test_LensModel/test_Profiles/test_nfw.py" line="40" time="0.001" /><testcase classname="test.test_LensModel.test_Profiles.test_nfw.TestNFW" name="test_hessian" file="test/test_LensModel/test_Profiles/test_nfw.py" line="257" time="0.001" /><testcase classname="test.test_LensModel.test_Profiles.test_nfw.TestNFW" name="test_mass_3d_lens" file="test/test_LensModel/test_Profiles/test_nfw.py" line="279" time="0.001" /><testcase classname="test.test_LensModel.test_Profiles.test_nfw.TestNFW" name="test_interpol" file="test/test_LensModel/test_Profiles/test_nfw.py" line="286" time="0.001" /><testcase classname="test.test_LensModel.test_Profiles.test_nfw.TestMassAngleConversion" name="test_angle" file="test/test_LensModel/test_Profiles/test_nfw.py" line="315" time="0.000" /><testcase classname="test.test_LensModel.test_Profiles.test_nfw.TestMassAngleConversion" name="test_convertAngle2rho" file="test/test_LensModel/test_Profiles/test_nfw.py" line="320" time="0.000" /><testcase classname="test.test_LensModel.test_Profiles.test_nfw.TestMassAngleConversion" name="test_convertrho02angle" file="test/test_LensModel/test_Profiles/test_nfw.py" line="324" time="0.000" /><testcase classname="test.test_LensModel.test_Profiles.test_nfw_core_truncated.TestTNFWC" name="test_alphaRs" file="test/test_LensModel/test_Profiles/test_nfw_core_truncated.py" line="15" time="0.001" /><testcase classname="test.test_LensModel.test_Profiles.test_nfw_core_truncated.TestTNFWC" name="test_alphaRs_rho0_conversion" file="test/test_LensModel/test_Profiles/test_nfw_core_truncated.py" line="34" time="0.001" /><testcase classname="test.test_LensModel.test_Profiles.test_nfw_core_truncated.TestTNFWC" name="test_gnfw_match" file="test/test_LensModel/test_Profiles/test_nfw_core_truncated.py" line="54" time="0.001" /><testcase classname="test.test_LensModel.test_Profiles.test_nfw_core_truncated.TestTNFWC" name="test_mass3d" file="test/test_LensModel/test_Profiles/test_nfw_core_truncated.py" line="72" time="0.001" /><testcase classname="test.test_LensModel.test_Profiles.test_nfw_core_truncated.TestTNFWC" name="test_g" file="test/test_LensModel/test_Profiles/test_nfw_core_truncated.py" line="85" time="0.001" /><testcase classname="test.test_LensModel.test_Profiles.test_nfw_ellipse_cse.TestNFWELLIPSE" name="test_function" file="test/test_LensModel/test_Profiles/test_nfw_ellipse_cse.py" line="20" time="0.002" /><testcase classname="test.test_LensModel.test_Profiles.test_nfw_ellipse_cse.TestNFWELLIPSE" name="test_derivatives" file="test/test_LensModel/test_Profiles/test_nfw_ellipse_cse.py" line="31" time="0.006" /><testcase classname="test.test_LensModel.test_Profiles.test_nfw_ellipse_cse.TestNFWELLIPSE" name="test_hessian" file="test/test_LensModel/test_Profiles/test_nfw_ellipse_cse.py" line="53" time="0.003" /><testcase classname="test.test_LensModel.test_Profiles.test_nfw_ellipse_cse.TestNFWELLIPSE" name="test_mass_3d_lens" file="test/test_LensModel/test_Profiles/test_nfw_ellipse_cse.py" line="75" time="0.000" /><testcase classname="test.test_LensModel.test_Profiles.test_nfw_ellipse_cse.TestNFWELLIPSE" name="test_ellipticity" file="test/test_LensModel/test_Profiles/test_nfw_ellipse_cse.py" line="83" time="0.006" /><testcase classname="test.test_LensModel.test_Profiles.test_nfw_ellipse_cse.TestNFWELLIPSE" name="test_einstein_rad" file="test/test_LensModel/test_Profiles/test_nfw_ellipse_cse.py" line="126" time="0.005" /><testcase classname="test.test_LensModel.test_Profiles.test_nfw_ellipse_potential.TestNFWELLIPSE" name="test_function" file="test/test_LensModel/test_Profiles/test_nfw_ellipse_potential.py" line="19" time="0.001" /><testcase classname="test.test_LensModel.test_Profiles.test_nfw_ellipse_potential.TestNFWELLIPSE" name="test_derivatives" file="test/test_LensModel/test_Profiles/test_nfw_ellipse_potential.py" line="46" time="0.001" /><testcase classname="test.test_LensModel.test_Profiles.test_nfw_ellipse_potential.TestNFWELLIPSE" name="test_hessian" file="test/test_LensModel/test_Profiles/test_nfw_ellipse_potential.py" line="77" time="0.001" /><testcase classname="test.test_LensModel.test_Profiles.test_nfw_ellipse_potential.TestNFWELLIPSE" name="test_mass_3d_lens" file="test/test_LensModel/test_Profiles/test_nfw_ellipse_potential.py" line="105" time="0.000" /><testcase classname="test.test_LensModel.test_Profiles.test_nfw_mass_concentration.TestNFWMC" name="test_function" file="test/test_LensModel/test_Profiles/test_nfw_mass_concentration.py" line="25" time="0.002" /><testcase classname="test.test_LensModel.test_Profiles.test_nfw_mass_concentration.TestNFWMC" name="test_derivatives" file="test/test_LensModel/test_Profiles/test_nfw_mass_concentration.py" line="34" time="0.002" /><testcase classname="test.test_LensModel.test_Profiles.test_nfw_mass_concentration.TestNFWMC" name="test_hessian" file="test/test_LensModel/test_Profiles/test_nfw_mass_concentration.py" line="46" time="0.002" /><testcase classname="test.test_LensModel.test_Profiles.test_nfw_mass_concentration.TestNFWMC" name="test_static" file="test/test_LensModel/test_Profiles/test_nfw_mass_concentration.py" line="62" time="0.002" /><testcase classname="test.test_LensModel.test_Profiles.test_nfw_mass_concentration_ellipse_potential.TestNFWMCEllipse" name="test_function" file="test/test_LensModel/test_Profiles/test_nfw_mass_concentration_ellipse_potential.py" line="29" time="0.002" /><testcase classname="test.test_LensModel.test_Profiles.test_nfw_mass_concentration_ellipse_potential.TestNFWMCEllipse" name="test_derivatives" file="test/test_LensModel/test_Profiles/test_nfw_mass_concentration_ellipse_potential.py" line="41" time="0.002" /><testcase classname="test.test_LensModel.test_Profiles.test_nfw_mass_concentration_ellipse_potential.TestNFWMCEllipse" name="test_hessian" file="test/test_LensModel/test_Profiles/test_nfw_mass_concentration_ellipse_potential.py" line="56" time="0.003" /><testcase classname="test.test_LensModel.test_Profiles.test_nfw_mass_concentration_ellipse_potential.TestNFWMCEllipse" name="test_static" file="test/test_LensModel/test_Profiles/test_nfw_mass_concentration_ellipse_potential.py" line="73" time="0.003" /><testcase classname="test.test_LensModel.test_Profiles.test_nfw_vir_trunc.TestNFW" name="test_G" file="test/test_LensModel/test_Profiles/test_nfw_vir_trunc.py" line="25" time="0.002" /><testcase classname="test.test_LensModel.test_Profiles.test_nfw_vir_trunc.TestNFW" name="test_kappa" file="test/test_LensModel/test_Profiles/test_nfw_vir_trunc.py" line="49" time="0.002" /><testcase classname="test.test_LensModel.test_Profiles.test_nfw_vir_trunc.TestNFW" name="test_radial_profile" file="test/test_LensModel/test_Profiles/test_nfw_vir_trunc.py" line="68" time="0.001" /><testcase classname="test.test_LensModel.test_Profiles.test_nie.TestNIE" name="test_function" file="test/test_LensModel/test_Profiles/test_nie.py" line="31" time="0.001" /><testcase classname="test.test_LensModel.test_Profiles.test_nie.TestNIE" name="test_derivatives" file="test/test_LensModel/test_Profiles/test_nie.py" line="57" time="0.001" /><testcase classname="test.test_LensModel.test_Profiles.test_nie.TestNIE" name="test_hessian" file="test/test_LensModel/test_Profiles/test_nie.py" line="84" time="0.001" /><testcase classname="test.test_LensModel.test_Profiles.test_nie.TestNIE" name="test_convergence2surface_brightness" file="test/test_LensModel/test_Profiles/test_nie.py" line="99" time="0.001" /><testcase classname="test.test_LensModel.test_Profiles.test_nie.TestNIE" name="test_static" file="test/test_LensModel/test_Profiles/test_nie.py" line="110" time="0.001" /><testcase classname="test.test_LensModel.test_Profiles.test_nie.TestNIEMajorAxis" name="test_kappa" file="test/test_LensModel/test_Profiles/test_nie.py" line="129" time="0.001" /><testcase classname="test.test_LensModel.test_Profiles.test_nie_potential.TestNIE_POTENTIAL" name="test_function" file="test/test_LensModel/test_Profiles/test_nie_potential.py" line="19" time="0.001" /><testcase classname="test.test_LensModel.test_Profiles.test_nie_potential.TestNIE_POTENTIAL" name="test_derivatives" file="test/test_LensModel/test_Profiles/test_nie_potential.py" line="92" time="0.001" /><testcase classname="test.test_LensModel.test_Profiles.test_nie_potential.TestNIE_POTENTIAL" name="test_hessian" file="test/test_LensModel/test_Profiles/test_nie_potential.py" line="168" time="0.001" /><testcase classname="test.test_LensModel.test_Profiles.test_nie_potential.TestNIE_POTENTIAL" name="test_static" file="test/test_LensModel/test_Profiles/test_nie_potential.py" line="256" time="0.000" /><testcase classname="test.test_LensModel.test_Profiles.test_numerical_deflections.TestNumericalAlpha" name="test_no_potential" file="test/test_LensModel/test_Profiles/test_numerical_deflections.py" line="77" time="0.000" /><testcase classname="test.test_LensModel.test_Profiles.test_numerical_deflections.TestNumericalAlpha" name="test_derivatives" file="test/test_LensModel/test_Profiles/test_numerical_deflections.py" line="80" time="0.003" /><testcase classname="test.test_LensModel.test_Profiles.test_numerical_deflections.TestNumericalAlpha" name="test_hessian" file="test/test_LensModel/test_Profiles/test_numerical_deflections.py" line="144" time="0.003" /><testcase classname="test.test_LensModel.test_Profiles.test_pemd.TestSPEMD" name="test_function" file="test/test_LensModel/test_Profiles/test_pemd.py" line="29" time="0.001" /><testcase classname="test.test_LensModel.test_Profiles.test_pemd.TestSPEMD" name="test_derivatives" file="test/test_LensModel/test_Profiles/test_pemd.py" line="68" time="0.001" /><testcase classname="test.test_LensModel.test_Profiles.test_pemd.TestSPEMD" name="test_hessian" file="test/test_LensModel/test_Profiles/test_pemd.py" line="119" time="0.003" /><testcase classname="test.test_LensModel.test_Profiles.test_pemd.TestSPEMD" name="test_spep_spemd" file="test/test_LensModel/test_Profiles/test_pemd.py" line="170" time="0.001" /><testcase classname="test.test_LensModel.test_Profiles.test_pemd.TestSPEMD" name="test_bounds" file="test/test_LensModel/test_Profiles/test_pemd.py" line="207" time="0.000" /><testcase classname="test.test_LensModel.test_Profiles.test_pemd.TestSPEMD" name="test_is_not_empty" file="test/test_LensModel/test_Profiles/test_pemd.py" line="214" time="0.000" /><testcase classname="test.test_LensModel.test_Profiles.test_pemd.TestSPEMD" name="test_density_lens" file="test/test_LensModel/test_Profiles/test_pemd.py" line="224" time="0.000" /><testcase classname="test.test_LensModel.test_Profiles.test_point_mass.TestPointMass" name="test_function" file="test/test_LensModel/test_Profiles/test_point_mass.py" line="16" time="0.000" /><testcase classname="test.test_LensModel.test_Profiles.test_point_mass.TestPointMass" name="test_derivatives" file="test/test_LensModel/test_Profiles/test_point_mass.py" line="34" time="0.000" /><testcase classname="test.test_LensModel.test_Profiles.test_point_mass.TestPointMass" name="test_hessian" file="test/test_LensModel/test_Profiles/test_point_mass.py" line="55" time="0.001" /><testcase classname="test.test_LensModel.test_Profiles.test_point_mass.TestPointMass" name="test_mass_3d_lens" file="test/test_LensModel/test_Profiles/test_point_mass.py" line="74" time="0.000" /><testcase classname="test.test_LensModel.test_Profiles.test_pseudo_double_powerlaw.TestPseudoDoublePowerlaw" name="test_alphaRs" file="test/test_LensModel/test_Profiles/test_pseudo_double_powerlaw.py" line="25" time="0.000" /><testcase classname="test.test_LensModel.test_Profiles.test_pseudo_double_powerlaw.TestPseudoDoublePowerlaw" name="test_alphaRs_rho0_conversion" file="test/test_LensModel/test_Profiles/test_pseudo_double_powerlaw.py" line="36" time="0.001" /><testcase classname="test.test_LensModel.test_Profiles.test_pseudo_double_powerlaw.TestPseudoDoublePowerlaw" name="test_lensing_quantities" file="test/test_LensModel/test_Profiles/test_pseudo_double_powerlaw.py" line="51" time="0.001" /><testcase classname="test.test_LensModel.test_Profiles.test_pseudo_double_powerlaw.TestPseudoDoublePowerlaw" name="test_mass2d" file="test/test_LensModel/test_Profiles/test_pseudo_double_powerlaw.py" line="64" time="0.002" /><testcase classname="test.test_LensModel.test_Profiles.test_pseudo_double_powerlaw.TestPseudoDoublePowerlaw" name="test_spl_core_match" file="test/test_LensModel/test_Profiles/test_pseudo_double_powerlaw.py" line="94" time="0.001" /><testcase classname="test.test_LensModel.test_Profiles.test_pseudo_jaffe.TestP_JAFFW" name="test_function" file="test/test_LensModel/test_Profiles/test_pseudo_jaffe.py" line="15" time="0.001" /><testcase classname="test.test_LensModel.test_Profiles.test_pseudo_jaffe.TestP_JAFFW" name="test_derivatives" file="test/test_LensModel/test_Profiles/test_pseudo_jaffe.py" line="36" time="0.001" /><testcase classname="test.test_LensModel.test_Profiles.test_pseudo_jaffe.TestP_JAFFW" name="test_hessian" file="test/test_LensModel/test_Profiles/test_pseudo_jaffe.py" line="58" time="0.001" /><testcase classname="test.test_LensModel.test_Profiles.test_pseudo_jaffe.TestP_JAFFW" name="test_mass_tot" file="test/test_LensModel/test_Profiles/test_pseudo_jaffe.py" line="74" time="0.000" /><testcase classname="test.test_LensModel.test_Profiles.test_pseudo_jaffe.TestP_JAFFW" name="test_mass_3d_lens" file="test/test_LensModel/test_Profiles/test_pseudo_jaffe.py" line="80" time="0.000" /><testcase classname="test.test_LensModel.test_Profiles.test_pseudo_jaffe.TestP_JAFFW" name="test_grav_pot" file="test/test_LensModel/test_Profiles/test_pseudo_jaffe.py" line="84" time="0.000" /><testcase classname="test.test_LensModel.test_Profiles.test_pseudo_jaffe.TestP_JAFFW" name="test_sort_ra_rs" file="test/test_LensModel/test_Profiles/test_pseudo_jaffe.py" line="93" time="0.000" /><testcase classname="test.test_LensModel.test_Profiles.test_pseudo_jaffe_ellipse_potential.TestP_JAFFW" name="test_function" file="test/test_LensModel/test_Profiles/test_pseudo_jaffe_ellipse_potential.py" line="19" time="0.001" /><testcase classname="test.test_LensModel.test_Profiles.test_pseudo_jaffe_ellipse_potential.TestP_JAFFW" name="test_derivatives" file="test/test_LensModel/test_Profiles/test_pseudo_jaffe_ellipse_potential.py" line="47" time="0.001" /><testcase classname="test.test_LensModel.test_Profiles.test_pseudo_jaffe_ellipse_potential.TestP_JAFFW" name="test_hessian" file="test/test_LensModel/test_Profiles/test_pseudo_jaffe_ellipse_potential.py" line="77" time="0.001" /><testcase classname="test.test_LensModel.test_Profiles.test_pseudo_jaffe_ellipse_potential.TestP_JAFFW" name="test_mass_3d_lens" file="test/test_LensModel/test_Profiles/test_pseudo_jaffe_ellipse_potential.py" line="99" time="0.000" /><testcase classname="test.test_LensModel.test_Profiles.test_radial_interpolation.TestRadialInterpolation" name="test_sis" file="test/test_LensModel/test_Profiles/test_radial_interpolation.py" line="14" time="0.112" /><testcase classname="test.test_LensModel.test_Profiles.test_radial_interpolation.TestRadialInterpolation" name="test_mass_sheet" file="test/test_LensModel/test_Profiles/test_radial_interpolation.py" line="52" time="0.057" /><testcase classname="test.test_LensModel.test_Profiles.test_radial_interpolation.TestRadialInterpolation" name="test_set_dynamic" file="test/test_LensModel/test_Profiles/test_radial_interpolation.py" line="87" time="0.073" /><testcase classname="test.test_LensModel.test_Profiles.test_sersic_lens.TestSersic" name="test_function" file="test/test_LensModel/test_Profiles/test_sersic_lens.py" line="21" time="0.001" /><testcase classname="test.test_LensModel.test_Profiles.test_sersic_lens.TestSersic" name="test_derivatives" file="test/test_LensModel/test_Profiles/test_sersic_lens.py" line="44" time="0.017" /><testcase classname="test.test_LensModel.test_Profiles.test_sersic_lens.TestSersic" name="test_differentails" file="test/test_LensModel/test_Profiles/test_sersic_lens.py" line="95" time="0.001" /><testcase classname="test.test_LensModel.test_Profiles.test_sersic_lens.TestSersic" name="test_hessian" file="test/test_LensModel/test_Profiles/test_sersic_lens.py" line="122" time="0.032" /><testcase classname="test.test_LensModel.test_Profiles.test_sersic_lens.TestSersic" name="test_alpha_abs" file="test/test_LensModel/test_Profiles/test_sersic_lens.py" line="151" time="0.001" /><testcase classname="test.test_LensModel.test_Profiles.test_sersic_lens.TestSersic" name="test_dalpha_dr" file="test/test_LensModel/test_Profiles/test_sersic_lens.py" line="163" time="0.001" /><testcase classname="test.test_LensModel.test_Profiles.test_sersic_lens.TestSersic" name="test_mag_sym" file="test/test_LensModel/test_Profiles/test_sersic_lens.py" line="175" time="0.001" /><testcase classname="test.test_LensModel.test_Profiles.test_sersic_lens.TestSersic" name="test_convergernce" file="test/test_LensModel/test_Profiles/test_sersic_lens.py" line="204" time="1.229" /><testcase classname="test.test_LensModel.test_Profiles.test_sersic_lens.TestSersic" name="test_sersic_util" file="test/test_LensModel/test_Profiles/test_sersic_lens.py" line="235" time="0.001" /><testcase classname="test.test_LensModel.test_Profiles.test_sersic_utils" name="test_bn" file="test/test_LensModel/test_Profiles/test_sersic_utils.py" line="5" time="0.001" /><testcase classname="test.test_LensModel.test_Profiles.test_shapelet_pot_cartesian.TestCartShapelets" name="test_function" file="test/test_LensModel/test_Profiles/test_shapelet_pot_cartesian.py" line="17" time="0.011" /><testcase classname="test.test_LensModel.test_Profiles.test_shapelet_pot_cartesian.TestCartShapelets" name="test_derivatives" file="test/test_LensModel/test_Profiles/test_shapelet_pot_cartesian.py" line="51" time="0.009" /><testcase classname="test.test_LensModel.test_Profiles.test_shapelet_pot_cartesian.TestCartShapelets" name="test_hessian" file="test/test_LensModel/test_Profiles/test_shapelet_pot_cartesian.py" line="73" time="0.008" /><testcase classname="test.test_LensModel.test_Profiles.test_shapelet_pot_polar.TestCartShapelets" name="test_function" file="test/test_LensModel/test_Profiles/test_shapelet_pot_polar.py" line="15" time="0.008" /><testcase classname="test.test_LensModel.test_Profiles.test_shapelet_pot_polar.TestCartShapelets" name="test_derivatives" file="test/test_LensModel/test_Profiles/test_shapelet_pot_polar.py" line="49" time="0.009" /><testcase classname="test.test_LensModel.test_Profiles.test_shapelet_pot_polar.TestCartShapelets" name="test_hessian" file="test/test_LensModel/test_Profiles/test_shapelet_pot_polar.py" line="73" time="0.009" /><testcase classname="test.test_LensModel.test_Profiles.test_shear.TestShear" name="test_function" file="test/test_LensModel/test_Profiles/test_shear.py" line="23" time="0.001" /><testcase classname="test.test_LensModel.test_Profiles.test_shear.TestShear" name="test_derivatives" file="test/test_LensModel/test_Profiles/test_shear.py" line="39" time="0.001" /><testcase classname="test.test_LensModel.test_Profiles.test_shear.TestShear" name="test_hessian" file="test/test_LensModel/test_Profiles/test_shear.py" line="52" time="0.001" /><testcase classname="test.test_LensModel.test_Profiles.test_shear.TestShearGammaPsi" name="test_function" file="test/test_LensModel/test_Profiles/test_shear.py" line="82" time="0.001" /><testcase classname="test.test_LensModel.test_Profiles.test_shear.TestShearGammaPsi" name="test_derivatives" file="test/test_LensModel/test_Profiles/test_shear.py" line="91" time="0.000" /><testcase classname="test.test_LensModel.test_Profiles.test_shear.TestShearGammaPsi" name="test_hessian" file="test/test_LensModel/test_Profiles/test_shear.py" line="100" time="0.000" /><testcase classname="test.test_LensModel.test_Profiles.test_shear.TestShearReduced" name="test_magnification" file="test/test_LensModel/test_Profiles/test_shear.py" line="114" time="0.000" /><testcase classname="test.test_LensModel.test_Profiles.test_shear.TestShearReduced" name="test_distortions" file="test/test_LensModel/test_Profiles/test_shear.py" line="121" time="0.001" /><testcase classname="test.test_LensModel.test_Profiles.test_sie.TestSIE" name="test_function" file="test/test_LensModel/test_Profiles/test_sie.py" line="21" time="0.001" /><testcase classname="test.test_LensModel.test_Profiles.test_sie.TestSIE" name="test_derivatives" file="test/test_LensModel/test_Profiles/test_sie.py" line="38" time="0.001" /><testcase classname="test.test_LensModel.test_Profiles.test_sie.TestSIE" name="test_hessian" file="test/test_LensModel/test_Profiles/test_sie.py" line="55" time="0.001" /><testcase classname="test.test_LensModel.test_Profiles.test_sis.TestSIS" name="test_function" file="test/test_LensModel/test_Profiles/test_sis.py" line="16" time="0.001" /><testcase classname="test.test_LensModel.test_Profiles.test_sis.TestSIS" name="test_derivatives" file="test/test_LensModel/test_Profiles/test_sis.py" line="35" time="0.000" /><testcase classname="test.test_LensModel.test_Profiles.test_sis.TestSIS" name="test_hessian" file="test/test_LensModel/test_Profiles/test_sis.py" line="56" time="0.001" /><testcase classname="test.test_LensModel.test_Profiles.test_sis.TestSIS" name="test_theta2rho" file="test/test_LensModel/test_Profiles/test_sis.py" line="75" time="0.000" /><testcase classname="test.test_LensModel.test_Profiles.test_sis_truncate.TestSIS_truncate" name="test_function" file="test/test_LensModel/test_Profiles/test_sis_truncate.py" line="15" time="0.001" /><testcase classname="test.test_LensModel.test_Profiles.test_sis_truncate.TestSIS_truncate" name="test_derivatives" file="test/test_LensModel/test_Profiles/test_sis_truncate.py" line="35" time="0.001" /><testcase classname="test.test_LensModel.test_Profiles.test_sis_truncate.TestSIS_truncate" name="test_hessian" file="test/test_LensModel/test_Profiles/test_sis_truncate.py" line="57" time="0.001" /><testcase classname="test.test_LensModel.test_Profiles.test_spemd.TestSPEMD" name="test_function" file="test/test_LensModel/test_Profiles/test_spemd.py" line="30" time="0.001" /><testcase classname="test.test_LensModel.test_Profiles.test_spemd.TestSPEMD" name="test_derivatives" file="test/test_LensModel/test_Profiles/test_spemd.py" line="48" time="0.001" /><testcase classname="test.test_LensModel.test_Profiles.test_spemd.TestSPEMD" name="test_hessian" file="test/test_LensModel/test_Profiles/test_spemd.py" line="79" time="0.001" /><testcase classname="test.test_LensModel.test_Profiles.test_spemd.TestSPEMD" name="test_bounds" file="test/test_LensModel/test_Profiles/test_spemd.py" line="103" time="0.000" /><testcase classname="test.test_LensModel.test_Profiles.test_spemd.TestSPEMD" name="test_is_not_empty" file="test/test_LensModel/test_Profiles/test_spemd.py" line="109" time="0.000" /><testcase classname="test.test_LensModel.test_Profiles.test_spep.TestSPEP" name="test_function" file="test/test_LensModel/test_Profiles/test_spep.py" line="19" time="0.001" /><testcase classname="test.test_LensModel.test_Profiles.test_spep.TestSPEP" name="test_derivatives" file="test/test_LensModel/test_Profiles/test_spep.py" line="41" time="0.001" /><testcase classname="test.test_LensModel.test_Profiles.test_spep.TestSPEP" name="test_hessian" file="test/test_LensModel/test_Profiles/test_spep.py" line="83" time="0.001" /><testcase classname="test.test_LensModel.test_Profiles.test_spep.TestSPEP" name="test_spep_sie_conventions" file="test/test_LensModel/test_Profiles/test_spep.py" line="106" time="0.001" /><testcase classname="test.test_LensModel.test_Profiles.test_splcore.TestSPLCORE" name="test_no_potential" file="test/test_LensModel/test_Profiles/test_splcore.py" line="14" time="0.001" /><testcase classname="test.test_LensModel.test_Profiles.test_splcore.TestSPLCORE" name="test_origin" file="test/test_LensModel/test_Profiles/test_splcore.py" line="17" time="0.001" /><testcase classname="test.test_LensModel.test_Profiles.test_splcore.TestSPLCORE" name="test_g_function" file="test/test_LensModel/test_Profiles/test_splcore.py" line="49" time="0.002" /><testcase classname="test.test_LensModel.test_Profiles.test_splcore.TestSPLCORE" name="test_f_function" file="test/test_LensModel/test_Profiles/test_splcore.py" line="81" time="0.005" /><testcase classname="test.test_LensModel.test_Profiles.test_spp.TestSPEP" name="test_function" file="test/test_LensModel/test_Profiles/test_spp.py" line="20" time="0.004" /><testcase classname="test.test_LensModel.test_Profiles.test_spp.TestSPEP" name="test_derivatives" file="test/test_LensModel/test_Profiles/test_spp.py" line="46" time="0.001" /><testcase classname="test.test_LensModel.test_Profiles.test_spp.TestSPEP" name="test_hessian" file="test/test_LensModel/test_Profiles/test_spp.py" line="73" time="0.001" /><testcase classname="test.test_LensModel.test_Profiles.test_spp.TestSPEP" name="test_compare_sis" file="test/test_LensModel/test_Profiles/test_spp.py" line="106" time="0.001" /><testcase classname="test.test_LensModel.test_Profiles.test_spp.TestSPEP" name="test_unit_conversion" file="test/test_LensModel/test_Profiles/test_spp.py" line="124" time="0.000" /><testcase classname="test.test_LensModel.test_Profiles.test_spp.TestSPEP" name="test_mass_2d_lens" file="test/test_LensModel/test_Profiles/test_spp.py" line="131" time="0.000" /><testcase classname="test.test_LensModel.test_Profiles.test_spp.TestSPEP" name="test_grav_pot" file="test/test_LensModel/test_Profiles/test_spp.py" line="138" time="0.000" /><testcase classname="test.test_LensModel.test_Profiles.test_synthesis.TestSynthesis" name="test_CSE_components" file="test/test_LensModel/test_Profiles/test_synthesis.py" line="19" time="0.036" /><testcase classname="test.test_LensModel.test_Profiles.test_synthesis.TestSynthesis" name="test_gaussian_components" file="test/test_LensModel/test_Profiles/test_synthesis.py" line="80" time="0.161" /><testcase classname="test.test_LensModel.test_Profiles.test_synthesis.TestSynthesis" name="test_ellipticity_and_centers" file="test/test_LensModel/test_Profiles/test_synthesis.py" line="146" time="0.007" /><testcase classname="test.test_LensModel.test_Profiles.test_synthesis.TestSynthesis" name="test_set_static_method" file="test/test_LensModel/test_Profiles/test_synthesis.py" line="184" time="0.009" /><testcase classname="test.test_LensModel.test_Profiles.test_tnfw.TestTNFW" name="test_deflection" file="test/test_LensModel/test_Profiles/test_tnfw.py" line="16" time="0.001" /><testcase classname="test.test_LensModel.test_Profiles.test_tnfw.TestTNFW" name="test_potential_limit" file="test/test_LensModel/test_Profiles/test_tnfw.py" line="29" time="0.001" /><testcase classname="test.test_LensModel.test_Profiles.test_tnfw.TestTNFW" name="test_potential_derivative" file="test/test_LensModel/test_Profiles/test_tnfw.py" line="41" time="0.078" /><testcase classname="test.test_LensModel.test_Profiles.test_tnfw.TestTNFW" name="test_gamma" file="test/test_LensModel/test_Profiles/test_tnfw.py" line="61" time="0.001" /><testcase classname="test.test_LensModel.test_Profiles.test_tnfw.TestTNFW" name="test_hessian" file="test/test_LensModel/test_Profiles/test_tnfw.py" line="76" time="0.001" /><testcase classname="test.test_LensModel.test_Profiles.test_tnfw.TestTNFW" name="test_density_2d" file="test/test_LensModel/test_Profiles/test_tnfw.py" line="99" time="0.001" /><testcase classname="test.test_LensModel.test_Profiles.test_tnfw.TestTNFW" name="test_transform" file="test/test_LensModel/test_Profiles/test_tnfw.py" line="110" time="0.000" /><testcase classname="test.test_LensModel.test_Profiles.test_tnfw.TestTNFW" name="test_numerical_derivatives" file="test/test_LensModel/test_Profiles/test_tnfw.py" line="118" time="0.001" /><testcase classname="test.test_LensModel.test_Profiles.test_tnfw.TestTNFW" name="test_F_function_at_one" file="test/test_LensModel/test_Profiles/test_tnfw.py" line="142" time="0.001" /><testcase classname="test.test_LensModel.test_Profiles.test_tnfw.TestTNFW" name="test_F_function_at_zero" file="test/test_LensModel/test_Profiles/test_tnfw.py" line="150" time="0.001" /><testcase classname="test.test_LensModel.test_Profiles.test_tnfw.TestTNFW" name="test__cos_function" file="test/test_LensModel/test_Profiles/test_tnfw.py" line="154" time="0.000" /><testcase classname="test.test_LensModel.test_Profiles.test_tnfw_ellipse_potential.TestNFWELLIPSE" name="test_function" file="test/test_LensModel/test_Profiles/test_tnfw_ellipse_potential.py" line="20" time="0.001" /><testcase classname="test.test_LensModel.test_Profiles.test_tnfw_ellipse_potential.TestNFWELLIPSE" name="test_derivatives" file="test/test_LensModel/test_Profiles/test_tnfw_ellipse_potential.py" line="49" time="0.001" /><testcase classname="test.test_LensModel.test_Profiles.test_tnfw_ellipse_potential.TestNFWELLIPSE" name="test_hessian" file="test/test_LensModel/test_Profiles/test_tnfw_ellipse_potential.py" line="79" time="0.001" /><testcase classname="test.test_LensModel.test_Profiles.test_tnfw_ellipse_potential.TestNFWELLIPSE" name="test_mass_3d_lens" file="test/test_LensModel/test_Profiles/test_tnfw_ellipse_potential.py" line="108" time="0.000" /><testcase classname="test.test_LensModel.test_Profiles.test_tnfw_ellipse_potential.TestNFWELLIPSE" name="test_density_lens" file="test/test_LensModel/test_Profiles/test_tnfw_ellipse_potential.py" line="119" time="0.001" /><testcase classname="test.test_LensModel.test_Profiles.test_uldm.TestUldm" name="test_function" file="test/test_LensModel/test_Profiles/test_uldm.py" line="15" time="0.001" /><testcase classname="test.test_LensModel.test_Profiles.test_uldm.TestUldm" name="test_derivatives" file="test/test_LensModel/test_Profiles/test_uldm.py" line="35" time="0.000" /><testcase classname="test.test_LensModel.test_Profiles.test_uldm.TestUldm" name="test_hessian" file="test/test_LensModel/test_Profiles/test_uldm.py" line="46" time="0.001" /><testcase classname="test.test_LensModel.test_Profiles.test_uldm.TestUldm" name="test_mass_3d" file="test/test_LensModel/test_Profiles/test_uldm.py" line="58" time="0.001" /><testcase classname="test.test_LensModel.test_Solver.test_lens_equation_solver.TestLensEquationSolver" name="test_spep_sis" file="test/test_LensModel/test_Solver/test_lens_equation_solver.py" line="20" time="0.004" /><testcase classname="test.test_LensModel.test_Solver.test_lens_equation_solver.TestLensEquationSolver" name="test_nfw" file="test/test_LensModel/test_Solver/test_lens_equation_solver.py" line="52" time="0.005" /><testcase classname="test.test_LensModel.test_Solver.test_lens_equation_solver.TestLensEquationSolver" name="test_multiplane" file="test/test_LensModel/test_Solver/test_lens_equation_solver.py" line="86" time="0.009" /><testcase classname="test.test_LensModel.test_Solver.test_lens_equation_solver.TestLensEquationSolver" name="test_central_image" file="test/test_LensModel/test_Solver/test_lens_equation_solver.py" line="123" time="0.004" /><testcase classname="test.test_LensModel.test_Solver.test_lens_equation_solver.TestLensEquationSolver" name="test_example" file="test/test_LensModel/test_Solver/test_lens_equation_solver.py" line="156" time="1.087" /><testcase classname="test.test_LensModel.test_Solver.test_lens_equation_solver.TestLensEquationSolver" name="test_analytical_lens_equation_solver" file="test/test_LensModel/test_Solver/test_lens_equation_solver.py" line="225" time="0.073" /><testcase classname="test.test_LensModel.test_Solver.test_lens_equation_solver.TestLensEquationSolver" name="test_lens_equation_analytical_mst" file="test/test_LensModel/test_Solver/test_lens_equation_solver.py" line="283" time="0.009" /><testcase classname="test.test_LensModel.test_Solver.test_lens_equation_solver.TestLensEquationSolver" name="test_caustics" file="test/test_LensModel/test_Solver/test_lens_equation_solver.py" line="317" time="0.227" /><testcase classname="test.test_LensModel.test_Solver.test_lens_equation_solver.TestLensEquationSolver" name="test_analytical_sie" file="test/test_LensModel/test_Solver/test_lens_equation_solver.py" line="371" time="0.042" /><testcase classname="test.test_LensModel.test_Solver.test_lens_equation_solver.TestLensEquationSolver" name="test_analytical_sis" file="test/test_LensModel/test_Solver/test_lens_equation_solver.py" line="394" time="0.001" /><testcase classname="test.test_LensModel.test_Solver.test_lens_equation_solver.TestLensEquationSolver" name="test_lens_equation_scaling" file="test/test_LensModel/test_Solver/test_lens_equation_solver.py" line="418" time="0.018" /><testcase classname="test.test_LensModel.test_Solver.test_lens_equation_solver.TestLensEquationSolver" name="test_assertions" file="test/test_LensModel/test_Solver/test_lens_equation_solver.py" line="493" time="0.001" /><testcase classname="test.test_LensModel.test_Solver.test_lens_equation_solver.TestLensEquationSolver" name="test_analytical_lens_model_supported" file="test/test_LensModel/test_Solver/test_lens_equation_solver.py" line="542" time="0.000" /><testcase classname="test.test_LensModel.test_Solver.test_solver.TestSolver4Point" name="test_constraint_lensmodel" file="test/test_LensModel/test_Solver/test_solver.py" line="19" time="0.008" /><testcase classname="test.test_LensModel.test_Solver.test_solver.TestSolver4Point" name="test_add_fixed_lens" file="test/test_LensModel/test_Solver/test_solver.py" line="110" time="0.001" /><testcase classname="test.test_LensModel.test_Solver.test_solver2.TestSolver" name="test_subtract" file="test/test_LensModel/test_Solver/test_solver2.py" line="19" time="0.000" /><testcase classname="test.test_LensModel.test_Solver.test_solver2.TestSolver" name="test_all_spep" file="test/test_LensModel/test_Solver/test_solver2.py" line="28" time="0.022" /><testcase classname="test.test_LensModel.test_Solver.test_solver2.TestSolver" name="test_all_nfw" file="test/test_LensModel/test_Solver/test_solver2.py" line="105" time="0.007" /><testcase classname="test.test_LensModel.test_Solver.test_solver2.TestSolver" name="test_all_spep_sis" file="test/test_LensModel/test_Solver/test_solver2.py" line="203" time="0.012" /><testcase classname="test.test_LensModel.test_Solver.test_solver2.TestSolver" name="test_shapelet_cart" file="test/test_LensModel/test_Solver/test_solver2.py" line="296" time="0.061" /><testcase classname="test.test_LensModel.test_Solver.test_solver2.TestSolver" name="test_theta_E_phi" file="test/test_LensModel/test_Solver/test_solver2.py" line="348" time="0.006" /><testcase classname="test.test_LensModel.test_Solver.test_solver2.TestSolver" name="test_theta_E_ellipse" file="test/test_LensModel/test_Solver/test_solver2.py" line="417" time="0.006" /><testcase classname="test.test_LensModel.test_Solver.test_solver2.TestSolver" name="test_add_fixed_lens" file="test/test_LensModel/test_Solver/test_solver2.py" line="482" time="0.001" /><testcase classname="test.test_LensModel.test_Solver.test_solver2.TestRaise" name="test_raise" file="test/test_LensModel/test_Solver/test_solver2.py" line="513" time="0.001" /><testcase classname="test.test_LensModel.test_Solver.test_solver4.TestSolver4Point" name="test_decoupling" file="test/test_LensModel/test_Solver/test_solver4.py" line="58" time="0.008" /><testcase classname="test.test_LensModel.test_Solver.test_solver4.TestSolver4Point" name="test_solver_spep" file="test/test_LensModel/test_Solver/test_solver4.py" line="155" time="0.004" /><testcase classname="test.test_LensModel.test_Solver.test_solver4.TestSolver4Point" name="test_solver_nfw" file="test/test_LensModel/test_Solver/test_solver4.py" line="228" time="0.011" /><testcase classname="test.test_LensModel.test_Solver.test_solver4.TestSolver4Point" name="test_solver_shapelets" file="test/test_LensModel/test_Solver/test_solver4.py" line="291" time="0.093" /><testcase classname="test.test_LensModel.test_Solver.test_solver4.TestSolver4Point" name="test_solver_simplified" file="test/test_LensModel/test_Solver/test_solver4.py" line="340" time="0.007" /><testcase classname="test.test_LensModel.test_Solver.test_solver4.TestSolver4Point" name="test_solver_simplified_2" file="test/test_LensModel/test_Solver/test_solver4.py" line="410" time="0.006" /><testcase classname="test.test_LensModel.test_Solver.test_solver4.TestSolver4Point" name="test_solver_profile_shear" file="test/test_LensModel/test_Solver/test_solver4.py" line="484" time="0.007" /><testcase classname="test.test_LensModel.test_Solver.test_solver4.TestSolver4Point" name="test_solver_profile_shear_2" file="test/test_LensModel/test_Solver/test_solver4.py" line="566" time="0.006" /><testcase classname="test.test_LensModel.test_Solver.test_solver4.TestSolver4Point" name="test_solver_multiplane" file="test/test_LensModel/test_Solver/test_solver4.py" line="654" time="0.023" /><testcase classname="test.test_LensModel.test_Solver.test_solver4.TestSolver4Point" name="test_solver_custom" file="test/test_LensModel/test_Solver/test_solver4.py" line="733" time="0.023" /><testcase classname="test.test_LensModel.test_Solver.test_solver4.TestSolver4Point" name="test_errors" file="test/test_LensModel/test_Solver/test_solver4.py" line="833" time="0.002" /><testcase classname="test.test_LensModel.test_Solver.test_solver4.TestSolver4Point" name="test_solver_bpl" file="test/test_LensModel/test_Solver/test_solver4.py" line="874" time="0.109" /><testcase classname="test.test_LensModel.test_Solver.test_solver4.TestSolver4Point" name="test_add_fixed_lens_bpl_branch" file="test/test_LensModel/test_Solver/test_solver4.py" line="955" time="0.001" /><testcase classname="test.test_LensModel.test_Solver.test_solver4.TestSolver4Point" name="test_error_unsupported_first_lens_model" file="test/test_LensModel/test_Solver/test_solver4.py" line="978" time="0.000" /><testcase classname="test.test_LensModel.test_Solver.test_solver4.TestSolver4Point" name="test_internal_update_kwargs_unsupported_lens_model_raises" file="test/test_LensModel/test_Solver/test_solver4.py" line="983" time="0.001" /><testcase classname="test.test_LensModel.test_Solver.test_solver4.TestSolver4Point" name="test_internal_extract_array_unsupported_lens_model_raises" file="test/test_LensModel/test_Solver/test_solver4.py" line="993" time="0.000" /><testcase classname="test.test_LensModel.test_Solver.test_solver4.TestSolver4Point" name="test_add_fixed_lens_shapelets_cart_noop" file="test/test_LensModel/test_Solver/test_solver4.py" line="1002" time="0.000" /><testcase classname="test.test_LensModel.test_Solver.test_solver4.TestSolver4Point" name="test_add_fixed_lens_invalid_lens_model_raises" file="test/test_LensModel/test_Solver/test_solver4.py" line="1019" time="0.001" /><testcase classname="test.test_LensModel.test_Util.test_epl_util" name="test_brentq_nojit" file="test/test_LensModel/test_Util/test_epl_util.py" line="5" time="0.001" /><testcase classname="test.test_LensModel.test_arc_distortions.TestArcDistortions" name="test_radial_tangential_distortions" file="test/test_LensModel/test_arc_distortions.py" line="20" time="0.001" /><testcase classname="test.test_LensModel.test_arc_distortions.TestArcDistortions" name="test_hessian_eigenvector_mp" file="test/test_LensModel/test_arc_distortions.py" line="59" time="0.002" /><testcase classname="test.test_LensModel.test_arc_distortions.TestArcDistortions" name="test_radial_tangential_stretch" file="test/test_LensModel/test_arc_distortions.py" line="94" time="0.001" /><testcase classname="test.test_LensModel.test_arc_distortions.TestArcDistortions" name="test_radial_tangential_distortions_multi_plane" file="test/test_LensModel/test_arc_distortions.py" line="136" time="0.002" /><testcase classname="test.test_LensModel.test_arc_distortions.TestArcDistortions" name="test_radial_tangential_differentials" file="test/test_LensModel/test_arc_distortions.py" line="191" time="0.007" /><testcase classname="test.test_LensModel.test_arc_distortions.TestArcDistortions" name="test_curved_arc_estimate" file="test/test_LensModel/test_arc_distortions.py" line="259" time="0.001" /><testcase classname="test.test_LensModel.test_arc_distortions.TestArcDistortions" name="test_curved_arc_finite_area" file="test/test_LensModel/test_arc_distortions.py" line="316" time="0.003" /><testcase classname="test.test_LensModel.test_arc_distortions.TestArcDistortions" name="test_curved_arc_estimate_tan_diff" file="test/test_LensModel/test_arc_distortions.py" line="346" time="0.002" /><testcase classname="test.test_LensModel.test_arc_distortions.TestArcDistortions" name="test_arcs_at_image_position" file="test/test_LensModel/test_arc_distortions.py" line="403" time="0.004" /><testcase classname="test.test_LensModel.test_arc_distortions.TestArcDistortions" name="test_analytic_differentials_spp" file="test/test_LensModel/test_arc_distortions.py" line="458" time="0.002" /><testcase classname="test.test_LensModel.test_arc_distortions.TestArcDistortions" name="test_analytic_differential_pemd" file="test/test_LensModel/test_arc_distortions.py" line="547" time="0.009" /><testcase classname="test.test_LensModel.test_convergence_integrals.TestConvergenceIntegrals" name="test_potential_from_kappa" file="test/test_LensModel/test_convergence_integrals.py" line="13" time="1.382" /><testcase classname="test.test_LensModel.test_convergence_integrals.TestConvergenceIntegrals" name="test_potential_from_kappa_adaptiv" file="test/test_LensModel/test_convergence_integrals.py" line="32" time="0.097" /><testcase classname="test.test_LensModel.test_convergence_integrals.TestConvergenceIntegrals" name="test_deflection_from_kappa" file="test/test_LensModel/test_convergence_integrals.py" line="58" time="0.547" /><testcase classname="test.test_LensModel.test_convergence_integrals.TestConvergenceIntegrals" name="test_deflection_from_kappa_adaptiv" file="test/test_LensModel/test_convergence_integrals.py" line="76" time="0.142" /><testcase classname="test.test_LensModel.test_convergence_integrals.TestConvergenceIntegrals" name="test_sersic" file="test/test_LensModel/test_convergence_integrals.py" line="102" time="0.971" /><testcase classname="test.test_LensModel.test_convergence_integrals.TestConvergenceIntegrals" name="test_pdpl" file="test/test_LensModel/test_convergence_integrals.py" line="143" time="7.457" /><testcase classname="test.test_LensModel.test_convergence_integrals.TestConvergenceIntegrals" name="test_tnfwc" file="test/test_LensModel/test_convergence_integrals.py" line="185" time="5.774" /><testcase classname="test.test_LensModel.test_lens_model.TestLensModel" name="test_init" file="test/test_LensModel/test_lens_model.py" line="29" time="0.115" /><testcase classname="test.test_LensModel.test_lens_model.TestLensModel" name="test_use_jax" file="test/test_LensModel/test_lens_model.py" line="72" time="0.524" /><testcase classname="test.test_LensModel.test_lens_model.TestLensModel" name="test_info" file="test/test_LensModel/test_lens_model.py" line="167" time="0.017" /><testcase classname="test.test_LensModel.test_lens_model.TestLensModel" name="test_kappa" file="test/test_LensModel/test_lens_model.py" line="205" time="0.001" /><testcase classname="test.test_LensModel.test_lens_model.TestLensModel" name="test_potential" file="test/test_LensModel/test_lens_model.py" line="212" time="0.001" /><testcase classname="test.test_LensModel.test_lens_model.TestLensModel" name="test_alpha" file="test/test_LensModel/test_lens_model.py" line="217" time="0.001" /><testcase classname="test.test_LensModel.test_lens_model.TestLensModel" name="test_gamma" file="test/test_LensModel/test_lens_model.py" line="230" time="0.001" /><testcase classname="test.test_LensModel.test_lens_model.TestLensModel" name="test_magnification" file="test/test_LensModel/test_lens_model.py" line="242" time="0.000" /><testcase classname="test.test_LensModel.test_lens_model.TestLensModel" name="test_flexion" file="test/test_LensModel/test_lens_model.py" line="246" time="0.001" /><testcase classname="test.test_LensModel.test_lens_model.TestLensModel" name="test_ray_shooting" file="test/test_LensModel/test_lens_model.py" line="266" time="0.001" /><testcase classname="test.test_LensModel.test_lens_model.TestLensModel" name="test_arrival_time" file="test/test_LensModel/test_lens_model.py" line="277" time="0.002" /><testcase classname="test.test_LensModel.test_lens_model.TestLensModel" name="test_fermat_potential" file="test/test_LensModel/test_lens_model.py" line="295" time="0.002" /><testcase classname="test.test_LensModel.test_lens_model.TestLensModel" name="test_curl" file="test/test_LensModel/test_lens_model.py" line="312" time="0.001" /><testcase classname="test.test_LensModel.test_lens_model.TestLensModel" name="test_hessian_differentials" file="test/test_LensModel/test_lens_model.py" line="337" time="0.001" /><testcase classname="test.test_LensModel.test_lens_model.TestLensModel" name="test_hessian_z1z2" file="test/test_LensModel/test_lens_model.py" line="361" time="0.002" /><testcase classname="test.test_LensModel.test_lens_model.TestLensModel" name="test_change_source_redshift" file="test/test_LensModel/test_lens_model.py" line="401" time="0.005" /><testcase classname="test.test_LensModel.test_lens_model.TestLensModel" name="test_update_cosmology" file="test/test_LensModel/test_lens_model.py" line="496" time="0.005" /><testcase classname="test.test_LensModel.test_lens_model.TestLensModel" name="test_check_parameters" file="test/test_LensModel/test_lens_model.py" line="566" time="0.001" /><testcase classname="test.test_LensModel.test_lens_model.TestRaise" name="test_hessian_z1z2_raise" file="test/test_LensModel/test_lens_model.py" line="687" time="0.001" /><testcase classname="test.test_LensModel.test_lens_model.TestRaise" name="test_raise" file="test/test_LensModel/test_lens_model.py" line="582" time="0.002" /><testcase classname="test.test_LensModel.test_lens_model_extensions.TestLensModelExtensions" name="test_critical_curves" file="test/test_LensModel/test_lens_model_extensions.py" line="24" time="0.020" /><testcase classname="test.test_LensModel.test_lens_model_extensions.TestLensModelExtensions" name="test_critical_curves_tiling" file="test/test_LensModel/test_lens_model_extensions.py" line="85" time="3.734" /><testcase classname="test.test_LensModel.test_lens_model_extensions.TestLensModelExtensions" name="test_get_magnification_model" file="test/test_LensModel/test_lens_model_extensions.py" line="109" time="0.002" /><testcase classname="test.test_LensModel.test_lens_model_extensions.TestLensModelExtensions" name="test_magnification_finite" file="test/test_LensModel/test_lens_model_extensions.py" line="138" time="0.008" /><testcase classname="test.test_LensModel.test_lens_model_extensions.TestLensModelExtensions" name="test_magnification_finite_adaptive" file="test/test_LensModel/test_lens_model_extensions.py" line="176" time="1.075" /><testcase classname="test.test_LensModel.test_lens_model_extensions.TestLensModelExtensions" name="test_zoom_source" file="test/test_LensModel/test_lens_model_extensions.py" line="507" time="0.007" /><testcase classname="test.test_LensModel.test_lens_model_extensions.TestLensModelExtensions" name="test_tangential_average" file="test/test_LensModel/test_lens_model_extensions.py" line="534" time="0.001" /><testcase classname="test.test_LensModel.test_lens_model_extensions.TestLensModelExtensions" name="test_caustic_area" file="test/test_LensModel/test_lens_model_extensions.py" line="548" time="0.025" /><testcase classname="test.test_LensModel.test_lens_param.TestParam" name="test_get_setParams" file="test/test_LensModel/test_lens_param.py" line="95" time="0.001" /><testcase classname="test.test_LensModel.test_lens_param.TestParam" name="test_param_name_list" file="test/test_LensModel/test_lens_param.py" line="112" time="0.008" /><testcase classname="test.test_LensModel.test_lens_param.TestParam" name="test_num_params" file="test/test_LensModel/test_lens_param.py" line="141" time="0.001" /><testcase classname="test.test_LensModel.test_lens_param.TestParam" name="test_shapelet_solver" file="test/test_LensModel/test_lens_param.py" line="145" time="0.001" /><testcase classname="test.test_LensModel.test_numeric_lens_differentials.TestNumerics" name="test_kappa" file="test/test_LensModel/test_numeric_lens_differentials.py" line="24" time="0.001" /><testcase classname="test.test_LensModel.test_numeric_lens_differentials.TestNumerics" name="test_gamma" file="test/test_LensModel/test_numeric_lens_differentials.py" line="30" time="0.001" /><testcase classname="test.test_LensModel.test_numeric_lens_differentials.TestNumerics" name="test_magnification" file="test/test_LensModel/test_numeric_lens_differentials.py" line="37" time="0.001" /><testcase classname="test.test_LensModel.test_numeric_lens_differentials.TestNumerics" name="test_differentials" file="test/test_LensModel/test_numeric_lens_differentials.py" line="43" time="0.001" /><testcase classname="test.test_LensModel.test_numeric_lens_differentials.TestNumerics" name="test_flexion" file="test/test_LensModel/test_numeric_lens_differentials.py" line="56" time="0.001" /><testcase classname="test.test_LensModel.test_numeric_lens_differentials.TestNumericsProfile" name="test_gaussian" file="test/test_LensModel/test_numeric_lens_differentials.py" line="126" time="0.003" /><testcase classname="test.test_LensModel.test_numeric_lens_differentials.TestNumericsProfile" name="test_gausian_kappa" file="test/test_LensModel/test_numeric_lens_differentials.py" line="153" time="0.004" /><testcase classname="test.test_LensModel.test_numeric_lens_differentials.TestNumericsProfile" name="test_gausian_ellipse_kappa" file="test/test_LensModel/test_numeric_lens_differentials.py" line="158" time="0.036" /><testcase classname="test.test_LensModel.test_numeric_lens_differentials.TestNumericsProfile" name="test_gausian_ellipse_potential" file="test/test_LensModel/test_numeric_lens_differentials.py" line="170" time="0.004" /><testcase classname="test.test_LensModel.test_numeric_lens_differentials.TestNumericsProfile" name="test_external_shear" file="test/test_LensModel/test_numeric_lens_differentials.py" line="182" time="0.001" /><testcase classname="test.test_LensModel.test_numeric_lens_differentials.TestNumericsProfile" name="test_reduce_shear" file="test/test_LensModel/test_numeric_lens_differentials.py" line="187" time="0.001" /><testcase classname="test.test_LensModel.test_numeric_lens_differentials.TestNumericsProfile" name="test_hessian" file="test/test_LensModel/test_numeric_lens_differentials.py" line="192" time="0.001" /><testcase classname="test.test_LensModel.test_numeric_lens_differentials.TestNumericsProfile" name="test_mass_sheet" file="test/test_LensModel/test_numeric_lens_differentials.py" line="197" time="0.002" /><testcase classname="test.test_LensModel.test_numeric_lens_differentials.TestNumericsProfile" name="test_sis" file="test/test_LensModel/test_numeric_lens_differentials.py" line="202" time="0.002" /><testcase classname="test.test_LensModel.test_numeric_lens_differentials.TestNumericsProfile" name="test_flexion" file="test/test_LensModel/test_numeric_lens_differentials.py" line="207" time="0.002" /><testcase classname="test.test_LensModel.test_numeric_lens_differentials.TestNumericsProfile" name="test_nfw" file="test/test_LensModel/test_numeric_lens_differentials.py" line="212" time="0.002" /><testcase classname="test.test_LensModel.test_numeric_lens_differentials.TestNumericsProfile" name="test_tnfw" file="test/test_LensModel/test_numeric_lens_differentials.py" line="217" time="0.004" /><testcase classname="test.test_LensModel.test_numeric_lens_differentials.TestNumericsProfile" name="test_tnfw_ellipse" file="test/test_LensModel/test_numeric_lens_differentials.py" line="226" time="0.007" /><testcase classname="test.test_LensModel.test_numeric_lens_differentials.TestNumericsProfile" name="test_nfw_ellipse" file="test/test_LensModel/test_numeric_lens_differentials.py" line="238" time="0.002" /><testcase classname="test.test_LensModel.test_numeric_lens_differentials.TestNumericsProfile" name="test_nfw_ellipse_gauss_dec" file="test/test_LensModel/test_numeric_lens_differentials.py" line="243" time="1.516" /><testcase classname="test.test_LensModel.test_numeric_lens_differentials.TestNumericsProfile" name="test_ctnfw_gauss_dec" file="test/test_LensModel/test_numeric_lens_differentials.py" line="248" time="0.069" /><testcase classname="test.test_LensModel.test_numeric_lens_differentials.TestNumericsProfile" name="test_point_mass" file="test/test_LensModel/test_numeric_lens_differentials.py" line="253" time="0.002" /><testcase classname="test.test_LensModel.test_numeric_lens_differentials.TestNumericsProfile" name="test_radial_interpolation" file="test/test_LensModel/test_numeric_lens_differentials.py" line="258" time="0.221" /><testcase classname="test.test_LensModel.test_numeric_lens_differentials.TestNumericsProfile" name="test_sersic" file="test/test_LensModel/test_numeric_lens_differentials.py" line="268" time="0.011" /><testcase classname="test.test_LensModel.test_numeric_lens_differentials.TestNumericsProfile" name="test_sersic_ellipse_gauss_dec" file="test/test_LensModel/test_numeric_lens_differentials.py" line="273" time="0.821" /><testcase classname="test.test_LensModel.test_numeric_lens_differentials.TestNumericsProfile" name="test_sersic_ellipse_pot" file="test/test_LensModel/test_numeric_lens_differentials.py" line="278" time="0.027" /><testcase classname="test.test_LensModel.test_numeric_lens_differentials.TestNumericsProfile" name="test_shapelets_pot_2" file="test/test_LensModel/test_numeric_lens_differentials.py" line="289" time="0.006" /><testcase classname="test.test_LensModel.test_numeric_lens_differentials.TestNumericsProfile" name="test_sis_truncate" file="test/test_LensModel/test_numeric_lens_differentials.py" line="294" time="0.002" /><testcase classname="test.test_LensModel.test_numeric_lens_differentials.TestNumericsProfile" name="test_spep" file="test/test_LensModel/test_numeric_lens_differentials.py" line="299" time="0.002" /><testcase classname="test.test_LensModel.test_numeric_lens_differentials.TestNumericsProfile" name="test_spp" file="test/test_LensModel/test_numeric_lens_differentials.py" line="304" time="0.001" /><testcase classname="test.test_LensModel.test_numeric_lens_differentials.TestNumericsProfile" name="test_PJaffe" file="test/test_LensModel/test_numeric_lens_differentials.py" line="309" time="0.002" /><testcase classname="test.test_LensModel.test_numeric_lens_differentials.TestNumericsProfile" name="test_PJaffe_ellipse" file="test/test_LensModel/test_numeric_lens_differentials.py" line="314" time="0.002" /><testcase classname="test.test_LensModel.test_numeric_lens_differentials.TestNumericsProfile" name="test_Hernquist" file="test/test_LensModel/test_numeric_lens_differentials.py" line="319" time="0.002" /><testcase classname="test.test_LensModel.test_numeric_lens_differentials.TestNumericsProfile" name="test_Hernquist_ellipse" file="test/test_LensModel/test_numeric_lens_differentials.py" line="324" time="0.002" /><testcase classname="test.test_LensModel.test_numeric_lens_differentials.TestNumericsProfile" name="test_NIE" file="test/test_LensModel/test_numeric_lens_differentials.py" line="329" time="0.002" /><testcase classname="test.test_LensModel.test_numeric_lens_differentials.TestNumericsProfile" name="test_NIE_simple" file="test/test_LensModel/test_numeric_lens_differentials.py" line="334" time="0.002" /><testcase classname="test.test_LensModel.test_numeric_lens_differentials.TestNumericsProfile" name="test_EPL" file="test/test_LensModel/test_numeric_lens_differentials.py" line="339" time="0.003" /><testcase classname="test.test_LensModel.test_numeric_lens_differentials.TestNumericsProfile" name="test_EPL_Q_PHI" file="test/test_LensModel/test_numeric_lens_differentials.py" line="344" time="0.002" /><testcase classname="test.test_LensModel.test_numeric_lens_differentials.TestNumericsProfile" name="test_EPL_BOXYDISKY" file="test/test_LensModel/test_numeric_lens_differentials.py" line="349" time="0.003" /><testcase classname="test.test_LensModel.test_numeric_lens_differentials.TestNumericsProfile" name="test_EPL_BOXYDISKY_ELL" file="test/test_LensModel/test_numeric_lens_differentials.py" line="354" time="0.004" /><testcase classname="test.test_LensModel.test_numeric_lens_differentials.TestNumericsProfile" name="test_EPL_numba" file="test/test_LensModel/test_numeric_lens_differentials.py" line="359" time="0.047" /><testcase classname="test.test_LensModel.test_numeric_lens_differentials.TestNumericsProfile" name="test_coreBurk" file="test/test_LensModel/test_numeric_lens_differentials.py" line="364" time="0.006" /><testcase classname="test.test_LensModel.test_numeric_lens_differentials.TestNumericsProfile" name="test_cnfw" file="test/test_LensModel/test_numeric_lens_differentials.py" line="371" time="0.308" /><testcase classname="test.test_LensModel.test_numeric_lens_differentials.TestNumericsProfile" name="test_cnfw_ellipse" file="test/test_LensModel/test_numeric_lens_differentials.py" line="376" time="0.282" /><testcase classname="test.test_LensModel.test_numeric_lens_differentials.TestNumericsProfile" name="test_cored_density" file="test/test_LensModel/test_numeric_lens_differentials.py" line="381" time="0.002" /><testcase classname="test.test_LensModel.test_numeric_lens_differentials.TestNumericsProfile" name="test_cored_density_2" file="test/test_LensModel/test_numeric_lens_differentials.py" line="386" time="0.005" /><testcase classname="test.test_LensModel.test_numeric_lens_differentials.TestNumericsProfile" name="test_cored_density_exp" file="test/test_LensModel/test_numeric_lens_differentials.py" line="391" time="0.003" /><testcase classname="test.test_LensModel.test_numeric_lens_differentials.TestNumericsProfile" name="test_cored_density_mst" file="test/test_LensModel/test_numeric_lens_differentials.py" line="396" time="0.002" /><testcase classname="test.test_LensModel.test_numeric_lens_differentials.TestNumericsProfile" name="test_cored_density_2_mst" file="test/test_LensModel/test_numeric_lens_differentials.py" line="401" time="0.005" /><testcase classname="test.test_LensModel.test_numeric_lens_differentials.TestNumericsProfile" name="test_cored_density_exp_mst" file="test/test_LensModel/test_numeric_lens_differentials.py" line="406" time="0.002" /><testcase classname="test.test_LensModel.test_numeric_lens_differentials.TestNumericsProfile" name="test_cored_density_uldm_mst" file="test/test_LensModel/test_numeric_lens_differentials.py" line="411" time="0.006" /><testcase classname="test.test_LensModel.test_numeric_lens_differentials.TestNumericsProfile" name="test_uldm" file="test/test_LensModel/test_numeric_lens_differentials.py" line="416" time="0.006" /><testcase classname="test.test_LensModel.test_numeric_lens_differentials.TestNumericsProfile" name="test_const_mag_positive" file="test/test_LensModel/test_numeric_lens_differentials.py" line="421" time="0.002" /><testcase classname="test.test_LensModel.test_numeric_lens_differentials.TestNumericsProfile" name="test_const_mag_negative" file="test/test_LensModel/test_numeric_lens_differentials.py" line="426" time="0.001" /><testcase classname="test.test_LensModel.test_numeric_lens_differentials.TestNumericsProfile" name="test_nie_potential" file="test/test_LensModel/test_numeric_lens_differentials.py" line="431" time="0.002" /><testcase classname="test.test_LensModel.test_numeric_lens_differentials.TestNumericsProfile" name="test_multipole" file="test/test_LensModel/test_numeric_lens_differentials.py" line="436" time="0.005" /><testcase classname="test.test_LensModel.test_numeric_lens_differentials.TestNumericsProfile" name="test_multipole_ell" file="test/test_LensModel/test_numeric_lens_differentials.py" line="464" time="0.008" /><testcase classname="test.test_LensModel.test_numeric_lens_differentials.TestNumericsProfile" name="test_elli_slice" file="test/test_LensModel/test_numeric_lens_differentials.py" line="499" time="0.009" /><testcase classname="test.test_LensModel.test_numeric_lens_differentials.TestNumericsProfile" name="test_curved_arc_const" file="test/test_LensModel/test_numeric_lens_differentials.py" line="522" time="0.002" /><testcase classname="test.test_LensModel.test_numeric_lens_differentials.TestNumericsProfile" name="test_curved_arc_const_MST" file="test/test_LensModel/test_numeric_lens_differentials.py" line="541" time="0.002" /><testcase classname="test.test_LensModel.test_numeric_lens_differentials.TestNumericsProfile" name="test_curved_arc_spp" file="test/test_LensModel/test_numeric_lens_differentials.py" line="562" time="0.002" /><testcase classname="test.test_LensModel.test_numeric_lens_differentials.TestNumericsProfile" name="test_curved_arc_spt" file="test/test_LensModel/test_numeric_lens_differentials.py" line="574" time="0.001" /><testcase classname="test.test_LensModel.test_numeric_lens_differentials.TestNumericsProfile" name="test_curved_arc_sis_mst" file="test/test_LensModel/test_numeric_lens_differentials.py" line="588" time="0.002" /><testcase classname="test.test_LensModel.test_numeric_lens_differentials.TestNumericsProfile" name="test_curved_arc_tan_diff" file="test/test_LensModel/test_numeric_lens_differentials.py" line="600" time="0.003" /><testcase classname="test.test_LensModel.test_numeric_lens_differentials.TestNumericsProfile" name="test_splcore" file="test/test_LensModel/test_numeric_lens_differentials.py" line="613" time="0.003" /><testcase classname="test.test_LensModel.test_numeric_lens_differentials.TestNumericsProfile" name="test_pdpl" file="test/test_LensModel/test_numeric_lens_differentials.py" line="644" time="0.003" /><testcase classname="test.test_LensModel.test_numeric_lens_differentials.TestNumericsProfile" name="test_cse" file="test/test_LensModel/test_numeric_lens_differentials.py" line="653" time="0.005" /><testcase classname="test.test_LensModel.test_numeric_lens_differentials.TestNumericsProfile" name="test_nfw_cse" file="test/test_LensModel/test_numeric_lens_differentials.py" line="691" time="0.048" /><testcase classname="test.test_LensModel.test_numeric_lens_differentials.TestNumericsProfile" name="test_hernquist_cse" file="test/test_LensModel/test_numeric_lens_differentials.py" line="725" time="0.032" /><testcase classname="test.test_LensModel.test_numeric_lens_differentials.TestNumericsProfile" name="test_TNFWC" file="test/test_LensModel/test_numeric_lens_differentials.py" line="759" time="0.007" /><testcase classname="test.test_LensModel.test_numeric_lens_differentials.TestNumericsProfile" name="test_epl_m3m4" file="test/test_LensModel/test_numeric_lens_differentials.py" line="784" time="0.003" /><testcase classname="test.test_LensModel.test_numeric_lens_differentials.TestNumericsProfile" name="test_epl_m1m3m4" file="test/test_LensModel/test_numeric_lens_differentials.py" line="799" time="0.003" /><testcase classname="test.test_LensModel.test_numeric_lens_differentials.TestNumericsProfile" name="test_epl_m3m4_ell" file="test/test_LensModel/test_numeric_lens_differentials.py" line="816" time="0.006" /><testcase classname="test.test_LensModel.test_numeric_lens_differentials.TestNumericsProfile" name="test_epl_m1m3m4_ell" file="test/test_LensModel/test_numeric_lens_differentials.py" line="833" time="0.008" /><testcase classname="test.test_LensModel.test_numeric_lens_differentials.TestNumericsProfile" name="test_greenboschnfw" file="test/test_LensModel/test_numeric_lens_differentials.py" line="850" time="1.610" /><testcase classname="test.test_LensModel.test_profile_integrals.TestNumerics" name="test_PJaffe" file="test/test_LensModel/test_profile_integrals.py" line="85" time="0.075" /><testcase classname="test.test_LensModel.test_profile_integrals.TestNumerics" name="test_PJaffa_density_deflection" file="test/test_LensModel/test_profile_integrals.py" line="93" time="0.001" /><testcase classname="test.test_LensModel.test_profile_integrals.TestNumerics" name="test_nfw" file="test/test_LensModel/test_profile_integrals.py" line="118" time="0.135" /><testcase classname="test.test_LensModel.test_profile_integrals.TestNumerics" name="test_nfw_ellipse" file="test/test_LensModel/test_profile_integrals.py" line="127" time="0.001" /><testcase classname="test.test_LensModel.test_profile_integrals.TestNumerics" name="test_nfw_density_deflection" file="test/test_LensModel/test_profile_integrals.py" line="152" time="0.144" /><testcase classname="test.test_LensModel.test_profile_integrals.TestNumerics" name="test_hernquist" file="test/test_LensModel/test_profile_integrals.py" line="172" time="0.144" /><testcase classname="test.test_LensModel.test_profile_integrals.TestNumerics" name="test_hernquist_ellipse" file="test/test_LensModel/test_profile_integrals.py" line="180" time="0.177" /><testcase classname="test.test_LensModel.test_profile_integrals.TestNumerics" name="test_hernquist_density_deflection" file="test/test_LensModel/test_profile_integrals.py" line="190" time="0.001" /><testcase classname="test.test_LensModel.test_profile_integrals.TestNumerics" name="test_sis" file="test/test_LensModel/test_profile_integrals.py" line="208" time="0.011" /><testcase classname="test.test_LensModel.test_profile_integrals.TestNumerics" name="test_sis_density_deflection" file="test/test_LensModel/test_profile_integrals.py" line="216" time="0.001" /><testcase classname="test.test_LensModel.test_profile_integrals.TestNumerics" name="test_sie" file="test/test_LensModel/test_profile_integrals.py" line="234" time="0.017" /><testcase classname="test.test_LensModel.test_profile_integrals.TestNumerics" name="test_spep" file="test/test_LensModel/test_profile_integrals.py" line="242" time="0.002" /><testcase classname="test.test_LensModel.test_profile_integrals.TestNumerics" name="test_sie_density_deflection" file="test/test_LensModel/test_profile_integrals.py" line="248" time="0.001" /><testcase classname="test.test_LensModel.test_profile_integrals.TestNumerics" name="test_spp" file="test/test_LensModel/test_profile_integrals.py" line="265" time="0.148" /><testcase classname="test.test_LensModel.test_profile_integrals.TestNumerics" name="test_spp_density_deflection" file="test/test_LensModel/test_profile_integrals.py" line="276" time="0.001" /><testcase classname="test.test_LensModel.test_profile_integrals.TestNumerics" name="test_gaussian" file="test/test_LensModel/test_profile_integrals.py" line="294" time="0.014" /><testcase classname="test.test_LensModel.test_profile_integrals.TestNumerics" name="test_gaussian_density_deflection" file="test/test_LensModel/test_profile_integrals.py" line="305" time="0.001" /><testcase classname="test.test_LensModel.test_profile_integrals.TestNumerics" name="test_coreBurk" file="test/test_LensModel/test_profile_integrals.py" line="325" time="0.024" /><testcase classname="test.test_LensModel.test_profile_integrals.TestNumerics" name="test_tnfw" file="test/test_LensModel/test_profile_integrals.py" line="334" time="0.195" /><testcase classname="test.test_LensModel.test_profile_integrals.TestNumerics" name="test_cnfw" file="test/test_LensModel/test_profile_integrals.py" line="343" time="0.068" /><testcase classname="test.test_LensModel.test_profile_integrals.TestNumerics" name="test_cnfw_ellipse" file="test/test_LensModel/test_profile_integrals.py" line="351" time="0.003" /><testcase classname="test.test_LensModel.test_profile_integrals.TestNumerics" name="test_cored_density" file="test/test_LensModel/test_profile_integrals.py" line="361" time="0.008" /><testcase classname="test.test_LensModel.test_profile_integrals.TestNumerics" name="test_cored_density_2" file="test/test_LensModel/test_profile_integrals.py" line="368" time="0.007" /><testcase classname="test.test_LensModel.test_profile_integrals.TestNumerics" name="test_cored_density_exp" file="test/test_LensModel/test_profile_integrals.py" line="377" time="0.009" /><testcase classname="test.test_LensModel.test_profile_integrals.TestNumerics" name="test_uldm" file="test/test_LensModel/test_profile_integrals.py" line="386" time="0.013" /><testcase classname="test.test_LensModel.test_profile_integrals.TestNumerics" name="test_splcore" file="test/test_LensModel/test_profile_integrals.py" line="393" time="0.242" /><testcase classname="test.test_LensModel.test_profile_integrals.TestNumerics" name="test_nie" file="test/test_LensModel/test_profile_integrals.py" line="411" time="0.001" /><testcase classname="test.test_LensModel.test_profile_integrals.TestNumerics" name="test_chameleon" file="test/test_LensModel/test_profile_integrals.py" line="417" time="0.050" /><testcase classname="test.test_LensModel.test_profile_integrals.TestNumerics" name="test_pdpl" file="test/test_LensModel/test_profile_integrals.py" line="460" time="0.008" /><testcase classname="test.test_LensModel.test_profile_integrals.TestNumerics" name="test_tnfwc" file="test/test_LensModel/test_profile_integrals.py" line="472" time="0.026" /><testcase classname="test.test_LensModel.test_single_plane.TestLensModel" name="test_potential" file="test/test_LensModel/test_single_plane.py" line="32" time="0.001" /><testcase classname="test.test_LensModel.test_single_plane.TestLensModel" name="test_alpha" file="test/test_LensModel/test_single_plane.py" line="36" time="0.001" /><testcase classname="test.test_LensModel.test_single_plane.TestLensModel" name="test_hessian" file="test/test_LensModel/test_single_plane.py" line="41" time="0.001" /><testcase classname="test.test_LensModel.test_single_plane.TestLensModel" name="test_ray_shooting" file="test/test_LensModel/test_single_plane.py" line="50" time="0.000" /><testcase classname="test.test_LensModel.test_single_plane.TestLensModel" name="test_mass_2d" file="test/test_LensModel/test_single_plane.py" line="55" time="0.000" /><testcase classname="test.test_LensModel.test_single_plane.TestLensModel" name="test_density" file="test/test_LensModel/test_single_plane.py" line="61" time="0.000" /><testcase classname="test.test_LensModel.test_single_plane.TestLensModel" name="test_bool_list" file="test/test_LensModel/test_single_plane.py" line="70" time="0.001" /><testcase classname="test.test_LensModel.test_single_plane.TestLensModel" name="test_init" file="test/test_LensModel/test_single_plane.py" line="94" time="0.002" /><testcase classname="test.test_LensModel.test_single_plane.TestLensModel" name="test_alpha_scaling" file="test/test_LensModel/test_single_plane.py" line="110" time="0.001" /><testcase classname="test.test_LensModel.test_single_plane.TestRaise" name="test_raise" file="test/test_LensModel/test_single_plane.py" line="125" time="0.001" /><testcase classname="test.test_LightModel.test_Profiles.test_chameleon.TestChameleon" name="test_param_name" file="test/test_LightModel/test_Profiles/test_chameleon.py" line="20" time="0.002" /><testcase classname="test.test_LightModel.test_Profiles.test_chameleon.TestChameleon" name="test_function" file="test/test_LightModel/test_Profiles/test_chameleon.py" line="25" time="0.001" /><testcase classname="test.test_LightModel.test_Profiles.test_chameleon.TestChameleon" name="test_lens_model_correspondence" file="test/test_LightModel/test_Profiles/test_chameleon.py" line="52" time="0.002" /><testcase classname="test.test_LightModel.test_Profiles.test_chameleon.TestDoubleChameleon" name="test_param_name" file="test/test_LightModel/test_Profiles/test_chameleon.py" line="79" time="0.000" /><testcase classname="test.test_LightModel.test_Profiles.test_chameleon.TestDoubleChameleon" name="test_function" file="test/test_LightModel/test_Profiles/test_chameleon.py" line="84" time="0.001" /><testcase classname="test.test_LightModel.test_Profiles.test_chameleon.TestTripleChameleon" name="test_param_name" file="test/test_LightModel/test_Profiles/test_chameleon.py" line="135" time="0.001" /><testcase classname="test.test_LightModel.test_Profiles.test_chameleon.TestTripleChameleon" name="test_function" file="test/test_LightModel/test_Profiles/test_chameleon.py" line="140" time="0.001" /><testcase classname="test.test_LightModel.test_Profiles.test_ellipsoid.TestTorus" name="test_function" file="test/test_LightModel/test_Profiles/test_ellipsoid.py" line="12" time="0.001" /><testcase classname="test.test_LightModel.test_Profiles.test_ellipsoid.TestEllipsoid" name="test_function" file="test/test_LightModel/test_Profiles/test_ellipsoid.py" line="25" time="0.001" /><testcase classname="test.test_LightModel.test_Profiles.test_gaussian.TestMultiGaussian" name="test_function_split" file="test/test_LightModel/test_Profiles/test_gaussian.py" line="18" time="0.001" /><testcase classname="test.test_LightModel.test_Profiles.test_gaussian.TestGaussian" name="test_total_flux" file="test/test_LightModel/test_Profiles/test_gaussian.py" line="35" time="0.001" /><testcase classname="test.test_LightModel.test_Profiles.test_gaussian.TestGaussianEllipse" name="test_function_split" file="test/test_LightModel/test_Profiles/test_gaussian.py" line="52" time="0.001" /><testcase classname="test.test_LightModel.test_Profiles.test_gaussian.TestGaussianEllipse" name="test_gaussian_ellipse" file="test/test_LightModel/test_Profiles/test_gaussian.py" line="68" time="0.000" /><testcase classname="test.test_LightModel.test_Profiles.test_gaussian.TestGaussianEllipse" name="test_light_3d" file="test/test_LightModel/test_Profiles/test_gaussian.py" line="76" time="0.001" /><testcase classname="test.test_LightModel.test_Profiles.test_hernquist.TestHernquist" name="test_total_flux" file="test/test_LightModel/test_Profiles/test_hernquist.py" line="12" time="0.019" /><testcase classname="test.test_LightModel.test_Profiles.test_interpolation.TestInterpol" name="test_function" file="test/test_LightModel/test_Profiles/test_interpolation.py" line="14" time="0.005" /><testcase classname="test.test_LightModel.test_Profiles.test_interpolation.TestInterpol" name="test_flux_normalization" file="test/test_LightModel/test_Profiles/test_interpolation.py" line="87" time="0.001" /><testcase classname="test.test_LightModel.test_Profiles.test_interpolation.TestInterpol" name="test_delete_cache" file="test/test_LightModel/test_Profiles/test_interpolation.py" line="123" time="0.001" /><testcase classname="test.test_LightModel.test_Profiles.test_linear.TestLinear" name="test_function" file="test/test_LightModel/test_Profiles/test_linear.py" line="10" time="0.001" /><testcase classname="test.test_LightModel.test_Profiles.test_linear.TestLinear" name="test_total_flux" file="test/test_LightModel/test_Profiles/test_linear.py" line="21" time="0.000" /><testcase classname="test.test_LightModel.test_Profiles.test_lineprofile.TestLineProfile" name="test_function" file="test/test_LightModel/test_Profiles/test_lineprofile.py" line="9" time="0.001" /><testcase classname="test.test_LightModel.test_Profiles.test_lineprofile.TestLineProfile" name="test_total_flux" file="test/test_LightModel/test_Profiles/test_lineprofile.py" line="27" time="0.000" /><testcase classname="test.test_LightModel.test_Profiles.test_mge_ellipse.TestMGESet" name="test_function" file="test/test_LightModel/test_Profiles/test_mge_ellipse.py" line="15" time="0.001" /><testcase classname="test.test_LightModel.test_Profiles.test_mge_ellipse.TestMGESet" name="test_function_split" file="test/test_LightModel/test_Profiles/test_mge_ellipse.py" line="41" time="0.001" /><testcase classname="test.test_LightModel.test_Profiles.test_mge_ellipse.TestMGESet" name="test_light3d" file="test/test_LightModel/test_Profiles/test_mge_ellipse.py" line="72" time="0.001" /><testcase classname="test.test_LightModel.test_Profiles.test_mge_ellipse.TestMGESet" name="test_total_flux" file="test/test_LightModel/test_Profiles/test_mge_ellipse.py" line="91" time="0.001" /><testcase classname="test.test_LightModel.test_Profiles.test_mge_ellipse.TestMGESet" name="test_num_linear" file="test/test_LightModel/test_Profiles/test_mge_ellipse.py" line="108" time="0.000" /><testcase classname="test.test_LightModel.test_Profiles.test_mge_set.TestMGESet" name="test_function" file="test/test_LightModel/test_Profiles/test_mge_set.py" line="15" time="0.001" /><testcase classname="test.test_LightModel.test_Profiles.test_mge_set.TestMGESet" name="test_function_split" file="test/test_LightModel/test_Profiles/test_mge_set.py" line="38" time="0.001" /><testcase classname="test.test_LightModel.test_Profiles.test_mge_set.TestMGESet" name="test_light3d" file="test/test_LightModel/test_Profiles/test_mge_set.py" line="66" time="0.001" /><testcase classname="test.test_LightModel.test_Profiles.test_mge_set.TestMGESet" name="test_total_flux" file="test/test_LightModel/test_Profiles/test_mge_set.py" line="82" time="0.001" /><testcase classname="test.test_LightModel.test_Profiles.test_mge_set.TestMGESet" name="test_num_linear" file="test/test_LightModel/test_Profiles/test_mge_set.py" line="96" time="0.000" /><testcase classname="test.test_LightModel.test_Profiles.test_moffat.TestMoffat" name="test_function" file="test/test_LightModel/test_Profiles/test_moffat.py" line="10" time="0.000" /><testcase classname="test.test_LightModel.test_Profiles.test_nie.TestNIE" name="test_function" file="test/test_LightModel/test_Profiles/test_nie.py" line="14" time="0.001" /><testcase classname="test.test_LightModel.test_Profiles.test_pl_sersic.TestPLSersic" name="test_pl_sersic" file="test/test_LightModel/test_Profiles/test_pl_sersic.py" line="16" time="0.001" /><testcase classname="test.test_LightModel.test_Profiles.test_pl_sersic.TestPLSersic" name="test_pl_sersic_array" file="test/test_LightModel/test_Profiles/test_pl_sersic.py" line="43" time="0.001" /><testcase classname="test.test_LightModel.test_Profiles.test_pl_sersic.TestPLSersic" name="test_pl_sersic_center" file="test/test_LightModel/test_Profiles/test_pl_sersic.py" line="75" time="0.001" /><testcase classname="test.test_LightModel.test_Profiles.test_pl_sersic.TestPLSersic" name="test_pl_sersic_inner_branch" file="test/test_LightModel/test_Profiles/test_pl_sersic.py" line="101" time="0.001" /><testcase classname="test.test_LightModel.test_Profiles.test_pl_sersic.TestPLSersic" name="test_pl_sersic_cutoff" file="test/test_LightModel/test_Profiles/test_pl_sersic.py" line="128" time="0.001" /><testcase classname="test.test_LightModel.test_Profiles.test_pl_sersic.TestPLSersic" name="test_pl_sersic_elliptic" file="test/test_LightModel/test_Profiles/test_pl_sersic.py" line="156" time="0.001" /><testcase classname="test.test_LightModel.test_Profiles.test_pl_sersic.TestPLSersic" name="test_amp_linearity_outer" file="test/test_LightModel/test_Profiles/test_pl_sersic.py" line="199" time="0.001" /><testcase classname="test.test_LightModel.test_Profiles.test_pl_sersic.TestPLSersic" name="test_pl_sersic_cutoff_scalar" file="test/test_LightModel/test_Profiles/test_pl_sersic.py" line="238" time="0.001" /><testcase classname="test.test_LightModel.test_Profiles.test_pl_sersic.TestPLSersic" name="test_pl_sersic_inner_branch_scalar" file="test/test_LightModel/test_Profiles/test_pl_sersic.py" line="263" time="0.001" /><testcase classname="test.test_LightModel.test_Profiles.test_pl_sersic.TestPLSersic" name="test_total_flux_alpha_c_ge_3_raises" file="test/test_LightModel/test_Profiles/test_pl_sersic.py" line="303" time="0.001" /><testcase classname="test.test_LightModel.test_Profiles.test_power_law.TestPowerLaw" name="test_function" file="test/test_LightModel/test_Profiles/test_power_law.py" line="16" time="0.001" /><testcase classname="test.test_LightModel.test_Profiles.test_profile_base.TestRaise" name="test_raise" file="test/test_LightModel/test_Profiles/test_profile_base.py" line="6" time="0.001" /><testcase classname="test.test_LightModel.test_Profiles.test_sersic.TestSersic" name="test_sersic" file="test/test_LightModel/test_Profiles/test_sersic.py" line="27" time="0.001" /><testcase classname="test.test_LightModel.test_Profiles.test_sersic.TestSersic" name="test_symmetry_r_sersic" file="test/test_LightModel/test_Profiles/test_sersic.py" line="60" time="0.001" /><testcase classname="test.test_LightModel.test_Profiles.test_sersic.TestSersic" name="test_sersic_center" file="test/test_LightModel/test_Profiles/test_sersic.py" line="91" time="0.001" /><testcase classname="test.test_LightModel.test_Profiles.test_sersic.TestSersic" name="test_sersic_elliptic" file="test/test_LightModel/test_Profiles/test_sersic.py" line="104" time="0.001" /><testcase classname="test.test_LightModel.test_Profiles.test_sersic.TestSersic" name="test_core_sersic" file="test/test_LightModel/test_Profiles/test_sersic.py" line="135" time="0.001" /><testcase classname="test.test_LightModel.test_Profiles.test_sersic.TestSersic" name="test_total_flux" file="test/test_LightModel/test_Profiles/test_sersic.py" line="168" time="0.007" /><testcase classname="test.test_LightModel.test_Profiles.test_sersic.TestSersic" name="test_qphi" file="test/test_LightModel/test_Profiles/test_sersic.py" line="208" time="0.001" /><testcase classname="test.test_LightModel.test_Profiles.test_sersic_ellipse_with_flexion.TestSersicEllipticWithFlexion" name="test_sersic_elliptic_flexed" file="test/test_LightModel/test_Profiles/test_sersic_ellipse_with_flexion.py" line="19" time="0.001" /><testcase classname="test.test_LightModel.test_Profiles.test_shapelets.TestShapeletSet" name="test_shapelet_set" file="test/test_LightModel/test_Profiles/test_shapelets.py" line="16" time="0.001" /><testcase classname="test.test_LightModel.test_Profiles.test_shapelets.TestShapeletSet" name="test_shapelet_basis" file="test/test_LightModel/test_Profiles/test_shapelets.py" line="56" time="0.001" /><testcase classname="test.test_LightModel.test_Profiles.test_shapelets.TestShapeletSet" name="test_decomposition" file="test/test_LightModel/test_Profiles/test_shapelets.py" line="63" time="0.001" /><testcase classname="test.test_LightModel.test_Profiles.test_shapelets.TestShapeletSet" name="test_function_split" file="test/test_LightModel/test_Profiles/test_shapelets.py" line="82" time="0.001" /><testcase classname="test.test_LightModel.test_Profiles.test_shapelets.TestShapeletSet" name="test_interpolate" file="test/test_LightModel/test_Profiles/test_shapelets.py" line="98" time="0.008" /><testcase classname="test.test_LightModel.test_Profiles.test_shapelets.TestShapeletSet" name="test_hermval" file="test/test_LightModel/test_Profiles/test_shapelets.py" line="110" time="0.001" /><testcase classname="test.test_LightModel.test_Profiles.test_shapelets.TestRaise" name="test_raise" file="test/test_LightModel/test_Profiles/test_shapelets.py" line="137" time="0.000" /><testcase classname="test.test_LightModel.test_Profiles.test_shapelets_ellipse.TestShapeletSetEllipse" name="test_function" file="test/test_LightModel/test_Profiles/test_shapelets_ellipse.py" line="13" time="0.001" /><testcase classname="test.test_LightModel.test_Profiles.test_shapelets_ellipse.TestShapeletSetEllipse" name="test_function_split" file="test/test_LightModel/test_Profiles/test_shapelets_ellipse.py" line="42" time="0.001" /><testcase classname="test.test_LightModel.test_Profiles.test_shapelets_polar.TestShapeletsPolar" name="test_function" file="test/test_LightModel/test_Profiles/test_shapelets_polar.py" line="16" time="0.001" /><testcase classname="test.test_LightModel.test_Profiles.test_shapelets_polar.TestShapeletsPolar" name="test_index2_poly" file="test/test_LightModel/test_Profiles/test_shapelets_polar.py" line="48" time="0.000" /><testcase classname="test.test_LightModel.test_Profiles.test_shapelets_polar.TestShapeletsPolar" name="test__index2n" file="test/test_LightModel/test_Profiles/test_shapelets_polar.py" line="87" time="0.000" /><testcase classname="test.test_LightModel.test_Profiles.test_shapelets_polar.TestShapeletsPolarExp" name="test_function" file="test/test_LightModel/test_Profiles/test_shapelets_polar.py" line="106" time="0.001" /><testcase classname="test.test_LightModel.test_Profiles.test_shapelets_polar.TestShapeletsPolarExp" name="test_index2_poly" file="test/test_LightModel/test_Profiles/test_shapelets_polar.py" line="138" time="0.001" /><testcase classname="test.test_LightModel.test_Profiles.test_shapelets_polar.TestShapeletsPolarExp" name="test__index2n" file="test/test_LightModel/test_Profiles/test_shapelets_polar.py" line="178" time="0.001" /><testcase classname="test.test_LightModel.test_Profiles.test_shapelets_polar.TestShapeletSetPolar" name="test_shapelet_set" file="test/test_LightModel/test_Profiles/test_shapelets_polar.py" line="201" time="0.001" /><testcase classname="test.test_LightModel.test_Profiles.test_shapelets_polar.TestShapeletSetPolar" name="test_decomposition" file="test/test_LightModel/test_Profiles/test_shapelets_polar.py" line="233" time="0.003" /><testcase classname="test.test_LightModel.test_Profiles.test_shapelets_polar.TestShapeletSetPolar" name="test_function_split" file="test/test_LightModel/test_Profiles/test_shapelets_polar.py" line="254" time="0.001" /><testcase classname="test.test_LightModel.test_Profiles.test_shapelets_polar.TestShapeletSetPolarExp" name="test_shapelet_set" file="test/test_LightModel/test_Profiles/test_shapelets_polar.py" line="287" time="0.002" /><testcase classname="test.test_LightModel.test_Profiles.test_shapelets_polar.TestShapeletSetPolarExp" name="test_decomposition" file="test/test_LightModel/test_Profiles/test_shapelets_polar.py" line="316" time="0.248" /><testcase classname="test.test_LightModel.test_Profiles.test_shapelets_polar.TestShapeletSetPolarExp" name="test_function_split" file="test/test_LightModel/test_Profiles/test_shapelets_polar.py" line="337" time="0.001" /><testcase classname="test.test_LightModel.test_Profiles.test_shapelets_polar.TestShapeletSetPolarExp" name="test_index2poly" file="test/test_LightModel/test_Profiles/test_shapelets_polar.py" line="361" time="0.001" /><testcase classname="test.test_LightModel.test_Profiles.test_shapelets_polar.TestRaise" name="test_raise" file="test/test_LightModel/test_Profiles/test_shapelets_polar.py" line="370" time="0.001" /><testcase classname="test.test_LightModel.test_Profiles.test_starlets.TestSLITStarlets" name="test_reconstructions_2d" file="test/test_LightModel/test_Profiles/test_starlets.py" line="54" time="0.001" /><testcase classname="test.test_LightModel.test_Profiles.test_starlets.TestSLITStarlets" name="test_decompositions_2d" file="test/test_LightModel/test_Profiles/test_starlets.py" line="79" time="0.001" /><testcase classname="test.test_LightModel.test_Profiles.test_starlets.TestSLITStarlets" name="test_function" file="test/test_LightModel/test_Profiles/test_starlets.py" line="97" time="0.002" /><testcase classname="test.test_LightModel.test_Profiles.test_starlets.TestSLITStarlets" name="test_identity_operations_fast" file="test/test_LightModel/test_Profiles/test_starlets.py" line="137" time="0.001" /><testcase classname="test.test_LightModel.test_Profiles.test_starlets.TestSLITStarlets" name="test_identity_operations_2nd" file="test/test_LightModel/test_Profiles/test_starlets.py" line="148" time="0.001" /><testcase classname="test.test_LightModel.test_Profiles.test_starlets.TestSLITStarlets" name="test_delete_cache" file="test/test_LightModel/test_Profiles/test_starlets.py" line="159" time="0.001" /><testcase classname="test.test_LightModel.test_Profiles.test_starlets.TestSLITStarlets" name="test_coeffs2pysap" file="test/test_LightModel/test_Profiles/test_starlets.py" line="174" time="0.001" /><testcase classname="test.test_LightModel.test_Profiles.test_starlets.TestSLITStarlets" name="test_pysap2coeffs" file="test/test_LightModel/test_Profiles/test_starlets.py" line="183" time="0.001" /><testcase classname="test.test_LightModel.test_Profiles.test_starlets.TestRaise" name="test_raise" file="test/test_LightModel/test_Profiles/test_starlets.py" line="194" time="0.002" /><testcase classname="test.test_LightModel.test_Profiles.test_uniform.TestShapelet" name="test_function" file="test/test_LightModel/test_Profiles/test_uniform.py" line="10" time="0.000" /><testcase classname="test.test_LightModel.test_light3d.TestNumerics" name="test_PJaffe" file="test/test_LightModel/test_light3d.py" line="26" time="0.001" /><testcase classname="test.test_LightModel.test_light3d.TestNumerics" name="test_hernquist" file="test/test_LightModel/test_light3d.py" line="32" time="0.001" /><testcase classname="test.test_LightModel.test_light3d.TestNumerics" name="test_gaussian" file="test/test_LightModel/test_light3d.py" line="38" time="0.001" /><testcase classname="test.test_LightModel.test_light3d.TestNumerics" name="test_power_law" file="test/test_LightModel/test_light3d.py" line="44" time="0.001" /><testcase classname="test.test_LightModel.test_light3d.TestNumerics" name="test_nie" file="test/test_LightModel/test_light3d.py" line="50" time="0.001" /><testcase classname="test.test_LightModel.test_light3d.TestNumerics" name="test_chameleon" file="test/test_LightModel/test_light3d.py" line="58" time="0.033" /><testcase classname="test.test_LightModel.test_light_model.TestLightModel" name="test_init" file="test/test_LightModel/test_light_model.py" line="160" time="0.001" /><testcase classname="test.test_LightModel.test_light_model.TestLightModel" name="test_surface_brightness" file="test/test_LightModel/test_light_model.py" line="192" time="0.001" /><testcase classname="test.test_LightModel.test_light_model.TestLightModel" name="test_surface_brightness_array" file="test/test_LightModel/test_light_model.py" line="199" time="0.001" /><testcase classname="test.test_LightModel.test_light_model.TestLightModel" name="test_functions_split" file="test/test_LightModel/test_light_model.py" line="206" time="0.001" /><testcase classname="test.test_LightModel.test_light_model.TestLightModel" name="test_param_name_list" file="test/test_LightModel/test_light_model.py" line="210" time="0.001" /><testcase classname="test.test_LightModel.test_light_model.TestLightModel" name="test_param_name_list_latex" file="test/test_LightModel/test_light_model.py" line="214" time="0.001" /><testcase classname="test.test_LightModel.test_light_model.TestLightModel" name="test_num_param_linear" file="test/test_LightModel/test_light_model.py" line="218" time="0.001" /><testcase classname="test.test_LightModel.test_light_model.TestLightModel" name="test_update_linear" file="test/test_LightModel/test_light_model.py" line="225" time="0.001" /><testcase classname="test.test_LightModel.test_light_model.TestLightModel" name="test_total_flux" file="test/test_LightModel/test_light_model.py" line="234" time="0.001" /><testcase classname="test.test_LightModel.test_light_model.TestLightModel" name="test_delete_interpol_caches" file="test/test_LightModel/test_light_model.py" line="332" time="0.001" /><testcase classname="test.test_LightModel.test_light_model.TestLightModel" name="test_check_positive_flux_profile" file="test/test_LightModel/test_light_model.py" line="351" time="0.001" /><testcase classname="test.test_LightModel.test_light_model.TestLightModel" name="test_check_parameters" file="test/test_LightModel/test_light_model.py" line="368" time="0.001" /><testcase classname="test.test_LightModel.test_light_model.TestRaise" name="test_raise" file="test/test_LightModel/test_light_model.py" line="388" time="0.001" /><testcase classname="test.test_LightModel.test_light_param.TestParam" name="test_get_setParams" file="test/test_LightModel/test_light_param.py" line="198" time="0.012" /><testcase classname="test.test_LightModel.test_light_param.TestParam" name="test_num_params" file="test/test_LightModel/test_light_param.py" line="217" time="0.002" /><testcase classname="test.test_LightModel.test_light_param.TestParam" name="test_param_name_list" file="test/test_LightModel/test_light_param.py" line="221" time="0.002" /><testcase classname="test.test_LightModel.test_light_param.TestParam" name="test_num_param_linear" file="test/test_LightModel/test_light_param.py" line="225" time="0.002" /><testcase classname="test.test_LightModel.test_light_param.TestRaise" name="test_raise" file="test/test_LightModel/test_light_param.py" line="260" time="0.002" /><testcase classname="test.test_LightModel.test_linear_basis.TestLinearBasis" name="test_linear_param_from_kwargs" file="test/test_LightModel/test_linear_basis.py" line="7" time="0.001" /><testcase classname="test.test_Plots.test_chain_plot.TestChainPlots" name="test_psf_iteration_compare" file="test/test_Plots/test_chain_plot.py" line="43" time="0.444" /><testcase classname="test.test_Plots.test_chain_plot.TestChainPlots" name="test_plot_chain" file="test/test_Plots/test_chain_plot.py" line="52" time="0.030" /><testcase classname="test.test_Plots.test_chain_plot.TestChainPlots" name="test_plot_mcmc_behaviour" file="test/test_Plots/test_chain_plot.py" line="61" time="0.013" /><testcase classname="test.test_Plots.test_chain_plot.TestChainPlots" name="test_chain_list" file="test/test_Plots/test_chain_plot.py" line="71" time="0.049" /><testcase classname="test.test_Plots.test_chain_plot.TestRaise" name="test_raise" file="test/test_Plots/test_chain_plot.py" line="97" time="0.001" /><testcase classname="test.test_Plots.test_lens_plot.TestLensPlot" name="test_lens_model_plot" file="test/test_Plots/test_lens_plot.py" line="18" time="0.183" /><testcase classname="test.test_Plots.test_lens_plot.TestLensPlot" name="test_arrival_time_surface" file="test/test_Plots/test_lens_plot.py" line="182" time="3.081" /><testcase classname="test.test_Plots.test_lens_plot.TestLensPlot" name="test_distortions" file="test/test_Plots/test_lens_plot.py" line="228" time="0.657" /><testcase classname="test.test_Plots.test_lens_plot.TestLensPlot" name="test_curved_arc_illustration" file="test/test_Plots/test_lens_plot.py" line="254" time="0.009" /><testcase classname="test.test_Plots.test_lens_plot.TestLensPlot" name="test_stretch_plot" file="test/test_Plots/test_lens_plot.py" line="270" time="0.565" /><testcase classname="test.test_Plots.test_lens_plot.TestLensPlot" name="test_shear_plot" file="test/test_Plots/test_lens_plot.py" line="279" time="0.013" /><testcase classname="test.test_Plots.test_model_plot.TestOutputPlots" name="test_lensModelPlot" file="test/test_Plots/test_model_plot.py" line="158" time="1.233" /><testcase classname="test.test_Plots.test_model_plot.TestOutputPlots" name="test_source_plot" file="test/test_Plots/test_model_plot.py" line="240" time="0.383" /><testcase classname="test.test_Plots.test_model_plot.TestOutputPlots" name="test_source" file="test/test_Plots/test_model_plot.py" line="265" time="0.023" /><testcase classname="test.test_Plots.test_model_plot.TestOutputPlots" name="test_single_band_chi2" file="test/test_Plots/test_model_plot.py" line="289" time="0.021" /><testcase classname="test.test_Plots.test_model_plot.TestOutputPlots" name="test_joint_linear" file="test/test_Plots/test_model_plot.py" line="303" time="0.142" /><testcase classname="test.test_Plots.test_model_plot.TestOutputPlots" name="test_reconstruction_all_bands" file="test/test_Plots/test_model_plot.py" line="369" time="0.221" /><testcase classname="test.test_Plots.test_model_plot.TestOutputPlots" name="test_check_solver_error" file="test/test_Plots/test_model_plot.py" line="403" time="0.008" /><testcase classname="test.test_Plots.test_model_plot.TestOutputPlots" name="test_no_linear_solver" file="test/test_Plots/test_model_plot.py" line="410" time="0.547" /><testcase classname="test.test_Plots.test_model_plot.TestRaise" name="test_raise" file="test/test_Plots/test_model_plot.py" line="437" time="0.012" /><testcase classname="test.test_Plots.test_model_plot" name="test_interferometry_natwt_Model_Plot_linear_solver" file="test/test_Plots/test_model_plot.py" line="572" time="0.002" /><testcase classname="test.test_Plots.test_multi_patch_plot.TestMultiPatchPlot" name="test_data_plot" file="test/test_Plots/test_multi_patch_plot.py" line="161" time="0.049" /><testcase classname="test.test_Plots.test_multi_patch_plot.TestMultiPatchPlot" name="test_model_plot" file="test/test_Plots/test_multi_patch_plot.py" line="166" time="0.047" /><testcase classname="test.test_Plots.test_multi_patch_plot.TestMultiPatchPlot" name="test_source_plot" file="test/test_Plots/test_multi_patch_plot.py" line="171" time="0.067" /><testcase classname="test.test_Plots.test_multi_patch_plot.TestMultiPatchPlot" name="test_normalized_residual_plot" file="test/test_Plots/test_multi_patch_plot.py" line="180" time="0.048" /><testcase classname="test.test_Plots.test_multi_patch_plot.TestMultiPatchPlot" name="test_convergence_plot" file="test/test_Plots/test_multi_patch_plot.py" line="185" time="0.049" /><testcase classname="test.test_Plots.test_multi_patch_plot.TestMultiPatchPlot" name="test_magnification_plot" file="test/test_Plots/test_multi_patch_plot.py" line="190" time="0.047" /><testcase classname="test.test_Plots.test_multi_patch_plot.TestMultiPatchPlot" name="test_main_plot" file="test/test_Plots/test_multi_patch_plot.py" line="195" time="0.227" /><testcase classname="test.test_Plots.test_plot_quasar_images.TestPlotQuasarImages" name="test_plot_quasar_images" file="test/test_Plots/test_plot_quasar_images.py" line="14" time="0.296" /><testcase classname="test.test_Plots.test_plot_util.TestPlotUtil" name="test_sqrt" file="test/test_Plots/test_plot_util.py" line="13" time="0.001" /><testcase classname="test.test_Plots.test_plot_util.TestPlotUtil" name="test_scale_bar" file="test/test_Plots/test_plot_util.py" line="18" time="0.018" /><testcase classname="test.test_Plots.test_plot_util.TestPlotUtil" name="test_source_position_plot" file="test/test_Plots/test_plot_util.py" line="28" time="0.009" /><testcase classname="test.test_Plots.test_plot_util.TestPlotUtil" name="test_result_string" file="test/test_Plots/test_plot_util.py" line="56" time="0.007" /><testcase classname="test.test_Plots.test_plot_util.TestPlotUtil" name="test_cmap_conf" file="test/test_Plots/test_plot_util.py" line="62" time="0.001" /><testcase classname="test.test_Plots.test_plot_util.TestPlotUtil" name="test_plot_line_set" file="test/test_Plots/test_plot_util.py" line="67" time="0.032" /><testcase classname="test.test_Plots.test_plot_util.TestPlotUtil" name="test_image_position_plot" file="test/test_Plots/test_plot_util.py" line="131" time="0.010" /><testcase classname="test.test_Plots.test_plot_util.TestPlotUtil" name="test_cmap_copy" file="test/test_Plots/test_plot_util.py" line="161" time="0.001" /><testcase classname="test.test_Plots.test_tracer_plot.TestTracerPlot" name="test_tracer_plot" file="test/test_Plots/test_tracer_plot.py" line="230" time="0.211" /><testcase classname="test.test_PointSource.test_Types.test_lensed_position.TestLensedPosition" name="test_image_source_position" file="test/test_PointSource/test_Types/test_lensed_position.py" line="23" time="0.012" /><testcase classname="test.test_PointSource.test_Types.test_lensed_position.TestLensedPosition" name="test_image_amplitude" file="test/test_PointSource/test_Types/test_lensed_position.py" line="43" time="0.001" /><testcase classname="test.test_PointSource.test_Types.test_lensed_position.TestLensedPosition" name="test_source_amplitude" file="test/test_PointSource/test_Types/test_lensed_position.py" line="73" time="0.001" /><testcase classname="test.test_PointSource.test_Types.test_ps_base.TestPSBase" name="test_update_lens_model" file="test/test_PointSource/test_Types/test_ps_base.py" line="16" time="0.000" /><testcase classname="test.test_PointSource.test_Types.test_ps_base.TestUtil" name="test_expand_to_array" file="test/test_PointSource/test_Types/test_ps_base.py" line="30" time="0.000" /><testcase classname="test.test_PointSource.test_Types.test_ps_base.TestUtil" name="test_shrink_array" file="test/test_PointSource/test_Types/test_ps_base.py" line="50" time="0.000" /><testcase classname="test.test_PointSource.test_Types.test_ps_base.TestRaise" name="test_raise" file="test/test_PointSource/test_Types/test_ps_base.py" line="71" time="0.001" /><testcase classname="test.test_PointSource.test_Types.test_source_position.TestLensedPosition" name="test_image_position" file="test/test_PointSource/test_Types/test_source_position.py" line="15" time="0.010" /><testcase classname="test.test_PointSource.test_Types.test_source_position.TestLensedPosition" name="test_source_position" file="test/test_PointSource/test_Types/test_source_position.py" line="23" time="0.001" /><testcase classname="test.test_PointSource.test_Types.test_source_position.TestLensedPosition" name="test_image_amplitude" file="test/test_PointSource/test_Types/test_source_position.py" line="30" time="0.021" /><testcase classname="test.test_PointSource.test_Types.test_source_position.TestLensedPosition" name="test_source_amplitude" file="test/test_PointSource/test_Types/test_source_position.py" line="72" time="0.010" /><testcase classname="test.test_PointSource.test_Types.test_unlensed.TestUnlensed" name="test_image_position" file="test/test_PointSource/test_Types/test_unlensed.py" line="10" time="0.001" /><testcase classname="test.test_PointSource.test_Types.test_unlensed.TestUnlensed" name="test_source_position" file="test/test_PointSource/test_Types/test_unlensed.py" line="15" time="0.001" /><testcase classname="test.test_PointSource.test_Types.test_unlensed.TestUnlensed" name="test_image_amplitude" file="test/test_PointSource/test_Types/test_unlensed.py" line="20" time="0.000" /><testcase classname="test.test_PointSource.test_Types.test_unlensed.TestUnlensed" name="test_source_amplitude" file="test/test_PointSource/test_Types/test_unlensed.py" line="31" time="0.001" /><testcase classname="test.test_PointSource.test_point_source.TestPointSource" name="test_image_position" file="test/test_PointSource/test_point_source.py" line="56" time="0.007" /><testcase classname="test.test_PointSource.test_point_source.TestPointSource" name="test_source_position" file="test/test_PointSource/test_point_source.py" line="74" time="0.002" /><testcase classname="test.test_PointSource.test_point_source.TestPointSource" name="test_num_basis" file="test/test_PointSource/test_point_source.py" line="82" time="0.003" /><testcase classname="test.test_PointSource.test_point_source.TestPointSource" name="test_linear_response_set" file="test/test_PointSource/test_point_source.py" line="86" time="0.006" /><testcase classname="test.test_PointSource.test_point_source.TestPointSource" name="test_linear_param_from_kwargs" file="test/test_PointSource/test_point_source.py" line="103" time="0.002" /><testcase classname="test.test_PointSource.test_point_source.TestPointSource" name="test_point_source_list" file="test/test_PointSource/test_point_source.py" line="108" time="0.003" /><testcase classname="test.test_PointSource.test_point_source.TestPointSource" name="test_point_source_amplitude" file="test/test_PointSource/test_point_source.py" line="123" time="0.004" /><testcase classname="test.test_PointSource.test_point_source.TestPointSource" name="test_set_save_cache" file="test/test_PointSource/test_point_source.py" line="127" time="0.002" /><testcase classname="test.test_PointSource.test_point_source.TestPointSource" name="test_update_lens_model" file="test/test_PointSource/test_point_source.py" line="134" time="0.041" /><testcase classname="test.test_PointSource.test_point_source.TestPointSource" name="test_set_amplitudes" file="test/test_PointSource/test_point_source.py" line="143" time="0.002" /><testcase classname="test.test_PointSource.test_point_source.TestPointSource" name="test_update_search_window" file="test/test_PointSource/test_point_source.py" line="152" time="0.002" /><testcase classname="test.test_PointSource.test_point_source.TestPointSource" name="test__sort_position_by_original" file="test/test_PointSource/test_point_source.py" line="213" time="0.002" /><testcase classname="test.test_PointSource.test_point_source.TestPointSourceFixedMag" name="test_image_position" file="test/test_PointSource/test_point_source.py" line="266" time="0.004" /><testcase classname="test.test_PointSource.test_point_source.TestPointSourceFixedMag" name="test_source_position" file="test/test_PointSource/test_point_source.py" line="274" time="0.002" /><testcase classname="test.test_PointSource.test_point_source.TestPointSourceFixedMag" name="test_num_basis" file="test/test_PointSource/test_point_source.py" line="282" time="0.003" /><testcase classname="test.test_PointSource.test_point_source.TestPointSourceFixedMag" name="test_linear_response_set" file="test/test_PointSource/test_point_source.py" line="286" time="0.006" /><testcase classname="test.test_PointSource.test_point_source.TestPointSourceFixedMag" name="test_point_source_list" file="test/test_PointSource/test_point_source.py" line="307" time="0.005" /><testcase classname="test.test_PointSource.test_point_source.TestPointSourceFixedMag" name="test_check_image_positions" file="test/test_PointSource/test_point_source.py" line="321" time="0.113" /><testcase classname="test.test_PointSource.test_point_source.TestPointSourceFixedMag" name="test_set_amplitudes" file="test/test_PointSource/test_point_source.py" line="336" time="0.002" /><testcase classname="test.test_PointSource.test_point_source.TestPointSourceFixedMag" name="test_positive_flux" file="test/test_PointSource/test_point_source.py" line="343" time="0.003" /><testcase classname="test.test_PointSource.test_point_source.TestRaise" name="test_raise" file="test/test_PointSource/test_point_source.py" line="369" time="0.001" /><testcase classname="test.test_PointSource.test_point_source_cached.TestPointSourceCached" name="test_image_position" file="test/test_PointSource/test_point_source_cached.py" line="13" time="0.001" /><testcase classname="test.test_PointSource.test_point_source_cached.TestPointSourceCached" name="test_source_position" file="test/test_PointSource/test_point_source_cached.py" line="33" time="0.001" /><testcase classname="test.test_PointSource.test_point_source_cached.TestPointSourceCached" name="test_image_amplitude" file="test/test_PointSource/test_point_source_cached.py" line="53" time="0.001" /><testcase classname="test.test_PointSource.test_point_source_cached.TestPointSourceCached" name="test_source_amplitude" file="test/test_PointSource/test_point_source_cached.py" line="66" time="0.001" /><testcase classname="test.test_PointSource.test_point_source_param.TestParam" name="test_get_setParams" file="test/test_PointSource/test_point_source_param.py" line="39" time="0.001" /><testcase classname="test.test_PointSource.test_point_source_param.TestParam" name="test_num_params" file="test/test_PointSource/test_point_source_param.py" line="52" time="0.001" /><testcase classname="test.test_PointSource.test_point_source_param.TestParam" name="test_num_param_linear" file="test/test_PointSource/test_point_source_param.py" line="59" time="0.000" /><testcase classname="test.test_PointSource.test_point_source_param.TestParam" name="test_init" file="test/test_PointSource/test_point_source_param.py" line="66" time="0.001" /><testcase classname="test.test_PointSource.test_point_source_param.TestRaise" name="test_raise" file="test/test_PointSource/test_point_source_param.py" line="74" time="0.001" /><testcase classname="test.test_Sampling.test_Likelihoods.test_flux_ratio_likelihood.TestFluxRatioLikelihood" name="test__logL" file="test/test_Sampling/test_Likelihoods/test_flux_ratio_likelihood.py" line="104" time="0.010" /><testcase classname="test.test_Sampling.test_Likelihoods.test_flux_ratio_likelihood.TestFluxRatioLikelihood" name="test_logL" file="test/test_Sampling/test_Likelihoods/test_flux_ratio_likelihood.py" line="115" time="0.006" /><testcase classname="test.test_Sampling.test_Likelihoods.test_flux_ratio_likelihood.TestFluxRatioLikelihood" name="test_numimgs" file="test/test_Sampling/test_Likelihoods/test_flux_ratio_likelihood.py" line="138" time="0.008" /><testcase classname="test.test_Sampling.test_Likelihoods.test_flux_ratio_likelihood.TestFluxRatioLikelihood" name="test_covmatrix" file="test/test_Sampling/test_Likelihoods/test_flux_ratio_likelihood.py" line="148" time="0.006" /><testcase classname="test.test_Sampling.test_Likelihoods.test_flux_ratio_likelihood.TestFluxRatioLikelihood" name="test_two_point_sources" file="test/test_Sampling/test_Likelihoods/test_flux_ratio_likelihood.py" line="155" time="0.007" /><testcase classname="test.test_Sampling.test_Likelihoods.test_image_likelihood.TestImageLikelihood" name="test_create_im_sim" file="test/test_Sampling/test_Likelihoods/test_image_likelihood.py" line="9" time="0.000" /><testcase classname="test.test_Sampling.test_Likelihoods.test_kinematic_2D_likelihood.TestKinLikelihood" name="test_logL" file="test/test_Sampling/test_Likelihoods/test_kinematic_2D_likelihood.py" line="131" time="0.003" /><testcase classname="test.test_Sampling.test_Likelihoods.test_kinematic_2D_likelihood.TestKinLikelihood" name="test_convert_to_nn_params" file="test/test_Sampling/test_Likelihoods/test_kinematic_2D_likelihood.py" line="215" time="0.002" /><testcase classname="test.test_Sampling.test_Likelihoods.test_kinematic_2D_likelihood.TestKinLikelihood" name="test_rescale_distance" file="test/test_Sampling/test_Likelihoods/test_kinematic_2D_likelihood.py" line="275" time="0.002" /><testcase classname="test.test_Sampling.test_Likelihoods.test_kinematic_2D_likelihood.TestKinLikelihood" name="test_convert_kwargs_to_kinnalign_input" file="test/test_Sampling/test_Likelihoods/test_kinematic_2D_likelihood.py" line="305" time="0.002" /><testcase classname="test.test_Sampling.test_Likelihoods.test_kinematic_2D_likelihood.TestKinLikelihood" name="test_auto_binning" file="test/test_Sampling/test_Likelihoods/test_kinematic_2D_likelihood.py" line="311" time="0.004" /><testcase classname="test.test_Sampling.test_Likelihoods.test_kinematic_NN_call.TestKinNNCall" name="test_generate_map" file="test/test_Sampling/test_Likelihoods/test_kinematic_NN_call.py" line="24" time="0.001" /><testcase classname="test.test_Sampling.test_Likelihoods.test_kinematic_NN_call.TestKinNNCall" name="test_check_bounds" file="test/test_Sampling/test_Likelihoods/test_kinematic_NN_call.py" line="34" time="0.001" /><testcase classname="test.test_Sampling.test_Likelihoods.test_kinematic_NN_call.TestKinNNCall" name="test_plot_map" file="test/test_Sampling/test_Likelihoods/test_kinematic_NN_call.py" line="71" time="0.001" /><testcase classname="test.test_Sampling.test_Likelihoods.test_position_likelihood.TestPositionLikelihood" name="test_raises" file="test/test_Sampling/test_Likelihoods/test_position_likelihood.py" line="111" time="0.086" /><testcase classname="test.test_Sampling.test_Likelihoods.test_position_likelihood.TestPositionLikelihood" name="test_image_position_likelihood" file="test/test_Sampling/test_Likelihoods/test_position_likelihood.py" line="133" time="0.082" /><testcase classname="test.test_Sampling.test_Likelihoods.test_position_likelihood.TestPositionLikelihood" name="test_astrometric_likelihood" file="test/test_Sampling/test_Likelihoods/test_position_likelihood.py" line="151" time="0.086" /><testcase classname="test.test_Sampling.test_Likelihoods.test_position_likelihood.TestPositionLikelihood" name="test_check_additional_images" file="test/test_Sampling/test_Likelihoods/test_position_likelihood.py" line="177" time="0.095" /><testcase classname="test.test_Sampling.test_Likelihoods.test_position_likelihood.TestPositionLikelihood" name="test_solver_penalty" file="test/test_Sampling/test_Likelihoods/test_position_likelihood.py" line="193" time="0.085" /><testcase classname="test.test_Sampling.test_Likelihoods.test_position_likelihood.TestPositionLikelihood" name="test_logL" file="test/test_Sampling/test_Likelihoods/test_position_likelihood.py" line="215" time="0.082" /><testcase classname="test.test_Sampling.test_Likelihoods.test_position_likelihood.TestPositionLikelihood" name="test_source_position_likelihood" file="test/test_Sampling/test_Likelihoods/test_position_likelihood.py" line="226" time="0.088" /><testcase classname="test.test_Sampling.test_Likelihoods.test_position_likelihood.TestPositionLikelihood" name="test_multiplane_position_likelihood" file="test/test_Sampling/test_Likelihoods/test_position_likelihood.py" line="240" time="0.087" /><testcase classname="test.test_Sampling.test_Likelihoods.test_position_likelihood.TestPositionLikelihood" name="test_cosmology_shift_mp" file="test/test_Sampling/test_Likelihoods/test_position_likelihood.py" line="267" time="0.087" /><testcase classname="test.test_Sampling.test_Likelihoods.test_position_likelihood.TestPositionLikelihood" name="test_cosmology_shift_sp" file="test/test_Sampling/test_Likelihoods/test_position_likelihood.py" line="287" time="0.080" /><testcase classname="test.test_Sampling.test_Likelihoods.test_prior_likelihood.TestImageLikelihood" name="test_logL" file="test/test_Sampling/test_Likelihoods/test_prior_likelihood.py" line="23" time="0.001" /><testcase classname="test.test_Sampling.test_Likelihoods.test_prior_likelihood.TestImageLikelihood" name="test_logL_lognormal" file="test/test_Sampling/test_Likelihoods/test_prior_likelihood.py" line="46" time="0.000" /><testcase classname="test.test_Sampling.test_Likelihoods.test_prior_likelihood.TestImageLikelihood" name="test_kde_prior" file="test/test_Sampling/test_Likelihoods/test_prior_likelihood.py" line="72" time="0.011" /><testcase classname="test.test_Sampling.test_Likelihoods.test_time_delay_likelihood.TestTimeDelayLikelihood" name="test_logL" file="test/test_Sampling/test_Likelihoods/test_time_delay_likelihood.py" line="71" time="0.010" /><testcase classname="test.test_Sampling.test_Likelihoods.test_time_delay_likelihood.TestTimeDelayLikelihood" name="test_two_point_sources" file="test/test_Sampling/test_Likelihoods/test_time_delay_likelihood.py" line="155" time="0.009" /><testcase classname="test.test_Sampling.test_Likelihoods.test_time_delay_likelihood.TestTimeDelayLikelihood" name="test_multiplane" file="test/test_Sampling/test_Likelihoods/test_time_delay_likelihood.py" line="308" time="0.100" /><testcase classname="test.test_Sampling.test_Pool.test_pool.TestPool" name="test_choose_pool" file="test/test_Sampling/test_Pool/test_pool.py" line="9" time="0.069" /><testcase classname="test.test_Sampling.test_Samplers.test_base_nested_sampler.TestNestedSampler" name="test_sampler" file="test/test_Sampling/test_Samplers/test_base_nested_sampler.py" line="28" time="0.005" /><testcase classname="test.test_Sampling.test_Samplers.test_base_nested_sampler.TestNestedSampler" name="test_sampler_init" file="test/test_Sampling/test_Samplers/test_base_nested_sampler.py" line="36" time="0.003" /><testcase classname="test.test_Sampling.test_Samplers.test_base_nested_sampler.TestNestedSampler" name="test_prior" file="test/test_Sampling/test_Samplers/test_base_nested_sampler.py" line="52" time="0.003" /><testcase classname="test.test_Sampling.test_Samplers.test_base_nested_sampler.TestNestedSampler" name="test_log_likelihood" file="test/test_Sampling/test_Samplers/test_base_nested_sampler.py" line="61" time="0.004" /><testcase classname="test.test_Sampling.test_Samplers.test_cobaya_sampler.TestCobayaSampler" name="test_sampler" file="test/test_Sampling/test_Samplers/test_cobaya_sampler.py" line="30" time="0.003"><failure message="ModuleNotFoundError: No module named 'cobaya'">self = &lt;test.test_Sampling.test_Samplers.test_cobaya_sampler.TestCobayaSampler object at 0x7ab315c73340&gt;
import_fixture = (&lt;lenstronomy.Sampling.Samplers.cobaya_sampler.CobayaSampler object at 0x7ab34aeaedd0&gt;, &lt;lenstronomy.Sampling.likelihood.LikelihoodModule object at 0x7ab34ae80280&gt;, array([1.]), array([0.1]))

    def test_sampler(self, import_fixture):
        """Function to test the sampler."""
        # test the sampler
        sampler, likelihood, means, sigmas = import_fixture
    
        test_cobaya = {"Rminus1_stop": 100}
    
&gt;       updated_info, sampler_name, best_fit_values = sampler.run(**test_cobaya)

test/test_Sampling/test_Samplers/test_cobaya_sampler.py:38: 
_ _ _ _ _ _ _ _ _ _ _ _ _ _ _ _ _ _ _ _ _ _ _ _ _ _ _ _ _ _ _ _ _ _ _ _ _ 

self = &lt;lenstronomy.Sampling.Samplers.cobaya_sampler.CobayaSampler object at 0x7ab34aeaedd0&gt;
kwargs = {'Rminus1_stop': 100, 'mpi': False}
likelihood_for_cobaya = &lt;function CobayaSampler.run.&lt;locals&gt;.likelihood_for_cobaya at 0x7ab34ae285e0&gt;
info = {'force': True, 'likelihood': {'lenstronomy_likelihood': {'external': &lt;function CobayaSampler.run.&lt;locals&gt;.likelihood_...loat64(1.2), 'min': np.float64(0.8)}, 'ref': {'dist': 'norm', 'loc': np.float64(1.0), 'scale': np.float64(0.1)}}}, ...}
mcmc_kwargs = {'Rminus1_cl_level': 0.95, 'Rminus1_cl_stop': 0.2, 'Rminus1_single_split': 4, 'Rminus1_stop': 100, ...}

    def run(self, **kwargs):
        """
        :param kwargs: dictionary of keyword arguments for Cobaya. kwargs that can be passed are:
        'proposal_widths' (standard deviation of the Gaussian from which initial point is drawn, list or dict),
        'latex' (list of LaTeX lables for params),
        'path' (where products will be saved, string),
        'force_overwrite' (whether or not to overwite previous products with the same name, bool) and
        'mpi' (to run in MPI mode, bool).
        Furthermore, all the cobaya-native kwargs for the mcmc sampler listed in the docs are available: https://cobaya.readthedocs.io/en/latest/sampler_mcmc.html#options-and-defaults
        except 'drag' and 'blocking', since there is no obvious parameter speed hierarchy in a strong lensing likelihood.
        If none of these kwargs are passed, the default values/settings will be used.
        """
    
        sampled_params = self._param_names
    
        # add the priors to the sampled_params
        # currently a uniform prior is hardcoded for all params
        # cobaya allows any 1D continuous dist in scipy.stats; thinking how to implement this here
        sampled_params = {
            k: {
                "prior": {
                    "dist": "uniform",
                    "min": self._lower_limit[i],
                    "max": self._upper_limit[i],
                }
            }
            for k, i in zip(sampled_params, range(len(sampled_params)))
        }
    
        # add reference values to start chain close to expected best fit
        # this hardcodes a Gaussian and uses the sigma_kwargs passed by the user
        # again cobaya allows any 1D continous distribution; thinking how to implement this
        # tricky with current info internal in lenstronomy
        [
            sampled_params[k].update(
                {
                    "ref": {
                        "dist": "norm",
                        "loc": self._mean_start[i],
                        "scale": self._sigma_start[i],
                    }
                }
            )
            for k, i in zip(sampled_params.keys(), range(len(sampled_params)))
        ]
    
        # add proposal widths
        # first check if proposal_widths has been passed
        if "proposal_widths" not in kwargs:
            pass
        else:
            # check if what's been passed is dict
            if isinstance(kwargs["proposal_widths"], dict):
                # if yes, convert to list
                props = list(kwargs["proposal_widths"].values())
            elif isinstance(kwargs["proposal_widths"], list):
                # if no and it's a list, do nothing
                props = kwargs["proposal_widths"]
            else:
                # if no and not a list, raise TypeError
                raise TypeError(
                    "Proposal widths must be a list of floats or a dictionary of parameters and floats."
                )
            # check the right number of values are present
            if len(props) != len(sampled_params.keys()):
                # if not, raise ValueError
                raise ValueError(
                    "You must provide the same number of proposal widths as sampled parameters."
                )
            # update sampled_params dict with proposal widths
            [
                sampled_params[k].update({"proposal": props[i]})
                for k, i in zip(sampled_params.keys(), range(len(props)))
            ]
    
        # add LaTeX labels so lenstronomy kwarg names don't break getdist plotting
        # first check if the labels have been passed
        if "latex" not in kwargs:
            # if not, print a warning
            print(
                "No LaTeX labels provided: manually edit the updated.yaml file to avoid lenstronomy labels breaking GetDist."
            )
            pass
        else:
            latex = kwargs["latex"]
            # check the right number of labels are present
            if len(latex) != len(sampled_params.keys()):
                # if not, raise ValueError
                raise ValueError(
                    "You must provide the same number of labels as sampled parameters."
                )
            # update sampled_params dict with labels
            [
                sampled_params[k].update({"latex": latex[i]})
                for k, i in zip(sampled_params.keys(), range(len(latex)))
            ]
    
        def likelihood_for_cobaya(**kwargs):
            """We define a function to return the log-likelihood; this function is
            passed to Cobaya. The function must be nested within the run() function for
            it to work properly.
    
            :param kwargs: dictionary of keyword arguments
            """
            current_input_values = [kwargs[p] for p in sampled_params]
            logp = self._likelihood_module.likelihood(current_input_values)
            return logp
    
        # gather all the information to pass to cobaya, starting with the likelihood
        info = {
            "likelihood": {
                "lenstronomy_likelihood": {
                    "external": likelihood_for_cobaya,
                    "input_params": sampled_params,
                }
            }
        }
    
        # for the above, can we do an args2kwargs for the 'output_params' key?? might bypass plotting issue
    
        # parameter info
        info["params"] = sampled_params
    
        # get all the kwargs for the mcmc sampler in cobaya
        # if not present, passes a default value (most taken from cobaya docs)
        # note: parameter blocking and drag kwargs not provided because speed hierarchy not possible in strong lensing likelihoods
    
        mcmc_kwargs = {
            "burn_in": kwargs.get("burn_in", 0),
            "max_tries": kwargs.get("max_tries", 100 * self._num_params),
            "covmat": kwargs.get("covmat", None),
            "proposal_scale": kwargs.get("proposal_scale", 1),
            "output_every": kwargs.get("output_every", 500),
            "learn_every": kwargs.get("learn_every", 40 * self._num_params),
            "learn_proposal": kwargs.get("learn_proposal", True),
            "learn_proposal_Rminus1_max": kwargs.get("learn_proposal_Rminus1_max", 2),
            "learn_proposal_Rminus1_max_early": kwargs.get(
                "learn_proposal_Rminus1_max_early", 30
            ),
            "learn_proposal_Rminus1_min": kwargs.get("learn_proposal_Rminus1_min", 0),
            "max_samples": kwargs.get("max_samples", np.inf),
            "Rminus1_stop": kwargs.get("Rminus1_stop", 0.01),
            "Rminus1_cl_stop": kwargs.get("Rminus1_cl_stop", 0.2),
            "Rminus1_cl_level": kwargs.get("Rminus1_cl_level", 0.95),
            "Rminus1_single_split": kwargs.get("Rminus1_single_split", 4),
            "measure_speeds": kwargs.get("measure_speeds", True),
            "oversample_power": kwargs.get("oversample_power", 0.4),
            "oversample_thin": kwargs.get("oversample_thin", True),
        }
    
        if "drag" in kwargs:
            raise ValueError(
                "Parameter dragging not possible in a strong lensing likelihood."
            )
    
        # select mcmc as the sampler and pass the relevant kwargs
        info["sampler"] = {"mcmc": mcmc_kwargs}
    
        # where the chains and other files will be saved
        if "path" not in kwargs:
            info["output"] = None
        else:
            info["output"] = kwargs["path"]
    
        # whether or not to overwrite previous chains with the same name (bool)
        if "force_overwrite" not in kwargs:
            info["force"] = True
        else:
            info["force"] = kwargs["force_overwrite"]
    
        # check for mpi
        if "mpi" not in kwargs:
            kwargs["mpi"] = False
    
        # run the sampler
        # we wrap the call to crun to make sure any MPI exceptions are caught properly
        # this ensures the entire run will be terminated if any individual process breaks
&gt;       from cobaya.run import run as crun
E       ModuleNotFoundError: No module named 'cobaya'

lenstronomy/Sampling/Samplers/cobaya_sampler.py:222: ModuleNotFoundError</failure></testcase><testcase classname="test.test_Sampling.test_Samplers.test_dynesty_sampler.TestDynestySampler" name="test_sampler" file="test/test_Sampling/test_Samplers/test_dynesty_sampler.py" line="37" time="1.038" /><testcase classname="test.test_Sampling.test_Samplers.test_dynesty_sampler.TestDynestySampler" name="test_sampler_init" file="test/test_Sampling/test_Samplers/test_dynesty_sampler.py" line="49" time="0.003" /><testcase classname="test.test_Sampling.test_Samplers.test_dynesty_sampler.TestDynestySampler" name="test_prior" file="test/test_Sampling/test_Samplers/test_dynesty_sampler.py" line="65" time="0.003" /><testcase classname="test.test_Sampling.test_Samplers.test_dynesty_sampler.TestDynestySampler" name="test_log_likelihood" file="test/test_Sampling/test_Samplers/test_dynesty_sampler.py" line="77" time="0.003" /><testcase classname="test.test_Sampling.test_Samplers.test_multinest_sampler.TestMultiNestSampler" name="test_sampler" file="test/test_Sampling/test_Samplers/test_multinest_sampler.py" line="50" time="0.005" /><testcase classname="test.test_Sampling.test_Samplers.test_multinest_sampler.TestMultiNestSampler" name="test_sampler_init" file="test/test_Sampling/test_Samplers/test_multinest_sampler.py" line="68" time="0.004" /><testcase classname="test.test_Sampling.test_Samplers.test_multinest_sampler.TestMultiNestSampler" name="test_prior" file="test/test_Sampling/test_Samplers/test_multinest_sampler.py" line="92" time="0.004" /><testcase classname="test.test_Sampling.test_Samplers.test_multinest_sampler.TestMultiNestSampler" name="test_log_likelihood" file="test/test_Sampling/test_Samplers/test_multinest_sampler.py" line="110" time="0.005" /><testcase classname="test.test_Sampling.test_Samplers.test_nautilus_sampler.TestNautilusSampler" name="test_sampler" file="test/test_Sampling/test_Samplers/test_nautilus_sampler.py" line="27" time="0.003"><error message="failed on setup with &quot;AttributeError: 'NautilusSampler' object has no attribute '_nautilus'&quot;">simple_einstein_ring_likelihood_2d = (&lt;lenstronomy.Sampling.likelihood.LikelihoodModule object at 0x7ab34db7f040&gt;, {'kwargs_lens': [{'center_x': 0, 'center...nter_x': 0, 'center_y': 0, ...}], 'kwargs_source': [{'R_sersic': 0.6, 'amp': 1.0, 'center_x': 0, 'center_y': 0, ...}]})

    @pytest.fixture
    def import_fixture(simple_einstein_ring_likelihood_2d):
        """
    
        :param simple_einstein_ring_likelihood_2d: fixture
        :return:
        """
        likelihood, kwargs_truths = simple_einstein_ring_likelihood_2d
&gt;       sampler = NautilusSampler(likelihood_module=likelihood)

test/test_Sampling/test_Samplers/test_nautilus_sampler.py:18: 
_ _ _ _ _ _ _ _ _ _ _ _ _ _ _ _ _ _ _ _ _ _ _ _ _ _ _ _ _ _ _ _ _ _ _ _ _ 

self = &lt;lenstronomy.Sampling.Samplers.nautilus_sampler.NautilusSampler object at 0x7ab34db7d360&gt;
likelihood_module = &lt;lenstronomy.Sampling.likelihood.LikelihoodModule object at 0x7ab34db7f040&gt;
prior_type = 'uniform', prior_means = None, prior_sigmas = None
width_scale = 1, sigma_scale = 1, mpi = False, kwargs = {}

    def __init__(
        self,
        likelihood_module,
        prior_type="uniform",
        prior_means=None,
        prior_sigmas=None,
        width_scale=1,
        sigma_scale=1,
        mpi=False,
        **kwargs
    ):
        """
        :param likelihood_module: likelihood_module like in likelihood.py (should be callable)
        :param prior_type: 'uniform' of 'gaussian', for converting the unit hypercube to param cube
        :param prior_means: if prior_type is 'gaussian', mean for each param
        :param prior_sigmas: if prior_type is 'gaussian', std dev for each param
        :param width_scale: scale the widths of the parameters space by this factor
        :param sigma_scale: if prior_type is 'gaussian', scale the gaussian sigma by this factor
        :param mpi: Use MPI computing if `True`
        :param kwargs: kwargs directly passed to Sampler
        """
        self._check_install()
        super(NautilusSampler, self).__init__(
            likelihood_module,
            prior_type,
            prior_means,
            prior_sigmas,
            width_scale,
            sigma_scale,
        )
    
        if mpi:
            from schwimmbad import MPIPool
            import sys
    
            # use_dill=True not supported for some versions of schwimmbad
            pool = MPIPool(use_dill=True)
            if not pool.is_master():
                pool.wait()
                sys.exit(0)
            kwargs["pool"] = pool
    
&gt;       keys = [p.name for p in signature(self._nautilus.Sampler).parameters.values()]
E       AttributeError: 'NautilusSampler' object has no attribute '_nautilus'

lenstronomy/Sampling/Samplers/nautilus_sampler.py:59: AttributeError</error></testcase><testcase classname="test.test_Sampling.test_Samplers.test_polychord_sampler.TestDyPolyChordSampler" name="test_sampler" file="test/test_Sampling/test_Samplers/test_polychord_sampler.py" line="60" time="0.005" /><testcase classname="test.test_Sampling.test_Samplers.test_polychord_sampler.TestDyPolyChordSampler" name="test_sampler_init" file="test/test_Sampling/test_Samplers/test_polychord_sampler.py" line="77" time="0.004" /><testcase classname="test.test_Sampling.test_Samplers.test_polychord_sampler.TestDyPolyChordSampler" name="test_prior" file="test/test_Sampling/test_Samplers/test_polychord_sampler.py" line="101" time="0.005" /><testcase classname="test.test_Sampling.test_Samplers.test_polychord_sampler.TestDyPolyChordSampler" name="test_log_likelihood" file="test/test_Sampling/test_Samplers/test_polychord_sampler.py" line="113" time="0.005" /><testcase classname="test.test_Sampling.test_Samplers.test_polychord_sampler.TestDyPolyChordSampler" name="test_write_equal_weights" file="test/test_Sampling/test_Samplers/test_polychord_sampler.py" line="123" time="0.005" /><testcase classname="test.test_Sampling.test_Samplers.test_pso.TestParticleSwarmOptimizer" name="test_particle" file="test/test_Sampling/test_Samplers/test_pso.py" line="28" time="0.001" /><testcase classname="test.test_Sampling.test_Samplers.test_pso.TestParticleSwarmOptimizer" name="test_setup" file="test/test_Sampling/test_Samplers/test_pso.py" line="52" time="0.001" /><testcase classname="test.test_Sampling.test_Samplers.test_pso.TestParticleSwarmOptimizer" name="test_optimize" file="test/test_Sampling/test_Samplers/test_pso.py" line="78" time="0.005" /><testcase classname="test.test_Sampling.test_Samplers.test_pso.TestParticleSwarmOptimizer" name="test_sample" file="test/test_Sampling/test_Samplers/test_pso.py" line="112" time="0.114" /><testcase classname="test.test_Sampling.test_likelihood.TestLikelihoodModule" name="test_logL" file="test/test_Sampling/test_likelihood.py" line="184" time="0.016" /><testcase classname="test.test_Sampling.test_likelihood.TestLikelihoodModule" name="test_time_delay_likelihood" file="test/test_Sampling/test_likelihood.py" line="197" time="0.014" /><testcase classname="test.test_Sampling.test_likelihood.TestLikelihoodModule" name="test_kin_likelihood" file="test/test_Sampling/test_likelihood.py" line="218" time="0.009" /><testcase classname="test.test_Sampling.test_likelihood.TestLikelihoodModule" name="test_check_bounds" file="test/test_Sampling/test_likelihood.py" line="353" time="0.008" /><testcase classname="test.test_Sampling.test_likelihood.TestLikelihoodModule" name="test_pixelbased_modelling" file="test/test_Sampling/test_likelihood.py" line="359" time="0.010"><failure message="ModuleNotFoundError: No module named 'slitronomy'">self = &lt;test.test_Sampling.test_likelihood.TestLikelihoodModule object at 0x7ab315ccd4b0&gt;

    def test_pixelbased_modelling(self):
        ss_source = 2
        numPix_source = self.numPix * ss_source
        n_scales = 3
        kwargs_pixelbased = {
            "source_interpolation": "nearest",
            "supersampling_factor_source": ss_source,  # supersampling of pixelated source grid
            # following choices are to minimize pixel solver runtime (not to get accurate reconstruction!)
            "threshold_decrease_type": "none",
            "num_iter_source": 2,
            "num_iter_lens": 2,
            "num_iter_global": 2,
            "num_iter_weights": 2,
        }
        kwargs_likelihood = {
            "image_likelihood": True,
            "kwargs_pixelbased": kwargs_pixelbased,
            "check_positive_flux": True,  # effectively not applied, activated for code coverage purposes
        }
        kernel = PSF(**self.kwargs_psf).kernel_point_source
        kwargs_psf = {"psf_type": "PIXEL", "kernel_point_source": kernel}
        kwargs_numerics = {"supersampling_factor": 1}
        kwargs_data = {
            "multi_band_list": [[self.kwargs_band, kwargs_psf, kwargs_numerics]]
        }
        kwargs_model = {
            "lens_model_list": ["SPEP"],
            "lens_light_model_list": ["SLIT_STARLETS"],
            "source_light_model_list": ["SLIT_STARLETS"],
        }
    
        kwargs_fixed_source = [
            {
                "n_scales": n_scales,
                "n_pixels": numPix_source**2,
                "scale": 1,
                "center_x": 0,
                "center_y": 0,
            }
        ]
        kwargs_fixed_lens_light = [
            {
                "n_scales": n_scales,
                "n_pixels": self.numPix**2,
                "scale": 1,
                "center_x": 0,
                "center_y": 0,
            }
        ]
        kwargs_constraints = {"source_grid_offset": True}
        param_class = Param(
            kwargs_model,
            kwargs_fixed_source=kwargs_fixed_source,
            kwargs_fixed_lens_light=kwargs_fixed_lens_light,
            **kwargs_constraints,
        )
    
&gt;       likelihood = LikelihoodModule(
            kwargs_data_joint=kwargs_data,
            kwargs_model=kwargs_model,
            param_class=param_class,
            **kwargs_likelihood,
        )

test/test_Sampling/test_likelihood.py:417: 
_ _ _ _ _ _ _ _ _ _ _ _ _ _ _ _ _ _ _ _ _ _ _ _ _ _ _ _ _ _ _ _ _ _ _ _ _ 
lenstronomy/Sampling/likelihood.py:243: in __init__
    self._class_instances(
lenstronomy/Sampling/likelihood.py:306: in _class_instances
    self.image_likelihood = ImageLikelihood(
lenstronomy/Sampling/Likelihoods/image_likelihood.py:40: in __init__
    self.imSim = class_creator.create_im_sim(
lenstronomy/Util/class_creator.py:393: in create_im_sim
    multiband = MultiLinear(
lenstronomy/ImSim/MultiBand/multi_linear.py:49: in __init__
    imageModel = SingleBandMultiModel(
lenstronomy/ImSim/MultiBand/single_band_multi_model.py:93: in __init__
    imageClass.__init__(
lenstronomy/ImSim/image_linear_solve.py:50: in __init__
    super(ImageLinearFit, self).__init__(
_ _ _ _ _ _ _ _ _ _ _ _ _ _ _ _ _ _ _ _ _ _ _ _ _ _ _ _ _ _ _ _ _ _ _ _ _ 

self = &lt;lenstronomy.ImSim.MultiBand.single_band_multi_model.SingleBandMultiModel object at 0x7ab34da774f0&gt;
data_class = &lt;lenstronomy.Data.imaging_data.ImageData object at 0x7ab34da77790&gt;
psf_class = &lt;lenstronomy.Data.psf.PSF object at 0x7ab34da74d90&gt;
lens_model_class = &lt;lenstronomy.LensModel.lens_model.LensModel object at 0x7ab34da77280&gt;
source_model_class = &lt;lenstronomy.LightModel.light_model.LightModel object at 0x7ab34da756f0&gt;
lens_light_model_class = &lt;lenstronomy.LightModel.light_model.LightModel object at 0x7ab34da75120&gt;
point_source_class = &lt;lenstronomy.PointSource.point_source.PointSource object at 0x7ab34da75ed0&gt;
extinction_class = &lt;lenstronomy.ImSim.differential_extinction.DifferentialExtinction object at 0x7ab34da76aa0&gt;
kwargs_numerics = {'supersampling_factor': 1}
likelihood_mask = array([[1., 1., 1., ..., 1., 1., 1.],
       [1., 1., 1., ..., 1., 1., 1.],
       [1., 1., 1., ..., 1., 1., 1.],
       ...,
       [1., 1., 1., ..., 1., 1., 1.],
       [1., 1., 1., ..., 1., 1., 1.],
       [1., 1., 1., ..., 1., 1., 1.]])
psf_error_map_bool_list = None, kwargs_pixelbased = {}

    def __init__(
        self,
        data_class,
        psf_class,
        lens_model_class=None,
        source_model_class=None,
        lens_light_model_class=None,
        point_source_class=None,
        extinction_class=None,
        kwargs_numerics=None,
        likelihood_mask=None,
        psf_error_map_bool_list=None,
        kwargs_pixelbased=None,
    ):
        """
        :param data_class: instance of ImageData() or PixelGrid() class
        :param psf_class: instance of PSF() class
        :param lens_model_class: instance of LensModel() class
        :param source_model_class: instance of LightModel() class describing the source parameters
        :param lens_light_model_class: instance of LightModel() class describing the lens light parameters
        :param point_source_class: instance of PointSource() class describing the point sources
        :param extinction_class: instance of DifferentialExtinction() class
        :param kwargs_numerics: keyword arguments with various numeric description (see ImageNumerics class for options)
        :param likelihood_mask: 2d boolean array of pixels to be counted in the likelihood calculation/linear
            optimization
        :param psf_error_map_bool_list: list of boolean of length of point source models.
            Indicates whether PSF error map is used for the point source model stated as the index.
        :param kwargs_pixelbased: keyword arguments with various settings related to the pixel-based solver
            (see SLITronomy documentation)
        """
    
        self.type = "single-band"
        self.num_bands = 1
        self.PSF = psf_class
        self.Data = data_class
        if hasattr(self.Data, "flux_scaling"):
            self._flux_scaling = self.Data.flux_scaling
        else:
            self._flux_scaling = 1
        self.PSF.set_pixel_size(self.Data.pixel_width)
        if kwargs_numerics is None:
            kwargs_numerics = {}
        self.ImageNumerics = NumericsSubFrame(
            pixel_grid=self.Data, psf=self.PSF, **kwargs_numerics
        )
        if lens_model_class is None:
            lens_model_class = LensModel(lens_model_list=[])
        self.LensModel = lens_model_class
        if point_source_class is None:
            point_source_class = PointSource(point_source_type_list=[])
        self.PointSource = point_source_class
        if self.PointSource._lens_model is None:
            self.PointSource.update_lens_model(lens_model_class=lens_model_class)
        x_center, y_center = self.Data.center
        search_window = np.max(self.Data.width)
        # either have the pixel resolution of the window resolved in 200x200 grid
        min_distance = min(self.Data.pixel_width, search_window / 200)
        self.PointSource.update_search_window(
            search_window=search_window,
            x_center=x_center,
            y_center=y_center,
            min_distance=min_distance,
            only_from_unspecified=True,
        )
        self._psf_error_map = self.PSF.psf_variance_map_bool
        if likelihood_mask is None:
            likelihood_mask = np.ones(data_class.num_pixel_axes)
        self.likelihood_mask = np.array(likelihood_mask, dtype=bool)
        self._mask1d = util.image2array(self.likelihood_mask)
    
        if source_model_class is None:
            source_model_class = LightModel(light_model_list=[])
        self.SourceModel = source_model_class
        if lens_light_model_class is None:
            lens_light_model_class = LightModel(light_model_list=[])
        self.LensLightModel = lens_light_model_class
        self._kwargs_numerics = kwargs_numerics
        if extinction_class is None:
            extinction_class = DifferentialExtinction(optical_depth_model=[])
        self._extinction = extinction_class
        if kwargs_pixelbased is None:
            kwargs_pixelbased = {}
        else:
            kwargs_pixelbased = kwargs_pixelbased.copy()
        self._pixelbased_bool = self._detect_pixelbased_models()
        if self._pixelbased_bool is True:
&gt;           from slitronomy.Util.class_util import (
                create_solver_class,
            )  # requirement on SLITronomy is exclusively here
E           ModuleNotFoundError: No module named 'slitronomy'

lenstronomy/ImSim/image_model.py:107: ModuleNotFoundError</failure></testcase><testcase classname="test.test_Sampling.test_likelihood.TestLikelihoodModule" name="test_multi_source_redshift_likelihood" file="test/test_Sampling/test_likelihood.py" line="437" time="0.036" /><testcase classname="test.test_Sampling.test_param_groups.TestParamGroup" name="test_single_param" file="test/test_Sampling/test_param_groups.py" line="27" time="0.001" /><testcase classname="test.test_Sampling.test_param_groups.TestParamGroup" name="test_array_param" file="test/test_Sampling/test_param_groups.py" line="44" time="0.000" /><testcase classname="test.test_Sampling.test_param_groups.TestParamGroup" name="test_compose" file="test/test_Sampling/test_param_groups.py" line="61" time="0.000" /><testcase classname="test.test_Sampling.test_parameters.TestParam" name="test_instantiate_with_profile_kwargs_list" file="test/test_Sampling/test_parameters.py" line="48" time="0.003" /><testcase classname="test.test_Sampling.test_parameters.TestParam" name="test_num_param" file="test/test_Sampling/test_parameters.py" line="87" time="0.002" /><testcase classname="test.test_Sampling.test_parameters.TestParam" name="test_num_param_linear" file="test/test_Sampling/test_parameters.py" line="120" time="0.002" /><testcase classname="test.test_Sampling.test_parameters.TestParam" name="test_get_params" file="test/test_Sampling/test_parameters.py" line="124" time="0.003" /><testcase classname="test.test_Sampling.test_parameters.TestParam" name="test_get_cosmo" file="test/test_Sampling/test_parameters.py" line="178" time="0.002" /><testcase classname="test.test_Sampling.test_parameters.TestParam" name="test_mass_scaling" file="test/test_Sampling/test_parameters.py" line="243" time="0.003" /><testcase classname="test.test_Sampling.test_parameters.TestParam" name="test_general_scaling" file="test/test_Sampling/test_parameters.py" line="307" time="0.003" /><testcase classname="test.test_Sampling.test_parameters.TestParam" name="test_joint_lens_with_light" file="test/test_Sampling/test_parameters.py" line="385" time="0.002" /><testcase classname="test.test_Sampling.test_parameters.TestParam" name="test_joint_lens_with_light_dict" file="test/test_Sampling/test_parameters.py" line="438" time="0.002" /><testcase classname="test.test_Sampling.test_parameters.TestParam" name="test_joint_source_with_point_source" file="test/test_Sampling/test_parameters.py" line="464" time="0.003" /><testcase classname="test.test_Sampling.test_parameters.TestParam" name="test_joint_lens_light_with_point_source" file="test/test_Sampling/test_parameters.py" line="517" time="0.002" /><testcase classname="test.test_Sampling.test_parameters.TestParam" name="test_logsampling" file="test/test_Sampling/test_parameters.py" line="549" time="0.002" /><testcase classname="test.test_Sampling.test_parameters.TestParam" name="test_with_solver" file="test/test_Sampling/test_parameters.py" line="578" time="0.006" /><testcase classname="test.test_Sampling.test_parameters.TestParam" name="test_num_point_source_images" file="test/test_Sampling/test_parameters.py" line="628" time="0.002" /><testcase classname="test.test_Sampling.test_parameters.TestParam" name="test_shapelet_lens" file="test/test_Sampling/test_parameters.py" line="632" time="0.002" /><testcase classname="test.test_Sampling.test_parameters.TestRaise" name="test_raise" file="test/test_Sampling/test_parameters.py" line="658" time="0.001" /><testcase classname="test.test_Sampling.test_sampler.TestSampler" name="test_pso" file="test/test_Sampling/test_sampler.py" line="134" time="0.007" /><testcase classname="test.test_Sampling.test_sampler.TestSampler" name="test_mcmc_emcee" file="test/test_Sampling/test_sampler.py" line="150" time="0.254" /><testcase classname="test.test_Sampling.test_sampler.TestSampler" name="test_mcmc_zeus" file="test/test_Sampling/test_sampler.py" line="195" time="0.003"><failure message="ModuleNotFoundError: No module named 'zeus'">self = &lt;test.test_Sampling.test_sampler.TestSampler object at 0x7ab315cf85b0&gt;

    def test_mcmc_zeus(self):
        n_walkers = 36
        n_run = 2
        n_burn = 2
        mean_start = self.param_class.kwargs2args(
            kwargs_lens=self.kwargs_lens,
            kwargs_source=self.kwargs_source,
            kwargs_lens_light=self.kwargs_lens_light,
        )
        sigma_start = np.ones_like(mean_start) * 0.1
&gt;       samples, dist = self.sampler.mcmc_zeus(
            n_walkers, n_run, n_burn, mean_start, sigma_start
        )

test/test_Sampling/test_sampler.py:206: 
_ _ _ _ _ _ _ _ _ _ _ _ _ _ _ _ _ _ _ _ _ _ _ _ _ _ _ _ _ _ _ _ _ _ _ _ _ 

self = &lt;lenstronomy.Sampling.sampler.Sampler object at 0x7ab34af31750&gt;
n_walkers = 36, n_run = 2, n_burn = 2
mean_start = array([1. , 1.8, 0.1, 0.1, 0. , 0. , 0.6, 3. , 0.1, 0.1, 0. , 0. , 0.1,
       2. , 0. , 0. ])
sigma_start = array([0.1, 0.1, 0.1, 0.1, 0.1, 0.1, 0.1, 0.1, 0.1, 0.1, 0.1, 0.1, 0.1,
       0.1, 0.1, 0.1])
mpi = False, threadCount = 1, progress = False, initpos = None
backend_filename = None, kwargs_zeus = {}

    def mcmc_zeus(
        self,
        n_walkers,
        n_run,
        n_burn,
        mean_start,
        sigma_start,
        mpi=False,
        threadCount=1,
        progress=False,
        initpos=None,
        backend_filename=None,
        **kwargs_zeus
    ):
        """
        Lightning fast MCMC with zeus: https://github.com/minaskar/zeus
    
        For the full list of arguments for the EnsembleSampler and callbacks, see see `the zeus docs &lt;https://zeus-mcmc.readthedocs.io/en/latest/api/sampler.html&gt;`_.
    
        If you use the zeus sampler, you should cite the following papers: 2105.03468, 2002.06212.
    
        :param n_walkers: number of walkers per parameter
        :type n_walkers: integer
        :param n_run: number of sampling steps
        :type n_run: integer
        :param n_burn: number of burn-in steps
        :type n_burn: integer
        :param mean_start: mean of the parameter position of the initialising sample
        :type mean_start: numpy array of length the number of parameters
        :param sigma_start: spread of the parameter values (uncorrelated in each dimension) of the initialising sample
        :type sigma_start: numpy array of length the number of parameters
        :param mpi: if True, initializes an MPIPool to allow for MPI execution of the sampler
        :type mpi: bool
        :param progress:
        :type progress: bool
        :param initpos: initial walker position to start sampling (optional)
        :type initpos: numpy array of size num param x num walkser
        :param backend_filename: name of the HDF5 file where sampling state is saved (through zeus callback function)
        :type backend_filename: string
        :return: samples, ln likelihood value of samples
        :rtype: numpy 2d array, numpy 1d array
        """
&gt;       import zeus
E       ModuleNotFoundError: No module named 'zeus'

lenstronomy/Sampling/sampler.py:283: ModuleNotFoundError</failure></testcase><testcase classname="test.test_Sampling.test_special_param.TestParam" name="test_get_setParams" file="test/test_Sampling/test_special_param.py" line="37" time="0.001" /><testcase classname="test.test_Sampling.test_special_param.TestParam" name="test_num_params" file="test/test_Sampling/test_special_param.py" line="69" time="0.001" /><testcase classname="test.test_Sampling.test_special_param.TestParam" name="test_distance_ratio_factors_beta" file="test/test_Sampling/test_special_param.py" line="73" time="0.001" /><testcase classname="test.test_Sampling.test_special_param.TestParam" name="test_cosmology_parameters" file="test/test_Sampling/test_special_param.py" line="117" time="0.001" /><testcase classname="test.test_Sampling.test_special_param.TestParam" name="test_mass_scaling" file="test/test_Sampling/test_special_param.py" line="138" time="0.001" /><testcase classname="test.test_Sampling.test_special_param.TestParam" name="test_delta_images" file="test/test_Sampling/test_special_param.py" line="158" time="0.000" /><testcase classname="test.test_Sampling.test_special_param.TestParam" name="test_source_grid_offsets" file="test/test_Sampling/test_special_param.py" line="172" time="0.001" /><testcase classname="test.test_Sampling.test_special_param.TestParam" name="test_general_scaling" file="test/test_Sampling/test_special_param.py" line="197" time="0.001" /><testcase classname="test.test_SimulationAPI.test_ObservationConfig.test_DES.TestDES" name="test_DES_camera" file="test/test_SimulationAPI/test_ObservationConfig/test_DES.py" line="60" time="0.001" /><testcase classname="test.test_SimulationAPI.test_ObservationConfig.test_DES.TestDES" name="test_DES_class" file="test/test_SimulationAPI/test_ObservationConfig/test_DES.py" line="43" time="0.000" /><testcase classname="test.test_SimulationAPI.test_ObservationConfig.test_DES.TestDES" name="test_DES_obs" file="test/test_SimulationAPI/test_ObservationConfig/test_DES.py" line="69" time="0.000" /><testcase classname="test.test_SimulationAPI.test_ObservationConfig.test_DES.TestDES" name="test_kwargs_single_band" file="test/test_SimulationAPI/test_ObservationConfig/test_DES.py" line="98" time="0.000" /><testcase classname="test.test_SimulationAPI.test_ObservationConfig.test_Euclid.TestEuclid" name="test_Euclid_camera" file="test/test_SimulationAPI/test_ObservationConfig/test_Euclid.py" line="48" time="0.000" /><testcase classname="test.test_SimulationAPI.test_ObservationConfig.test_Euclid.TestEuclid" name="test_Euclid_class" file="test/test_SimulationAPI/test_ObservationConfig/test_Euclid.py" line="31" time="0.000" /><testcase classname="test.test_SimulationAPI.test_ObservationConfig.test_Euclid.TestEuclid" name="test_Euclid_obs" file="test/test_SimulationAPI/test_ObservationConfig/test_Euclid.py" line="57" time="0.000" /><testcase classname="test.test_SimulationAPI.test_ObservationConfig.test_Euclid.TestEuclid" name="test_kwargs_single_band" file="test/test_SimulationAPI/test_ObservationConfig/test_Euclid.py" line="66" time="0.000" /><testcase classname="test.test_SimulationAPI.test_ObservationConfig.test_HST.TestHST" name="test_HST_camera" file="test/test_SimulationAPI/test_ObservationConfig/test_HST.py" line="52" time="0.000" /><testcase classname="test.test_SimulationAPI.test_ObservationConfig.test_HST.TestHST" name="test_HST_class" file="test/test_SimulationAPI/test_ObservationConfig/test_HST.py" line="37" time="0.000" /><testcase classname="test.test_SimulationAPI.test_ObservationConfig.test_HST.TestHST" name="test_HST_obs" file="test/test_SimulationAPI/test_ObservationConfig/test_HST.py" line="61" time="0.000" /><testcase classname="test.test_SimulationAPI.test_ObservationConfig.test_HST.TestHST" name="test_kwargs_single_band" file="test/test_SimulationAPI/test_ObservationConfig/test_HST.py" line="80" time="0.000" /><testcase classname="test.test_SimulationAPI.test_ObservationConfig.test_JWST.TestJWST" name="test_JWST_camera" file="test/test_SimulationAPI/test_ObservationConfig/test_JWST.py" line="67" time="0.001" /><testcase classname="test.test_SimulationAPI.test_ObservationConfig.test_JWST.TestJWST" name="test_JWST_class" file="test/test_SimulationAPI/test_ObservationConfig/test_JWST.py" line="52" time="0.000" /><testcase classname="test.test_SimulationAPI.test_ObservationConfig.test_JWST.TestJWST" name="test_JWST_obs" file="test/test_SimulationAPI/test_ObservationConfig/test_JWST.py" line="76" time="0.000" /><testcase classname="test.test_SimulationAPI.test_ObservationConfig.test_JWST.TestJWST" name="test_kwargs_single_band" file="test/test_SimulationAPI/test_ObservationConfig/test_JWST.py" line="115" time="0.000" /><testcase classname="test.test_SimulationAPI.test_ObservationConfig.test_LSST.TestLSST" name="test_LSST_camera" file="test/test_SimulationAPI/test_ObservationConfig/test_LSST.py" line="66" time="0.001" /><testcase classname="test.test_SimulationAPI.test_ObservationConfig.test_LSST.TestLSST" name="test_LSST_class" file="test/test_SimulationAPI/test_ObservationConfig/test_LSST.py" line="46" time="0.001" /><testcase classname="test.test_SimulationAPI.test_ObservationConfig.test_LSST.TestLSST" name="test_LSST_obs" file="test/test_SimulationAPI/test_ObservationConfig/test_LSST.py" line="75" time="0.001" /><testcase classname="test.test_SimulationAPI.test_ObservationConfig.test_LSST.TestLSST" name="test_kwargs_single_band" file="test/test_SimulationAPI/test_ObservationConfig/test_LSST.py" line="109" time="0.001" /><testcase classname="test.test_SimulationAPI.test_ObservationConfig.test_Roman.TestRoman" name="test_Roman_camera" file="test/test_SimulationAPI/test_ObservationConfig/test_Roman.py" line="87" time="0.001" /><testcase classname="test.test_SimulationAPI.test_ObservationConfig.test_Roman.TestRoman" name="test_Roman_class" file="test/test_SimulationAPI/test_ObservationConfig/test_Roman.py" line="53" time="0.000" /><testcase classname="test.test_SimulationAPI.test_ObservationConfig.test_Roman.TestRoman" name="test_Roman_obs" file="test/test_SimulationAPI/test_ObservationConfig/test_Roman.py" line="96" time="0.000" /><testcase classname="test.test_SimulationAPI.test_ObservationConfig.test_Roman.TestRoman" name="test_Roman_psf_pixel" file="test/test_SimulationAPI/test_ObservationConfig/test_Roman.py" line="135" time="0.004" /><testcase classname="test.test_SimulationAPI.test_ObservationConfig.test_Roman.TestRoman" name="test_kwargs_single_band" file="test/test_SimulationAPI/test_ObservationConfig/test_Roman.py" line="150" time="0.001" /><testcase classname="test.test_SimulationAPI.test_ObservationConfig.test_ZTF.TestZTF" name="test_ZTF_camera" file="test/test_SimulationAPI/test_ObservationConfig/test_ZTF.py" line="54" time="0.001" /><testcase classname="test.test_SimulationAPI.test_ObservationConfig.test_ZTF.TestZTF" name="test_ZTF_class" file="test/test_SimulationAPI/test_ObservationConfig/test_ZTF.py" line="37" time="0.000" /><testcase classname="test.test_SimulationAPI.test_ObservationConfig.test_ZTF.TestZTF" name="test_ZTF_obs" file="test/test_SimulationAPI/test_ObservationConfig/test_ZTF.py" line="63" time="0.000" /><testcase classname="test.test_SimulationAPI.test_ObservationConfig.test_ZTF.TestZTF" name="test_kwargs_single_band" file="test/test_SimulationAPI/test_ObservationConfig/test_ZTF.py" line="82" time="0.000" /><testcase classname="test.test_SimulationAPI.test_data_api.TestDataAPI" name="test_data_class" file="test/test_SimulationAPI/test_data_api.py" line="62" time="0.001" /><testcase classname="test.test_SimulationAPI.test_data_api.TestDataAPI" name="test_psf_class" file="test/test_SimulationAPI/test_data_api.py" line="66" time="0.000" /><testcase classname="test.test_SimulationAPI.test_data_api.TestDataAPI" name="test_kwargs_data" file="test/test_SimulationAPI/test_data_api.py" line="72" time="0.001" /><testcase classname="test.test_SimulationAPI.test_data_api.TestRaise" name="test_raise" file="test/test_SimulationAPI/test_data_api.py" line="80" time="0.001" /><testcase classname="test.test_SimulationAPI.test_mag_amp_conversion.TestMagAmpConversion" name="test_magnitude2amplitude" file="test/test_SimulationAPI/test_mag_amp_conversion.py" line="19" time="0.001" /><testcase classname="test.test_SimulationAPI.test_model_api.TestModelAPI" name="test_lens_model_class" file="test/test_SimulationAPI/test_model_api.py" line="26" time="0.091" /><testcase classname="test.test_SimulationAPI.test_model_api.TestModelAPI" name="test_lens_light_model_class" file="test/test_SimulationAPI/test_model_api.py" line="36" time="0.091" /><testcase classname="test.test_SimulationAPI.test_model_api.TestModelAPI" name="test_source_model_class" file="test/test_SimulationAPI/test_model_api.py" line="40" time="0.091" /><testcase classname="test.test_SimulationAPI.test_model_api.TestModelAPI" name="test_point_source_model_class" file="test/test_SimulationAPI/test_model_api.py" line="44" time="0.091" /><testcase classname="test.test_SimulationAPI.test_model_api.TestModelAPI" name="test_source_position" file="test/test_SimulationAPI/test_model_api.py" line="48" time="0.091" /><testcase classname="test.test_SimulationAPI.test_model_api.TestModelAPI" name="test_physical2lensing_conversion" file="test/test_SimulationAPI/test_model_api.py" line="63" time="0.092" /><testcase classname="test.test_SimulationAPI.test_observation_api.TestInstrumentObservation" name="test_instrument" file="test/test_SimulationAPI/test_observation_api.py" line="15" time="0.000" /><testcase classname="test.test_SimulationAPI.test_observation_api.TestInstrumentObservation" name="test_observations" file="test/test_SimulationAPI/test_observation_api.py" line="28" time="0.000" /><testcase classname="test.test_SimulationAPI.test_observation_api.TestInstrumentObservation" name="test_update_observation" file="test/test_SimulationAPI/test_observation_api.py" line="53" time="0.000" /><testcase classname="test.test_SimulationAPI.test_observation_api.TestInstrumentObservation" name="test_psf_class" file="test/test_SimulationAPI/test_observation_api.py" line="84" time="0.000" /><testcase classname="test.test_SimulationAPI.test_observation_api.TestRaise" name="test_raise" file="test/test_SimulationAPI/test_observation_api.py" line="97" time="0.001" /><testcase classname="test.test_SimulationAPI.test_observation_api.TestData" name="test_sky_brightness" file="test/test_SimulationAPI/test_observation_api.py" line="187" time="0.000" /><testcase classname="test.test_SimulationAPI.test_observation_api.TestData" name="test_background_noise" file="test/test_SimulationAPI/test_observation_api.py" line="193" time="0.000" /><testcase classname="test.test_SimulationAPI.test_observation_api.TestData" name="test_flux_noise" file="test/test_SimulationAPI/test_observation_api.py" line="202" time="0.001" /><testcase classname="test.test_SimulationAPI.test_observation_api.TestData" name="test_noise_for_model" file="test/test_SimulationAPI/test_observation_api.py" line="210" time="0.001" /><testcase classname="test.test_SimulationAPI.test_observation_api.TestData" name="test_estimate_noise" file="test/test_SimulationAPI/test_observation_api.py" line="228" time="0.001" /><testcase classname="test.test_SimulationAPI.test_observation_api.TestData" name="test_magnitude2cps" file="test/test_SimulationAPI/test_observation_api.py" line="235" time="0.000" /><testcase classname="test.test_SimulationAPI.test_observation_api.TestData" name="test_flux_iid" file="test/test_SimulationAPI/test_observation_api.py" line="247" time="0.000" /><testcase classname="test.test_SimulationAPI.test_observation_api.TestData" name="test_psf_type" file="test/test_SimulationAPI/test_observation_api.py" line="258" time="0.000" /><testcase classname="test.test_SimulationAPI.test_observation_constructor.TestObservationConstructor" name="test_constructor" file="test/test_SimulationAPI/test_observation_constructor.py" line="6" time="0.001" /><testcase classname="test.test_SimulationAPI.test_point_source_variability.TestPointSourceVariability" name="test_image" file="test/test_SimulationAPI/test_point_source_variability.py" line="11" time="0.006" /><testcase classname="test.test_SimulationAPI.test_sim_api.TestModelAPI" name="test_image_model_class" file="test/test_SimulationAPI/test_sim_api.py" line="28" time="0.001" /><testcase classname="test.test_SimulationAPI.test_sim_api.TestModelAPI" name="test_magnitude2amplitude" file="test/test_SimulationAPI/test_sim_api.py" line="32" time="0.001" /><testcase classname="test.test_Util.test_COOLEST.test_coolest.TestCOOLESTinterface" name="test_load" file="test/test_Util/test_COOLEST/test_coolest.py" line="50" time="0.030" /><testcase classname="test.test_Util.test_COOLEST.test_coolest.TestCOOLESTinterface" name="test_update" file="test/test_Util/test_COOLEST/test_coolest.py" line="66" time="0.020" /><testcase classname="test.test_Util.test_COOLEST.test_coolest.TestCOOLESTinterface" name="test_full" file="test/test_Util/test_COOLEST/test_coolest.py" line="151" time="8.696" /><testcase classname="test.test_Util.test_COOLEST.test_coolest.TestCOOLESTinterface" name="test_pemd" file="test/test_Util/test_COOLEST/test_coolest.py" line="383" time="0.026" /><testcase classname="test.test_Util.test_COOLEST.test_coolest.TestCOOLESTinterface" name="test_pemd_via_epl" file="test/test_Util/test_COOLEST/test_coolest.py" line="624" time="0.003" /><testcase classname="test.test_Util.test_COOLEST.test_coolest.TestCOOLESTinterface" name="test_util_functions" file="test/test_Util/test_COOLEST/test_coolest.py" line="637" time="0.000" /><testcase classname="test.test_Util.test_COOLEST.test_coolest.TestRaise" name="test_raise" file="test/test_Util/test_COOLEST/test_coolest.py" line="655" time="0.013" /><testcase classname="test.test_Util.test_analysis_util.TestCorrelation" name="test_radial_profile" file="test/test_Util/test_analysis_util.py" line="16" time="0.001" /><testcase classname="test.test_Util.test_analysis_util.TestCorrelation" name="test_ellipticities" file="test/test_Util/test_analysis_util.py" line="25" time="0.003" /><testcase classname="test.test_Util.test_analysis_util.TestCorrelation" name="test_half_light_radius" file="test/test_Util/test_analysis_util.py" line="43" time="0.009" /><testcase classname="test.test_Util.test_analysis_util.TestCorrelation" name="test_bic_model" file="test/test_Util/test_analysis_util.py" line="51" time="0.001" /><testcase classname="test.test_Util.test_analysis_util.TestCorrelation" name="test_azimuthalAverage" file="test/test_Util/test_analysis_util.py" line="55" time="0.002" /><testcase classname="test.test_Util.test_analysis_util.TestCorrelation" name="test_profile_center" file="test/test_Util/test_analysis_util.py" line="86" time="0.000" /><testcase classname="test.test_Util.test_analysis_util.TestRaise" name="test_raise" file="test/test_Util/test_analysis_util.py" line="94" time="0.000" /><testcase classname="test.test_Util.test_class_creator.TestClassCreator" name="test_create_class_instances" file="test/test_Util/test_class_creator.py" line="96" time="0.271" /><testcase classname="test.test_Util.test_class_creator.TestClassCreator" name="test_create_image_model" file="test/test_Util/test_class_creator.py" line="198" time="0.091" /><testcase classname="test.test_Util.test_class_creator.TestClassCreator" name="test_create_im_sim" file="test/test_Util/test_class_creator.py" line="212" time="0.002" /><testcase classname="test.test_Util.test_class_creator.TestRaise" name="test_raise" file="test/test_Util/test_class_creator.py" line="257" time="0.012" /><testcase classname="test.test_Util.test_correlation.TestCorrelation" name="test_power_spectrum_2D" file="test/test_Util/test_correlation.py" line="15" time="0.001" /><testcase classname="test.test_Util.test_correlation.TestCorrelation" name="test_power_spectrum_1D" file="test/test_Util/test_correlation.py" line="22" time="0.002" /><testcase classname="test.test_Util.test_cosmo_util.TestCosmoUtil" name="test_get_cosmology" file="test/test_Util/test_cosmo_util.py" line="13" time="0.002" /><testcase classname="test.test_Util.test_data_util" name="test_absolute2apparent_magnitude" file="test/test_Util/test_data_util.py" line="6" time="0.000" /><testcase classname="test.test_Util.test_data_util" name="test_adu_electron_conversion" file="test/test_Util/test_data_util.py" line="15" time="0.000" /><testcase classname="test.test_Util.test_data_util" name="test_magnitude2cps" file="test/test_Util/test_data_util.py" line="23" time="0.000" /><testcase classname="test.test_Util.test_data_util" name="test_bkg_noise" file="test/test_Util/test_data_util.py" line="31" time="0.000" /><testcase classname="test.test_Util.test_data_util" name="test_flux_noise" file="test/test_Util/test_data_util.py" line="53" time="0.000" /><testcase classname="test.test_Util.test_data_util" name="test_magnitude2amplitude" file="test/test_Util/test_data_util.py" line="58" time="0.000" /><testcase classname="test.test_Util.test_derivative_util.TestCalcUtil" name="test_d_r_dx" file="test/test_Util/test_derivative_util.py" line="16" time="0.001" /><testcase classname="test.test_Util.test_derivative_util.TestCalcUtil" name="test_d_r_dy" file="test/test_Util/test_derivative_util.py" line="29" time="0.001" /><testcase classname="test.test_Util.test_derivative_util.TestCalcUtil" name="test_d_x_diffr_dx" file="test/test_Util/test_derivative_util.py" line="42" time="0.000" /><testcase classname="test.test_Util.test_derivative_util.TestCalcUtil" name="test_d_y_diffr_dx" file="test/test_Util/test_derivative_util.py" line="52" time="0.000" /><testcase classname="test.test_Util.test_derivative_util.TestCalcUtil" name="test_d_y_diffr_dy" file="test/test_Util/test_derivative_util.py" line="63" time="0.000" /><testcase classname="test.test_Util.test_derivative_util.TestCalcUtil" name="test_d_x_diffr_dy" file="test/test_Util/test_derivative_util.py" line="74" time="0.000" /><testcase classname="test.test_Util.test_derivative_util.TestCalcUtil" name="test_d_phi_dx" file="test/test_Util/test_derivative_util.py" line="85" time="0.001" /><testcase classname="test.test_Util.test_derivative_util.TestCalcUtil" name="test_d_phi_dxx" file="test/test_Util/test_derivative_util.py" line="99" time="0.001" /><testcase classname="test.test_Util.test_derivative_util.TestCalcUtil" name="test_d_r_dxx" file="test/test_Util/test_derivative_util.py" line="119" time="0.001" /><testcase classname="test.test_Util.test_image_util" name="test_add_layer2image_odd_odd" file="test/test_Util/test_image_util.py" line="10" time="0.001" /><testcase classname="test.test_Util.test_image_util" name="test_add_layer2image_int" file="test/test_Util/test_image_util.py" line="53" time="0.001" /><testcase classname="test.test_Util.test_image_util" name="test_add_background" file="test/test_Util/test_image_util.py" line="82" time="0.000" /><testcase classname="test.test_Util.test_image_util" name="test_add_poisson" file="test/test_Util/test_image_util.py" line="89" time="0.000" /><testcase classname="test.test_Util.test_image_util" name="test_findOverlap" file="test/test_Util/test_image_util.py" line="96" time="0.001" /><testcase classname="test.test_Util.test_image_util" name="test_coordInImage" file="test/test_Util/test_image_util.py" line="107" time="0.000" /><testcase classname="test.test_Util.test_image_util" name="test_rebin_coord_transform" file="test/test_Util/test_image_util.py" line="117" time="0.001" /><testcase classname="test.test_Util.test_image_util" name="test_rotateImage" file="test/test_Util/test_image_util.py" line="252" time="0.001" /><testcase classname="test.test_Util.test_image_util" name="test_shift_image" file="test/test_Util/test_image_util.py" line="282" time="0.001" /><testcase classname="test.test_Util.test_image_util" name="test_re_size_array" file="test/test_Util/test_image_util.py" line="306" time="0.001" /><testcase classname="test.test_Util.test_image_util" name="test_symmetry_average" file="test/test_Util/test_image_util.py" line="324" time="0.000" /><testcase classname="test.test_Util.test_image_util" name="test_cut_edges" file="test/test_Util/test_image_util.py" line="332" time="0.000" /><testcase classname="test.test_Util.test_image_util" name="test_re_size" file="test/test_Util/test_image_util.py" line="364" time="0.001" /><testcase classname="test.test_Util.test_image_util" name="test_stack_images" file="test/test_Util/test_image_util.py" line="373" time="0.000" /><testcase classname="test.test_Util.test_image_util" name="test_rebin_image" file="test/test_Util/test_image_util.py" line="390" time="0.001" /><testcase classname="test.test_Util.test_image_util" name="test_radial_profile" file="test/test_Util/test_image_util.py" line="440" time="0.001" /><testcase classname="test.test_Util.test_image_util" name="test_gradient_map" file="test/test_Util/test_image_util.py" line="452" time="0.001" /><testcase classname="test.test_Util.test_image_util.TestRaise" name="test_raise" file="test/test_Util/test_image_util.py" line="465" time="0.001" /><testcase classname="test.test_Util.test_kernel_util" name="test_fwhm_kernel" file="test/test_Util/test_kernel_util.py" line="13" time="0.001" /><testcase classname="test.test_Util.test_kernel_util" name="test_center_kernel" file="test/test_Util/test_kernel_util.py" line="25" time="0.003" /><testcase classname="test.test_Util.test_kernel_util" name="test_kernel_make_odd" file="test/test_Util/test_kernel_util.py" line="53" time="0.003" /><testcase classname="test.test_Util.test_kernel_util" name="test_pixelsize_change" file="test/test_Util/test_kernel_util.py" line="67" time="0.001" /><testcase classname="test.test_Util.test_kernel_util" name="test_cutout_source" file="test/test_Util/test_kernel_util.py" line="77" time="0.002" /><testcase classname="test.test_Util.test_kernel_util" name="test_cutout_source_border" file="test/test_Util/test_kernel_util.py" line="97" time="0.002" /><testcase classname="test.test_Util.test_kernel_util" name="test_cut_psf" file="test/test_Util/test_kernel_util.py" line="119" time="0.000" /><testcase classname="test.test_Util.test_kernel_util" name="test_de_shift" file="test/test_Util/test_kernel_util.py" line="125" time="0.013" /><testcase classname="test.test_Util.test_kernel_util" name="test_deshift_subgrid" file="test/test_Util/test_kernel_util.py" line="168" time="0.001" /><testcase classname="test.test_Util.test_kernel_util" name="test_shift_long_dist" file="test/test_Util/test_kernel_util.py" line="198" time="0.001" /><testcase classname="test.test_Util.test_kernel_util" name="test_pixel_kernel" file="test/test_Util/test_kernel_util.py" line="213" time="0.021" /><testcase classname="test.test_Util.test_kernel_util" name="test_split_kernel" file="test/test_Util/test_kernel_util.py" line="225" time="0.021" /><testcase classname="test.test_Util.test_kernel_util" name="test_cutout_source2" file="test/test_Util/test_kernel_util.py" line="277" time="0.000" /><testcase classname="test.test_Util.test_kernel_util" name="test_subgrid_kernel" file="test/test_Util/test_kernel_util.py" line="286" time="0.007" /><testcase classname="test.test_Util.test_kernel_util" name="test_subgrid_rebin" file="test/test_Util/test_kernel_util.py" line="306" time="0.008" /><testcase classname="test.test_Util.test_kernel_util" name="test_mge_kernel" file="test/test_Util/test_kernel_util.py" line="330" time="0.004" /><testcase classname="test.test_Util.test_kernel_util" name="test_kernel_average_pixel" file="test/test_Util/test_kernel_util.py" line="349" time="0.001" /><testcase classname="test.test_Util.test_kernel_util" name="test_averaging_even_kernel" file="test/test_Util/test_kernel_util.py" line="367" time="0.001" /><testcase classname="test.test_Util.test_kernel_util" name="test_degrade_kernel" file="test/test_Util/test_kernel_util.py" line="390" time="0.001" /><testcase classname="test.test_Util.test_kernel_util" name="test_match_kernel_sixe" file="test/test_Util/test_kernel_util.py" line="404" time="0.000" /><testcase classname="test.test_Util.test_kernel_util" name="test_kernel_moffat" file="test/test_Util/test_kernel_util.py" line="427" time="0.000" /><testcase classname="test.test_Util.test_kernel_util.TestRaise" name="test_raise" file="test/test_Util/test_kernel_util.py" line="435" time="0.001" /><testcase classname="test.test_Util.test_kin_sampling_util.TestKinSamplingUtil" name="test_rotation" file="test/test_Util/test_kin_sampling_util.py" line="65" time="0.001" /><testcase classname="test.test_Util.test_kin_sampling_util.TestKinSamplingUtil" name="test_samegrid" file="test/test_Util/test_kin_sampling_util.py" line="94" time="0.001" /><testcase classname="test.test_Util.test_kin_sampling_util.TestKinSamplingUtil" name="test_offset" file="test/test_Util/test_kin_sampling_util.py" line="103" time="0.001" /><testcase classname="test.test_Util.test_magnification_finite_util.TestMagnificationFiniteUtil" name="test_grid_resolution" file="test/test_Util/test_magnification_finite_util.py" line="12" time="0.000" /><testcase classname="test.test_Util.test_magnification_finite_util.TestMagnificationFiniteUtil" name="test_grid_size" file="test/test_Util/test_magnification_finite_util.py" line="21" time="0.000" /><testcase classname="test.test_Util.test_magnification_finite_util.TestMagnificationFiniteUtil" name="test_setup" file="test/test_Util/test_magnification_finite_util.py" line="27" time="0.000" /><testcase classname="test.test_Util.test_mask_util" name="test_get_mask" file="test/test_Util/test_mask_util.py" line="6" time="0.000" /><testcase classname="test.test_Util.test_mask_util" name="test_mask_half_moon" file="test/test_Util/test_mask_util.py" line="17" time="0.001" /><testcase classname="test.test_Util.test_mask_util" name="test_mask_ellipse" file="test/test_Util/test_mask_util.py" line="30" time="0.000" /><testcase classname="test.test_Util.test_mask_util" name="test_mask_eccentric" file="test/test_Util/test_mask_util.py" line="36" time="0.000" /><testcase classname="test.test_Util.test_mask_util" name="test_mask_shell" file="test/test_Util/test_mask_util.py" line="42" time="0.000" /><testcase classname="test.test_Util.test_multi_gauss_expansion.TestMGE" name="test_mge_1d_sersic" file="test/test_Util/test_multi_gauss_expansion.py" line="19" time="0.002" /><testcase classname="test.test_Util.test_multi_gauss_expansion.TestMGE" name="test_mge_sersic_radius" file="test/test_Util/test_multi_gauss_expansion.py" line="44" time="0.002" /><testcase classname="test.test_Util.test_multi_gauss_expansion.TestMGE" name="test_mge_sersic_n_sersic" file="test/test_Util/test_multi_gauss_expansion.py" line="63" time="0.002" /><testcase classname="test.test_Util.test_multi_gauss_expansion.TestMGE" name="test_hernquist" file="test/test_Util/test_multi_gauss_expansion.py" line="100" time="0.002" /><testcase classname="test.test_Util.test_multi_gauss_expansion.TestMGE" name="test_hernquist_deprojection" file="test/test_Util/test_multi_gauss_expansion.py" line="116" time="0.002" /><testcase classname="test.test_Util.test_multi_gauss_expansion.TestMGE" name="test_spemd" file="test/test_Util/test_multi_gauss_expansion.py" line="142" time="0.008" /><testcase classname="test.test_Util.test_multi_gauss_expansion.TestMGE" name="test_example" file="test/test_Util/test_multi_gauss_expansion.py" line="173" time="0.001" /><testcase classname="test.test_Util.test_multi_gauss_expansion.TestMGE" name="test_nfw_sersic" file="test/test_Util/test_multi_gauss_expansion.py" line="385" time="0.004" /><testcase classname="test.test_Util.test_package_util" name="test_short_and_laconic" file="test/test_Util/test_package_util.py" line="3" time="0.170" /><testcase classname="test.test_Util.test_param_util" name="test_cart2polar" file="test/test_Util/test_param_util.py" line="7" time="0.001" /><testcase classname="test.test_Util.test_param_util" name="test_polar2cart" file="test/test_Util/test_param_util.py" line="24" time="0.000" /><testcase classname="test.test_Util.test_param_util" name="test_phi_q2_ellipticity" file="test/test_Util/test_param_util.py" line="34" time="0.000" /><testcase classname="test.test_Util.test_param_util" name="test_ellipticity2phi_q" file="test/test_Util/test_param_util.py" line="56" time="0.000" /><testcase classname="test.test_Util.test_param_util" name="test_ellipticity2phi_q_symmetry" file="test/test_Util/test_param_util.py" line="70" time="0.000" /><testcase classname="test.test_Util.test_param_util" name="test_transform_e1e2" file="test/test_Util/test_param_util.py" line="99" time="0.000" /><testcase classname="test.test_Util.test_param_util" name="test_transform_e1e2_product_average_new" file="test/test_Util/test_param_util.py" line="114" time="0.001" /><testcase classname="test.test_Util.test_param_util" name="test_phi_gamma_ellipticity" file="test/test_Util/test_param_util.py" line="130" time="0.000" /><testcase classname="test.test_Util.test_param_util" name="test_phi_gamma_ellipticity_2" file="test/test_Util/test_param_util.py" line="139" time="0.000" /><testcase classname="test.test_Util.test_param_util" name="test_displace_eccentricity" file="test/test_Util/test_param_util.py" line="148" time="0.001" /><testcase classname="test.test_Util.test_param_util" name="test_transform_e1e2_square_average" file="test/test_Util/test_param_util.py" line="194" time="0.000" /><testcase classname="test.test_Util.test_param_util" name="test_elliptical_distortion_product_average" file="test/test_Util/test_param_util.py" line="206" time="0.001" /><testcase classname="test.test_Util.test_primary_beam_util" name="test_primary_beam_value_at_coords" file="test/test_Util/test_primary_beam_util.py" line="8" time="0.012" /><testcase classname="test.test_Util.test_prob_density.TestSkewGaussian" name="test_pdf" file="test/test_Util/test_prob_density.py" line="17" time="0.001" /><testcase classname="test.test_Util.test_prob_density.TestSkewGaussian" name="test_pdf_skew" file="test/test_Util/test_prob_density.py" line="26" time="0.001" /><testcase classname="test.test_Util.test_prob_density.TestKDE1D" name="test_likelihood" file="test/test_Util/test_prob_density.py" line="42" time="0.014" /><testcase classname="test.test_Util.test_prob_density" name="test_compute_lower_upper_errors" file="test/test_Util/test_prob_density.py" line="60" time="0.023" /><testcase classname="test.test_Util.test_prob_density.TestRaise" name="test_raise" file="test/test_Util/test_prob_density.py" line="91" time="0.001" /><testcase classname="test.test_Util.test_sampling_util" name="test_unit2uniform" file="test/test_Util/test_sampling_util.py" line="7" time="0.001" /><testcase classname="test.test_Util.test_sampling_util" name="test_uniform2unit" file="test/test_Util/test_sampling_util.py" line="14" time="0.000" /><testcase classname="test.test_Util.test_sampling_util" name="test_cube2args_uniform" file="test/test_Util/test_sampling_util.py" line="21" time="0.001" /><testcase classname="test.test_Util.test_sampling_util" name="test_cube2args_gaussian" file="test/test_Util/test_sampling_util.py" line="41" time="0.002" /><testcase classname="test.test_Util.test_sampling_util" name="test_scale_limits" file="test/test_Util/test_sampling_util.py" line="69" time="0.001" /><testcase classname="test.test_Util.test_sampling_util" name="test_sample_ball" file="test/test_Util/test_sampling_util.py" line="82" time="0.062" /><testcase classname="test.test_Util.test_sampling_util" name="test_sample_ball_truncated" file="test/test_Util/test_sampling_util.py" line="98" time="0.166" /><testcase classname="test.test_Util.test_sampling_util.TestRaise" name="test_raise" file="test/test_Util/test_sampling_util.py" line="119" time="0.001" /><testcase classname="test.test_Util.test_simulation_util.TestSimulation" name="test_data_configure_simple" file="test/test_Util/test_simulation_util.py" line="10" time="0.001" /><testcase classname="test.test_Util.test_util" name="test_isiterable" file="test/test_Util/test_util.py" line="10" time="0.000" /><testcase classname="test.test_Util.test_util" name="test_estimate_theta_E" file="test/test_Util/test_util.py" line="20" time="0.000" /><testcase classname="test.test_Util.test_util" name="test_sort_img_index" file="test/test_Util/test_util.py" line="28" time="0.001" /><testcase classname="test.test_Util.test_util" name="test_map_coord2pix" file="test/test_Util/test_util.py" line="45" time="0.000" /><testcase classname="test.test_Util.test_util" name="test_make_grid" file="test/test_Util/test_util.py" line="68" time="0.000" /><testcase classname="test.test_Util.test_util" name="test_make_grid_transform" file="test/test_Util/test_util.py" line="100" time="0.000" /><testcase classname="test.test_Util.test_util" name="test_grid_with_coords" file="test/test_Util/test_util.py" line="115" time="0.001" /><testcase classname="test.test_Util.test_util" name="test_centered_coordinate_system" file="test/test_Util/test_util.py" line="251" time="0.001" /><testcase classname="test.test_Util.test_util" name="test_array2image" file="test/test_Util/test_util.py" line="303" time="0.000" /><testcase classname="test.test_Util.test_util" name="test_image2array" file="test/test_Util/test_util.py" line="310" time="0.000" /><testcase classname="test.test_Util.test_util" name="test_image2array2image" file="test/test_Util/test_util.py" line="317" time="0.000" /><testcase classname="test.test_Util.test_util" name="test_array2cube" file="test/test_Util/test_util.py" line="326" time="0.000" /><testcase classname="test.test_Util.test_util" name="test_cube2array" file="test/test_Util/test_util.py" line="333" time="0.000" /><testcase classname="test.test_Util.test_util" name="test_cube2array2cube" file="test/test_Util/test_util.py" line="340" time="0.000" /><testcase classname="test.test_Util.test_util" name="test_get_axes" file="test/test_Util/test_util.py" line="351" time="0.000" /><testcase classname="test.test_Util.test_util" name="test_symmetry" file="test/test_Util/test_util.py" line="366" time="0.000" /><testcase classname="test.test_Util.test_util" name="test_displaceAbs" file="test/test_Util/test_util.py" line="373" time="0.000" /><testcase classname="test.test_Util.test_util" name="test_get_distance" file="test/test_Util/test_util.py" line="383" time="0.000" /><testcase classname="test.test_Util.test_util" name="test_selectBest" file="test/test_Util/test_util.py" line="413" time="0.000" /><testcase classname="test.test_Util.test_util" name="test_select_best" file="test/test_Util/test_util.py" line="429" time="0.000" /><testcase classname="test.test_Util.test_util" name="test_compare_distance" file="test/test_Util/test_util.py" line="446" time="0.000" /><testcase classname="test.test_Util.test_util" name="test_min_square_dist" file="test/test_Util/test_util.py" line="453" time="0.000" /><testcase classname="test.test_Util.test_util" name="test_neighbor_select_fast" file="test/test_Util/test_util.py" line="463" time="0.000" /><testcase classname="test.test_Util.test_util" name="test_neighborSelect" file="test/test_Util/test_util.py" line="474" time="0.007" /><testcase classname="test.test_Util.test_util" name="test_make_subgrid" file="test/test_Util/test_util.py" line="485" time="0.001" /><testcase classname="test.test_Util.test_util" name="test_fwhm2sigma" file="test/test_Util/test_util.py" line="499" time="0.000" /><testcase classname="test.test_Util.test_util" name="test_points_on_circle" file="test/test_Util/test_util.py" line="505" time="0.001" /><testcase classname="test.test_Util.test_util" name="test_convert_bool_list" file="test/test_Util/test_util.py" line="517" time="0.000" /><testcase classname="test.test_Util.test_util" name="test_area" file="test/test_Util/test_util.py" line="544" time="0.001" /><testcase classname="test.test_Util.test_util.TestRaise" name="test_raise" file="test/test_Util/test_util.py" line="553" time="0.001" /><testcase classname="test.test_Util.test_util.TestRaise" name="test_raise_make_grid" file="test/test_Util/test_util.py" line="578" time="0.000" /><testcase classname="test.test_Workflow.test_alignment_matching.TestAlignmentMatching" name="test_flux_calibration" file="test/test_Workflow/test_alignment_matching.py" line="110" time="0.512" /><testcase classname="test.test_Workflow.test_fitting_sequence.TestFittingSequence" name="test_simulationAPI_image" file="test/test_Workflow/test_fitting_sequence.py" line="263" time="0.003" /><testcase classname="test.test_Workflow.test_fitting_sequence.TestFittingSequence" name="test_simulationAPI_psf" file="test/test_Workflow/test_fitting_sequence.py" line="266" time="0.003" /><testcase classname="test.test_Workflow.test_fitting_sequence.TestFittingSequence" name="test_fitting_sequence" file="test/test_Workflow/test_fitting_sequence.py" line="271" time="0.127" /><testcase classname="test.test_Workflow.test_fitting_sequence.TestFittingSequence" name="test_cobaya" file="test/test_Workflow/test_fitting_sequence.py" line="385" time="0.006"><failure message="ModuleNotFoundError: No module named 'cobaya'">self = &lt;test.test_Workflow.test_fitting_sequence.TestFittingSequence object at 0x7ab315965030&gt;

    def test_cobaya(self):
        np.random.seed(42)
    
        # make a basic lens model to fit
        # data specifics
        sigma_bkg = 0.05  # background noise per pixel
        exp_time = 100  # exposure time (arbitrary units, flux per pixel is in units #photons/exp_time unit)
        numPix = 10  # cutout pixel size
        deltaPix = 0.05  # pixel size in arcsec (area per pixel = deltaPix**2)
        fwhm = 0.5  # full width half max of PSF
    
        # PSF specification
        kwargs_data = sim_util.data_configure_simple(
            numPix, deltaPix, exp_time, sigma_bkg
        )
        data_class = ImageData(**kwargs_data)
        kwargs_psf_gaussian = {
            "psf_type": "GAUSSIAN",
            "fwhm": fwhm,
            "pixel_size": deltaPix,
            "truncation": 3,
        }
        psf_gaussian = PSF(**kwargs_psf_gaussian)
    
        # make a lens
        lens_model_list = ["SIS"]
        kwargs_lens = [{"theta_E": 1.5, "center_x": 0.0, "center_y": 0.0}]
        lens_model_class = LensModel(lens_model_list=lens_model_list)
    
        # make a source
        source_model_list = ["SERSIC"]
        kwargs_source = [
            {
                "amp": 1.0,
                "R_sersic": 0.3,
                "n_sersic": 3.0,
                "center_x": 0.1,
                "center_y": 0.1,
            }
        ]
        source_model_class = LightModel(light_model_list=source_model_list)
    
        kwargs_numerics = {
            "supersampling_factor": 1,
            "supersampling_convolution": False,
        }
    
        imageModel = ImageModel(
            data_class,
            psf_gaussian,
            lens_model_class,
            source_model_class,
            kwargs_numerics=kwargs_numerics,
        )
        image_sim = sim_util.simulate_simple(imageModel, kwargs_lens, kwargs_source)
    
        data_class.update_data(image_sim)
    
        kwargs_data["image_data"] = image_sim
    
        kwargs_model = {
            "lens_model_list": lens_model_list,
            "source_light_model_list": source_model_list,
        }
    
        lens_fixed = [{"center_x": 0.0, "center_y": 0.0}]
        lens_sigma = [{"theta_E": 0.01, "center_x": 0.1, "center_y": 0.1}]
        lens_lower = [{"theta_E": 0.1, "center_x": -10, "center_y": -10}]
        lens_upper = [{"theta_E": 3.0, "center_x": 10, "center_y": 10}]
    
        source_fixed = [{}]
        source_sigma = [
            {"R_sersic": 0.01, "n_sersic": 0.01, "center_x": 0.01, "center_y": 0.01}
        ]
        source_lower = [
            {"R_sersic": 0.01, "n_sersic": 0.5, "center_x": -1, "center_y": -1}
        ]
        source_upper = [
            {"R_sersic": 1.0, "n_sersic": 6.0, "center_x": 1, "center_y": 1}
        ]
    
        lens_param = [kwargs_lens, lens_sigma, lens_fixed, lens_lower, lens_upper]
        source_param = [
            kwargs_source,
            source_sigma,
            source_fixed,
            source_lower,
            source_upper,
        ]
    
        kwargs_params = {"lens_model": lens_param, "source_model": source_param}
    
        kwargs_constraints = {}
    
        multi_band_list = [[kwargs_data, kwargs_psf_gaussian, kwargs_numerics]]
    
        kwargs_data_joint = {
            "multi_band_list": multi_band_list,
            "multi_band_type": "multi-linear",
        }
    
        kwargs_likelihood = {"source_marg": False}
    
        fittingSequence = FittingSequence(
            kwargs_data_joint,
            kwargs_model,
            kwargs_constraints,
            kwargs_likelihood,
            kwargs_params,
        )
    
        kwargs_cobaya = {
            "proposal_widths": [0.001, 0.001, 0.001, 0.001, 0.001],
            "Rminus1_stop": 100,  # does this need to be large? can we run in test mode?
            "force_overwrite": True,
        }
    
&gt;       chain_list = fittingSequence.fit_sequence([["Cobaya", kwargs_cobaya]])

test/test_Workflow/test_fitting_sequence.py:503: 
_ _ _ _ _ _ _ _ _ _ _ _ _ _ _ _ _ _ _ _ _ _ _ _ _ _ _ _ _ _ _ _ _ _ _ _ _ 
lenstronomy/Workflow/fitting_sequence.py:165: in fit_sequence
    updated_info, sampler_type, best_fit_values = sampler.run(**kwargs)
_ _ _ _ _ _ _ _ _ _ _ _ _ _ _ _ _ _ _ _ _ _ _ _ _ _ _ _ _ _ _ _ _ _ _ _ _ 

self = &lt;lenstronomy.Sampling.Samplers.cobaya_sampler.CobayaSampler object at 0x7ab32320c7c0&gt;
kwargs = {'Rminus1_stop': 100, 'force_overwrite': True, 'mpi': False, 'proposal_widths': [0.001, 0.001, 0.001, 0.001, 0.001]}
likelihood_for_cobaya = &lt;function CobayaSampler.run.&lt;locals&gt;.likelihood_for_cobaya at 0x7ab323329fc0&gt;
info = {'force': True, 'likelihood': {'lenstronomy_likelihood': {'external': &lt;function CobayaSampler.run.&lt;locals&gt;.likelihood_...oat64(0.5)}, 'proposal': 0.001, 'ref': {'dist': 'norm', 'loc': np.float64(3.0), 'scale': np.float64(0.01)}}, ...}, ...}
mcmc_kwargs = {'Rminus1_cl_level': 0.95, 'Rminus1_cl_stop': 0.2, 'Rminus1_single_split': 4, 'Rminus1_stop': 100, ...}

    def run(self, **kwargs):
        """
        :param kwargs: dictionary of keyword arguments for Cobaya. kwargs that can be passed are:
        'proposal_widths' (standard deviation of the Gaussian from which initial point is drawn, list or dict),
        'latex' (list of LaTeX lables for params),
        'path' (where products will be saved, string),
        'force_overwrite' (whether or not to overwite previous products with the same name, bool) and
        'mpi' (to run in MPI mode, bool).
        Furthermore, all the cobaya-native kwargs for the mcmc sampler listed in the docs are available: https://cobaya.readthedocs.io/en/latest/sampler_mcmc.html#options-and-defaults
        except 'drag' and 'blocking', since there is no obvious parameter speed hierarchy in a strong lensing likelihood.
        If none of these kwargs are passed, the default values/settings will be used.
        """
    
        sampled_params = self._param_names
    
        # add the priors to the sampled_params
        # currently a uniform prior is hardcoded for all params
        # cobaya allows any 1D continuous dist in scipy.stats; thinking how to implement this here
        sampled_params = {
            k: {
                "prior": {
                    "dist": "uniform",
                    "min": self._lower_limit[i],
                    "max": self._upper_limit[i],
                }
            }
            for k, i in zip(sampled_params, range(len(sampled_params)))
        }
    
        # add reference values to start chain close to expected best fit
        # this hardcodes a Gaussian and uses the sigma_kwargs passed by the user
        # again cobaya allows any 1D continous distribution; thinking how to implement this
        # tricky with current info internal in lenstronomy
        [
            sampled_params[k].update(
                {
                    "ref": {
                        "dist": "norm",
                        "loc": self._mean_start[i],
                        "scale": self._sigma_start[i],
                    }
                }
            )
            for k, i in zip(sampled_params.keys(), range(len(sampled_params)))
        ]
    
        # add proposal widths
        # first check if proposal_widths has been passed
        if "proposal_widths" not in kwargs:
            pass
        else:
            # check if what's been passed is dict
            if isinstance(kwargs["proposal_widths"], dict):
                # if yes, convert to list
                props = list(kwargs["proposal_widths"].values())
            elif isinstance(kwargs["proposal_widths"], list):
                # if no and it's a list, do nothing
                props = kwargs["proposal_widths"]
            else:
                # if no and not a list, raise TypeError
                raise TypeError(
                    "Proposal widths must be a list of floats or a dictionary of parameters and floats."
                )
            # check the right number of values are present
            if len(props) != len(sampled_params.keys()):
                # if not, raise ValueError
                raise ValueError(
                    "You must provide the same number of proposal widths as sampled parameters."
                )
            # update sampled_params dict with proposal widths
            [
                sampled_params[k].update({"proposal": props[i]})
                for k, i in zip(sampled_params.keys(), range(len(props)))
            ]
    
        # add LaTeX labels so lenstronomy kwarg names don't break getdist plotting
        # first check if the labels have been passed
        if "latex" not in kwargs:
            # if not, print a warning
            print(
                "No LaTeX labels provided: manually edit the updated.yaml file to avoid lenstronomy labels breaking GetDist."
            )
            pass
        else:
            latex = kwargs["latex"]
            # check the right number of labels are present
            if len(latex) != len(sampled_params.keys()):
                # if not, raise ValueError
                raise ValueError(
                    "You must provide the same number of labels as sampled parameters."
                )
            # update sampled_params dict with labels
            [
                sampled_params[k].update({"latex": latex[i]})
                for k, i in zip(sampled_params.keys(), range(len(latex)))
            ]
    
        def likelihood_for_cobaya(**kwargs):
            """We define a function to return the log-likelihood; this function is
            passed to Cobaya. The function must be nested within the run() function for
            it to work properly.
    
            :param kwargs: dictionary of keyword arguments
            """
            current_input_values = [kwargs[p] for p in sampled_params]
            logp = self._likelihood_module.likelihood(current_input_values)
            return logp
    
        # gather all the information to pass to cobaya, starting with the likelihood
        info = {
            "likelihood": {
                "lenstronomy_likelihood": {
                    "external": likelihood_for_cobaya,
                    "input_params": sampled_params,
                }
            }
        }
    
        # for the above, can we do an args2kwargs for the 'output_params' key?? might bypass plotting issue
    
        # parameter info
        info["params"] = sampled_params
    
        # get all the kwargs for the mcmc sampler in cobaya
        # if not present, passes a default value (most taken from cobaya docs)
        # note: parameter blocking and drag kwargs not provided because speed hierarchy not possible in strong lensing likelihoods
    
        mcmc_kwargs = {
            "burn_in": kwargs.get("burn_in", 0),
            "max_tries": kwargs.get("max_tries", 100 * self._num_params),
            "covmat": kwargs.get("covmat", None),
            "proposal_scale": kwargs.get("proposal_scale", 1),
            "output_every": kwargs.get("output_every", 500),
            "learn_every": kwargs.get("learn_every", 40 * self._num_params),
            "learn_proposal": kwargs.get("learn_proposal", True),
            "learn_proposal_Rminus1_max": kwargs.get("learn_proposal_Rminus1_max", 2),
            "learn_proposal_Rminus1_max_early": kwargs.get(
                "learn_proposal_Rminus1_max_early", 30
            ),
            "learn_proposal_Rminus1_min": kwargs.get("learn_proposal_Rminus1_min", 0),
            "max_samples": kwargs.get("max_samples", np.inf),
            "Rminus1_stop": kwargs.get("Rminus1_stop", 0.01),
            "Rminus1_cl_stop": kwargs.get("Rminus1_cl_stop", 0.2),
            "Rminus1_cl_level": kwargs.get("Rminus1_cl_level", 0.95),
            "Rminus1_single_split": kwargs.get("Rminus1_single_split", 4),
            "measure_speeds": kwargs.get("measure_speeds", True),
            "oversample_power": kwargs.get("oversample_power", 0.4),
            "oversample_thin": kwargs.get("oversample_thin", True),
        }
    
        if "drag" in kwargs:
            raise ValueError(
                "Parameter dragging not possible in a strong lensing likelihood."
            )
    
        # select mcmc as the sampler and pass the relevant kwargs
        info["sampler"] = {"mcmc": mcmc_kwargs}
    
        # where the chains and other files will be saved
        if "path" not in kwargs:
            info["output"] = None
        else:
            info["output"] = kwargs["path"]
    
        # whether or not to overwrite previous chains with the same name (bool)
        if "force_overwrite" not in kwargs:
            info["force"] = True
        else:
            info["force"] = kwargs["force_overwrite"]
    
        # check for mpi
        if "mpi" not in kwargs:
            kwargs["mpi"] = False
    
        # run the sampler
        # we wrap the call to crun to make sure any MPI exceptions are caught properly
        # this ensures the entire run will be terminated if any individual process breaks
&gt;       from cobaya.run import run as crun
E       ModuleNotFoundError: No module named 'cobaya'

lenstronomy/Sampling/Samplers/cobaya_sampler.py:222: ModuleNotFoundError</failure></testcase><testcase classname="test.test_Workflow.test_fitting_sequence.TestFittingSequence" name="test_zeus" file="test/test_Workflow/test_fitting_sequence.py" line="504" time="0.006"><failure message="ModuleNotFoundError: No module named 'zeus'">self = &lt;test.test_Workflow.test_fitting_sequence.TestFittingSequence object at 0x7ab315965330&gt;

    def test_zeus(self):
        np.random.seed(42)
        # we make a very basic lens+source model to feed to check zeus can be run through fitting sequence
        # we don't use the kwargs defined in setup() as those are modified during the tests; using unique kwargs here is safer
    
        # data specifics
        sigma_bkg = 0.05  # background noise per pixel
        exp_time = 100  # exposure time (arbitrary units, flux per pixel is in units #photons/exp_time unit)
        numPix = 10  # cutout pixel size
        deltaPix = 0.05  # pixel size in arcsec (area per pixel = deltaPix**2)
        fwhm = 0.5  # full width half max of PSF
    
        # PSF specification
    
        kwargs_data = sim_util.data_configure_simple(
            numPix, deltaPix, exp_time, sigma_bkg
        )
        data_class = ImageData(**kwargs_data)
        kwargs_psf_gaussian = {
            "psf_type": "GAUSSIAN",
            "fwhm": fwhm,
            "pixel_size": deltaPix,
            "truncation": 3,
        }
        psf_gaussian = PSF(**kwargs_psf_gaussian)
    
        # make a lens
        lens_model_list = ["EPL"]
        kwargs_epl = {
            "theta_E": 0.6,
            "gamma": 2.6,
            "center_x": 0.0,
            "center_y": 0.0,
            "e1": 0.1,
            "e2": 0.1,
        }
        kwargs_lens = [kwargs_epl]
        lens_model_class = LensModel(lens_model_list=lens_model_list)
    
        # make a source
        source_model_list = ["SERSIC_ELLIPSE"]
        kwargs_sersic_ellipse = {
            "amp": 1.0,
            "R_sersic": 0.6,
            "n_sersic": 3,
            "center_x": 0.0,
            "center_y": 0.0,
            "e1": 0.1,
            "e2": 0.1,
        }
        kwargs_source = [kwargs_sersic_ellipse]
        source_model_class = LightModel(light_model_list=source_model_list)
    
        kwargs_numerics = {
            "supersampling_factor": 1,
            "supersampling_convolution": False,
        }
    
        imageModel = ImageModel(
            data_class,
            psf_gaussian,
            lens_model_class,
            source_model_class,
            kwargs_numerics=kwargs_numerics,
        )
        image_sim = sim_util.simulate_simple(imageModel, kwargs_lens, kwargs_source)
    
        data_class.update_data(image_sim)
    
        kwargs_data["image_data"] = image_sim
    
        kwargs_model = {
            "lens_model_list": lens_model_list,
            "source_light_model_list": source_model_list,
        }
    
        lens_fixed = [{}]
        lens_sigma = [
            {
                "theta_E": 0.1,
                "gamma": 0.1,
                "e1": 0.1,
                "e2": 0.1,
                "center_x": 0.1,
                "center_y": 0.1,
            }
        ]
        lens_lower = [
            {
                "theta_E": 0.0,
                "gamma": 1.5,
                "center_x": -2,
                "center_y": -2,
                "e1": -0.4,
                "e2": -0.4,
            }
        ]
        lens_upper = [
            {
                "theta_E": 10.0,
                "gamma": 2.5,
                "center_x": 2,
                "center_y": 2,
                "e1": 0.4,
                "e2": 0.4,
            }
        ]
    
        source_fixed = [{}]
        source_sigma = [
            {
                "R_sersic": 0.05,
                "n_sersic": 0.5,
                "center_x": 0.1,
                "center_y": 0.1,
                "e1": 0.1,
                "e2": 0.1,
            }
        ]
        source_lower = [
            {
                "R_sersic": 0.01,
                "n_sersic": 0.5,
                "center_x": -2,
                "center_y": -2,
                "e1": -0.4,
                "e2": -0.4,
            }
        ]
        source_upper = [
            {
                "R_sersic": 10,
                "n_sersic": 5.5,
                "center_x": 2,
                "center_y": 2,
                "e1": 0.4,
                "e2": 0.4,
            }
        ]
    
        lens_param = [kwargs_lens, lens_sigma, lens_fixed, lens_lower, lens_upper]
        source_param = [
            kwargs_source,
            source_sigma,
            source_fixed,
            source_lower,
            source_upper,
        ]
    
        kwargs_params = {"lens_model": lens_param, "source_model": source_param}
    
        kwargs_constraints = {}
    
        multi_band_list = [[kwargs_data, kwargs_psf_gaussian, kwargs_numerics]]
    
        kwargs_data_joint = {
            "multi_band_list": multi_band_list,
            "multi_band_type": "multi-linear",
        }
    
        kwargs_likelihood = {"source_marg": False}
    
        fittingSequence = FittingSequence(
            kwargs_data_joint,
            kwargs_model,
            kwargs_constraints,
            kwargs_likelihood,
            kwargs_params,
        )
    
        fitting_list = []
    
        kwargs_zeus = {
            "n_burn": 2,
            "n_run": 2,
            "walkerRatio": 4,
            "backend_filename": "test_mcmc_zeus.h5",
        }
    
        fitting_list.append(["zeus", kwargs_zeus])
    
&gt;       chain_list = fittingSequence.fit_sequence(fitting_list)

test/test_Workflow/test_fitting_sequence.py:686: 
_ _ _ _ _ _ _ _ _ _ _ _ _ _ _ _ _ _ _ _ _ _ _ _ _ _ _ _ _ _ _ _ _ _ _ _ _ 
lenstronomy/Workflow/fitting_sequence.py:150: in fit_sequence
    mcmc_output = self.mcmc(**kwargs, sampler_type=fitting_type)
lenstronomy/Workflow/fitting_sequence.py:367: in mcmc
    samples, dist = mcmc_class.mcmc_zeus(
_ _ _ _ _ _ _ _ _ _ _ _ _ _ _ _ _ _ _ _ _ _ _ _ _ _ _ _ _ _ _ _ _ _ _ _ _ 

self = &lt;lenstronomy.Sampling.sampler.Sampler object at 0x7ab3231ea980&gt;
n_walkers = 48, n_run = 2, n_burn = 2
mean_start = array([0.6, 2.6, 0.1, 0.1, 0. , 0. , 0.6, 3. , 0.1, 0.1, 0. , 0. ])
sigma_start = array([0.1 , 0.1 , 0.1 , 0.1 , 0.1 , 0.1 , 0.05, 0.5 , 0.1 , 0.1 , 0.1 ,
       0.1 ])
mpi = False, threadCount = 1, progress = True, initpos = None
backend_filename = 'test_mcmc_zeus.h5', kwargs_zeus = {}

    def mcmc_zeus(
        self,
        n_walkers,
        n_run,
        n_burn,
        mean_start,
        sigma_start,
        mpi=False,
        threadCount=1,
        progress=False,
        initpos=None,
        backend_filename=None,
        **kwargs_zeus
    ):
        """
        Lightning fast MCMC with zeus: https://github.com/minaskar/zeus
    
        For the full list of arguments for the EnsembleSampler and callbacks, see see `the zeus docs &lt;https://zeus-mcmc.readthedocs.io/en/latest/api/sampler.html&gt;`_.
    
        If you use the zeus sampler, you should cite the following papers: 2105.03468, 2002.06212.
    
        :param n_walkers: number of walkers per parameter
        :type n_walkers: integer
        :param n_run: number of sampling steps
        :type n_run: integer
        :param n_burn: number of burn-in steps
        :type n_burn: integer
        :param mean_start: mean of the parameter position of the initialising sample
        :type mean_start: numpy array of length the number of parameters
        :param sigma_start: spread of the parameter values (uncorrelated in each dimension) of the initialising sample
        :type sigma_start: numpy array of length the number of parameters
        :param mpi: if True, initializes an MPIPool to allow for MPI execution of the sampler
        :type mpi: bool
        :param progress:
        :type progress: bool
        :param initpos: initial walker position to start sampling (optional)
        :type initpos: numpy array of size num param x num walkser
        :param backend_filename: name of the HDF5 file where sampling state is saved (through zeus callback function)
        :type backend_filename: string
        :return: samples, ln likelihood value of samples
        :rtype: numpy 2d array, numpy 1d array
        """
&gt;       import zeus
E       ModuleNotFoundError: No module named 'zeus'

lenstronomy/Sampling/sampler.py:283: ModuleNotFoundError</failure></testcase><testcase classname="test.test_Workflow.test_fitting_sequence.TestFittingSequence" name="test_multinest" file="test/test_Workflow/test_fitting_sequence.py" line="687" time="0.006" /><testcase classname="test.test_Workflow.test_fitting_sequence.TestFittingSequence" name="test_dynesty" file="test/test_Workflow/test_fitting_sequence.py" line="748" time="12.561" /><testcase classname="test.test_Workflow.test_fitting_sequence.TestFittingSequence" name="test_nautilus" file="test/test_Workflow/test_fitting_sequence.py" line="775" time="0.006"><failure message="AttributeError: 'NautilusSampler' object has no attribute '_nautilus'">self = &lt;test.test_Workflow.test_fitting_sequence.TestFittingSequence object at 0x7ab31593bfa0&gt;

    def test_nautilus(self):
        np.random.seed(42)
        kwargs_params = copy.deepcopy(self.kwargs_params)
        fittingSequence = FittingSequence(
            self.kwargs_data_joint,
            self.kwargs_model,
            self.kwargs_constraints,
            self.kwargs_likelihood,
            kwargs_params,
        )
    
        fitting_list = []
        kwargs_nautilus = {
            "prior_type": "uniform",
            "verbose": True,
            "f_live": 1.0,
            "n_eff": 0.0,
            "n_live": 2,
            "seed": 42,
        }
    
        fitting_list.append(["Nautilus", kwargs_nautilus])
&gt;       chain_list = fittingSequence.fit_sequence(fitting_list)

test/test_Workflow/test_fitting_sequence.py:798: 
_ _ _ _ _ _ _ _ _ _ _ _ _ _ _ _ _ _ _ _ _ _ _ _ _ _ _ _ _ _ _ _ _ _ _ _ _ 
lenstronomy/Workflow/fitting_sequence.py:191: in fit_sequence
    nautilus = NautilusSampler(
_ _ _ _ _ _ _ _ _ _ _ _ _ _ _ _ _ _ _ _ _ _ _ _ _ _ _ _ _ _ _ _ _ _ _ _ _ 

self = &lt;lenstronomy.Sampling.Samplers.nautilus_sampler.NautilusSampler object at 0x7ab2381e7400&gt;
likelihood_module = &lt;lenstronomy.Sampling.likelihood.LikelihoodModule object at 0x7ab2381e6d10&gt;
prior_type = 'uniform', prior_means = None, prior_sigmas = None
width_scale = 1, sigma_scale = 1, mpi = False
kwargs = {'f_live': 1.0, 'n_eff': 0.0, 'n_live': 2, 'seed': 42, ...}

    def __init__(
        self,
        likelihood_module,
        prior_type="uniform",
        prior_means=None,
        prior_sigmas=None,
        width_scale=1,
        sigma_scale=1,
        mpi=False,
        **kwargs
    ):
        """
        :param likelihood_module: likelihood_module like in likelihood.py (should be callable)
        :param prior_type: 'uniform' of 'gaussian', for converting the unit hypercube to param cube
        :param prior_means: if prior_type is 'gaussian', mean for each param
        :param prior_sigmas: if prior_type is 'gaussian', std dev for each param
        :param width_scale: scale the widths of the parameters space by this factor
        :param sigma_scale: if prior_type is 'gaussian', scale the gaussian sigma by this factor
        :param mpi: Use MPI computing if `True`
        :param kwargs: kwargs directly passed to Sampler
        """
        self._check_install()
        super(NautilusSampler, self).__init__(
            likelihood_module,
            prior_type,
            prior_means,
            prior_sigmas,
            width_scale,
            sigma_scale,
        )
    
        if mpi:
            from schwimmbad import MPIPool
            import sys
    
            # use_dill=True not supported for some versions of schwimmbad
            pool = MPIPool(use_dill=True)
            if not pool.is_master():
                pool.wait()
                sys.exit(0)
            kwargs["pool"] = pool
    
&gt;       keys = [p.name for p in signature(self._nautilus.Sampler).parameters.values()]
E       AttributeError: 'NautilusSampler' object has no attribute '_nautilus'

lenstronomy/Sampling/Samplers/nautilus_sampler.py:59: AttributeError</failure></testcase><testcase classname="test.test_Workflow.test_fitting_sequence.TestFittingSequence" name="test_dypolychord" file="test/test_Workflow/test_fitting_sequence.py" line="799" time="0.008" /><testcase classname="test.test_Workflow.test_fitting_sequence.TestFittingSequence" name="test_minimizer" file="test/test_Workflow/test_fitting_sequence.py" line="828" time="0.018" /><testcase classname="test.test_Workflow.test_flux_calibration.TestImageCalibration" name="test_flux_calibration" file="test/test_Workflow/test_flux_calibration.py" line="98" time="0.910" /><testcase classname="test.test_Workflow.test_multiband_update_manager.TestUpdateManager" name="test_none_mamager" file="test/test_Workflow/test_multiband_update_manager.py" line="45" time="0.001" /><testcase classname="test.test_Workflow.test_multiband_update_manager.TestUpdateManager" name="test_keep_frame_fixed" file="test/test_Workflow/test_multiband_update_manager.py" line="56" time="0.000" /><testcase classname="test.test_Workflow.test_multiband_update_manager.TestUpdateManager" name="test_fix_not_computed" file="test/test_Workflow/test_multiband_update_manager.py" line="66" time="0.000" /><testcase classname="test.test_Workflow.test_psf_fitting.TestPSFIteration" name="test_update_psf" file="test/test_Workflow/test_psf_fitting.py" line="149" time="0.048" /><testcase classname="test.test_Workflow.test_psf_fitting.TestPSFIteration" name="test_calc_corner_mask" file="test/test_Workflow/test_psf_fitting.py" line="218" time="0.022" /><testcase classname="test.test_Workflow.test_psf_fitting.TestPSFIteration" name="test_combine_psf_corner" file="test/test_Workflow/test_psf_fitting.py" line="229" time="0.057" /><testcase classname="test.test_Workflow.test_psf_fitting.TestPSFIteration" name="test_update_iterative" file="test/test_Workflow/test_psf_fitting.py" line="264" time="0.293" /><testcase classname="test.test_Workflow.test_psf_fitting.TestPSFIteration" name="test_mask_point_source" file="test/test_Workflow/test_psf_fitting.py" line="317" time="0.016" /><testcase classname="test.test_Workflow.test_psf_fitting.TestPSFIterationOld" name="test_update_psf" file="test/test_Workflow/test_psf_fitting.py" line="463" time="0.070" /><testcase classname="test.test_Workflow.test_psf_fitting.TestPSFIterationOld" name="test_update_iterative" file="test/test_Workflow/test_psf_fitting.py" line="494" time="0.423" /><testcase classname="test.test_Workflow.test_tracer_model_fit.TestTracerModelFit" name="test_run_fit" file="test/test_Workflow/test_tracer_model_fit.py" line="417" time="0.215" /><testcase classname="test.test_Workflow.test_update_manager.TestUpdateManager" name="test_none_mamager" file="test/test_Workflow/test_update_manager.py" line="42" time="0.001" /><testcase classname="test.test_Workflow.test_update_manager.TestUpdateManager" name="test_init_kwargs" file="test/test_Workflow/test_update_manager.py" line="53" time="0.000" /><testcase classname="test.test_Workflow.test_update_manager.TestUpdateManager" name="test_sigma_kwargs" file="test/test_Workflow/test_update_manager.py" line="57" time="0.000" /><testcase classname="test.test_Workflow.test_update_manager.TestUpdateManager" name="test_update_kwargs_model" file="test/test_Workflow/test_update_manager.py" line="61" time="0.001" /><testcase classname="test.test_Workflow.test_update_manager.TestUpdateManager" name="test_update_parameter_state" file="test/test_Workflow/test_update_manager.py" line="111" time="0.001" /><testcase classname="test.test_Workflow.test_update_manager.TestUpdateManager" name="test_update_param_value" file="test/test_Workflow/test_update_manager.py" line="121" time="0.000" /><testcase classname="test.test_Workflow.test_update_manager.TestUpdateManager" name="test_param_class" file="test/test_Workflow/test_update_manager.py" line="126" time="0.001" /><testcase classname="test.test_Workflow.test_update_manager.TestUpdateManager" name="test_best_fit" file="test/test_Workflow/test_update_manager.py" line="131" time="0.000" /><testcase classname="test.test_Workflow.test_update_manager.TestUpdateManager" name="test_update_options" file="test/test_Workflow/test_update_manager.py" line="135" time="0.000" /><testcase classname="test.test_Workflow.test_update_manager.TestUpdateManager" name="test_update_limits" file="test/test_Workflow/test_update_manager.py" line="150" time="0.000" /><testcase classname="test.test_Workflow.test_update_manager.TestUpdateManager" name="test_update_sigmas" file="test/test_Workflow/test_update_manager.py" line="163" time="0.000" /><testcase classname="test.test_Workflow.test_update_manager.TestUpdateManager" name="test_update_fixed" file="test/test_Workflow/test_update_manager.py" line="176" time="0.001" /><testcase classname="test.test_Workflow.test_update_manager.TestUpdateManager" name="test_update_logsampling" file="test/test_Workflow/test_update_manager.py" line="199" time="0.001" /><testcase classname="test.test_Workflow.test_update_manager.TestUpdateManager" name="test_fix_image_parameters" file="test/test_Workflow/test_update_manager.py" line="207" time="0.000" /><testcase classname="test.test_Workflow.test_update_manager.TestUpdateManager" name="test_check_initial_state" file="test/test_Workflow/test_update_manager.py" line="211" time="0.001" /></testsuite></testsuites>